###############################################################################
#
# IAR ELF Linker V8.40.2.214/W32 for ARM                  22/Jun/2023  11:50:39
# Copyright 2007-2019 IAR Systems AB.
#
#    Output file  =
#        D:\Project_STM32\Saoviet_Container\EWARM\GSM_Container\Exe\GSM_Container.out
#    Map file     =
#        D:\Project_STM32\Saoviet_Container\EWARM\GSM_Container\List\GSM_Container.map
#    Command line =
#        -f C:\Users\PC\AppData\Local\Temp\EW8FF.tmp
#        (D:\Project_STM32\Saoviet_Container\EWARM\GSM_Container\Obj\adc.o
#        D:\Project_STM32\Saoviet_Container\EWARM\GSM_Container\Obj\cat24mxx.o
#        D:\Project_STM32\Saoviet_Container\EWARM\GSM_Container\Obj\event_driven.o
#        D:\Project_STM32\Saoviet_Container\EWARM\GSM_Container\Obj\gpio.o
#        D:\Project_STM32\Saoviet_Container\EWARM\GSM_Container\Obj\i2c.o
#        D:\Project_STM32\Saoviet_Container\EWARM\GSM_Container\Obj\main.o
#        D:\Project_STM32\Saoviet_Container\EWARM\GSM_Container\Obj\MQTTConnectClient.o
#        D:\Project_STM32\Saoviet_Container\EWARM\GSM_Container\Obj\MQTTConnectServer.o
#        D:\Project_STM32\Saoviet_Container\EWARM\GSM_Container\Obj\MQTTDeserializePublish.o
#        D:\Project_STM32\Saoviet_Container\EWARM\GSM_Container\Obj\MQTTFormat.o
#        D:\Project_STM32\Saoviet_Container\EWARM\GSM_Container\Obj\MQTTPacket.o
#        D:\Project_STM32\Saoviet_Container\EWARM\GSM_Container\Obj\MQTTSerializePublish.o
#        D:\Project_STM32\Saoviet_Container\EWARM\GSM_Container\Obj\MQTTSubscribeClient.o
#        D:\Project_STM32\Saoviet_Container\EWARM\GSM_Container\Obj\MQTTSubscribeServer.o
#        D:\Project_STM32\Saoviet_Container\EWARM\GSM_Container\Obj\MQTTUnsubscribeClient.o
#        D:\Project_STM32\Saoviet_Container\EWARM\GSM_Container\Obj\MQTTUnsubscribeServer.o
#        D:\Project_STM32\Saoviet_Container\EWARM\GSM_Container\Obj\onchipflash.o
#        D:\Project_STM32\Saoviet_Container\EWARM\GSM_Container\Obj\queue_p.o
#        D:\Project_STM32\Saoviet_Container\EWARM\GSM_Container\Obj\rtc.o
#        D:\Project_STM32\Saoviet_Container\EWARM\GSM_Container\Obj\S25FL216K.o
#        D:\Project_STM32\Saoviet_Container\EWARM\GSM_Container\Obj\spi.o
#        D:\Project_STM32\Saoviet_Container\EWARM\GSM_Container\Obj\startup_stm32l151xc.o
#        D:\Project_STM32\Saoviet_Container\EWARM\GSM_Container\Obj\stm32l1xx_hal.o
#        D:\Project_STM32\Saoviet_Container\EWARM\GSM_Container\Obj\stm32l1xx_hal_adc.o
#        D:\Project_STM32\Saoviet_Container\EWARM\GSM_Container\Obj\stm32l1xx_hal_adc_ex.o
#        D:\Project_STM32\Saoviet_Container\EWARM\GSM_Container\Obj\stm32l1xx_hal_cortex.o
#        D:\Project_STM32\Saoviet_Container\EWARM\GSM_Container\Obj\stm32l1xx_hal_dma.o
#        D:\Project_STM32\Saoviet_Container\EWARM\GSM_Container\Obj\stm32l1xx_hal_exti.o
#        D:\Project_STM32\Saoviet_Container\EWARM\GSM_Container\Obj\stm32l1xx_hal_flash.o
#        D:\Project_STM32\Saoviet_Container\EWARM\GSM_Container\Obj\stm32l1xx_hal_flash_ex.o
#        D:\Project_STM32\Saoviet_Container\EWARM\GSM_Container\Obj\stm32l1xx_hal_flash_ramfunc.o
#        D:\Project_STM32\Saoviet_Container\EWARM\GSM_Container\Obj\stm32l1xx_hal_gpio.o
#        D:\Project_STM32\Saoviet_Container\EWARM\GSM_Container\Obj\stm32l1xx_hal_i2c.o
#        D:\Project_STM32\Saoviet_Container\EWARM\GSM_Container\Obj\stm32l1xx_hal_msp.o
#        D:\Project_STM32\Saoviet_Container\EWARM\GSM_Container\Obj\stm32l1xx_hal_pwr.o
#        D:\Project_STM32\Saoviet_Container\EWARM\GSM_Container\Obj\stm32l1xx_hal_pwr_ex.o
#        D:\Project_STM32\Saoviet_Container\EWARM\GSM_Container\Obj\stm32l1xx_hal_rcc.o
#        D:\Project_STM32\Saoviet_Container\EWARM\GSM_Container\Obj\stm32l1xx_hal_rcc_ex.o
#        D:\Project_STM32\Saoviet_Container\EWARM\GSM_Container\Obj\stm32l1xx_hal_rtc.o
#        D:\Project_STM32\Saoviet_Container\EWARM\GSM_Container\Obj\stm32l1xx_hal_rtc_ex.o
#        D:\Project_STM32\Saoviet_Container\EWARM\GSM_Container\Obj\stm32l1xx_hal_spi.o
#        D:\Project_STM32\Saoviet_Container\EWARM\GSM_Container\Obj\stm32l1xx_hal_tim.o
#        D:\Project_STM32\Saoviet_Container\EWARM\GSM_Container\Obj\stm32l1xx_hal_tim_ex.o
#        D:\Project_STM32\Saoviet_Container\EWARM\GSM_Container\Obj\stm32l1xx_hal_uart.o
#        D:\Project_STM32\Saoviet_Container\EWARM\GSM_Container\Obj\stm32l1xx_it.o
#        D:\Project_STM32\Saoviet_Container\EWARM\GSM_Container\Obj\system_stm32l1xx.o
#        D:\Project_STM32\Saoviet_Container\EWARM\GSM_Container\Obj\usart.o
#        D:\Project_STM32\Saoviet_Container\EWARM\GSM_Container\Obj\user_adc.o
#        D:\Project_STM32\Saoviet_Container\EWARM\GSM_Container\Obj\user_app_comm.o
#        D:\Project_STM32\Saoviet_Container\EWARM\GSM_Container\Obj\user_app_inverter.o
#        D:\Project_STM32\Saoviet_Container\EWARM\GSM_Container\Obj\user_app_mem.o
#        D:\Project_STM32\Saoviet_Container\EWARM\GSM_Container\Obj\user_app_sim.o
#        D:\Project_STM32\Saoviet_Container\EWARM\GSM_Container\Obj\user_at_serial.o
#        D:\Project_STM32\Saoviet_Container\EWARM\GSM_Container\Obj\user_ec200u.o
#        D:\Project_STM32\Saoviet_Container\EWARM\GSM_Container\Obj\user_external_eeprom.o
#        D:\Project_STM32\Saoviet_Container\EWARM\GSM_Container\Obj\user_external_flash.o
#        D:\Project_STM32\Saoviet_Container\EWARM\GSM_Container\Obj\user_internal_mem.o
#        D:\Project_STM32\Saoviet_Container\EWARM\GSM_Container\Obj\user_log.o
#        D:\Project_STM32\Saoviet_Container\EWARM\GSM_Container\Obj\user_lpm.o
#        D:\Project_STM32\Saoviet_Container\EWARM\GSM_Container\Obj\user_modbus_rtu.o
#        D:\Project_STM32\Saoviet_Container\EWARM\GSM_Container\Obj\user_modem.o
#        D:\Project_STM32\Saoviet_Container\EWARM\GSM_Container\Obj\user_modem_init.o
#        D:\Project_STM32\Saoviet_Container\EWARM\GSM_Container\Obj\user_mqtt.o
#        D:\Project_STM32\Saoviet_Container\EWARM\GSM_Container\Obj\user_obis_sv.o
#        D:\Project_STM32\Saoviet_Container\EWARM\GSM_Container\Obj\user_rtc.o
#        D:\Project_STM32\Saoviet_Container\EWARM\GSM_Container\Obj\user_sim.o
#        D:\Project_STM32\Saoviet_Container\EWARM\GSM_Container\Obj\user_sim_common.o
#        D:\Project_STM32\Saoviet_Container\EWARM\GSM_Container\Obj\user_string.o
#        D:\Project_STM32\Saoviet_Container\EWARM\GSM_Container\Obj\user_time.o
#        D:\Project_STM32\Saoviet_Container\EWARM\GSM_Container\Obj\user_timer.o
#        D:\Project_STM32\Saoviet_Container\EWARM\GSM_Container\Obj\user_uart.o
#        D:\Project_STM32\Saoviet_Container\EWARM\GSM_Container\Obj\user_util.o
#        --no_out_extension -o
#        D:\Project_STM32\Saoviet_Container\EWARM\GSM_Container\Exe\GSM_Container.out
#        --redirect _Printf=_PrintfFullNoMb --redirect _Scanf=_ScanfFullNoMb
#        --map
#        D:\Project_STM32\Saoviet_Container\EWARM\GSM_Container\List\GSM_Container.map
#        --config
#        D:\Project_STM32\Saoviet_Container\EWARM/stm32l151xc_flash.icf
#        --semihosting --entry __iar_program_start --vfe --text_out locale)
#
###############################################################################

*******************************************************************************
*** RUNTIME MODEL ATTRIBUTES
***

CppFlavor       = *
__SystemLibrary = DLib
__dlib_version  = 6


*******************************************************************************
*** HEAP SELECTION
***

The basic heap was selected because no calls to memory allocation
functions were found in the application outside of system library
functions, and there are calls to deallocation functions in the
application.


*******************************************************************************
*** PLACEMENT SUMMARY
***

"A0":  place at address 0x800'0000 { ro section .intvec };
"P1":  place in [from 0x800'0000 to 0x803'ffff] { ro };
define block CSTACK with size = 1K, alignment = 8 { };
define block HEAP with size = 512, alignment = 8 { };
"P2":  place in [from 0x2000'0000 to 0x2000'7fff] {
          rw, block CSTACK, block HEAP };
initialize by copy { rw };

  Section            Kind         Address      Size  Object
  -------            ----         -------      ----  ------
"A0":                                         0x124
  .intvec            ro code   0x800'0000     0x124  startup_stm32l151xc.o [1]
                             - 0x800'0124     0x124

"P1":                                      0x1'4352
  .text              ro code   0x800'0124    0x1814  user_at_serial.o [1]
  .text              ro code   0x800'1938     0x204  user_modem.o [1]
  .text              ro code   0x800'1b3c     0x570  user_util.o [1]
  .text              ro code   0x800'20ac     0x1ac  user_modem_init.o [1]
  .text              ro code   0x800'2258    0x1368  user_sim.o [1]
  .text              ro code   0x800'35c0      0x14  memset.o [4]
  .text              ro code   0x800'35d4      0x54  event_driven.o [1]
  .text              ro code   0x800'3628     0x498  user_app_comm.o [1]
  .text              ro code   0x800'3ac0      0xa6  ABImemcpy.o [4]
  .text              ro code   0x800'3b66      0x3a  zero_init3.o [4]
  .text              ro code   0x800'3ba0     0x29c  user_time.o [1]
  .text              ro code   0x800'3e3c     0x740  stm32l1xx_hal_rtc.o [1]
  .text              ro code   0x800'457c     0x314  user_string.o [1]
  .text              ro code   0x800'4890     0xe3c  user_app_mem.o [1]
  .text              ro code   0x800'56cc     0xd80  user_app_inverter.o [1]
  .text              ro code   0x800'644c     0x37c  stm32l1xx_hal_gpio.o [1]
  .text              ro code   0x800'67c8     0x7f8  stm32l1xx_hal_uart.o [1]
  .text              ro code   0x800'6fc0       0x2  user_adc.o [1]
  .rodata            const     0x800'6fc2       0x2  user_ec200u.o [1]
  .text              ro code   0x800'6fc4     0x534  stm32l1xx_hal_adc.o [1]
  .text              ro code   0x800'74f8     0x114  user_uart.o [1]
  .text              ro code   0x800'760c     0x268  usart.o [1]
  .text              ro code   0x800'7874      0x66  ABImemset.o [4]
  .rodata            const     0x800'78da       0x2  user_ec200u.o [1]
  .text              ro code   0x800'78dc     0x230  I64DivMod.o [4]
  .text              ro code   0x800'7b0c      0x36  strlen.o [4]
  .text              ro code   0x800'7b44     0x2d0  user_internal_mem.o [1]
  .text              ro code   0x800'7e14     0x1d0  onchipflash.o [1]
  .text              ro code   0x800'7fe4     0x3c4  user_timer.o [1]
  .text              ro code   0x800'83a8     0xc40  user_ec200u.o [1]
  .text              ro code   0x800'8fe8     0x7c4  user_sim_common.o [1]
  .text              ro code   0x800'97ac     0x1b8  queue_p.o [1]
  .text              ro code   0x800'9964       0xc  stm32l1xx_hal.o [1]
  .text              ro code   0x800'9970     0xbbc  user_external_flash.o [1]
  .text              ro code   0x800'a52c     0xa80  user_app_sim.o [1]
  .text              ro code   0x800'afac     0x184  user_lpm.o [1]
  .text              ro code   0x800'b130      0x28  stm32l1xx_hal.o [1]
  .text              ro code   0x800'b158      0x2c  rtc.o [1]
  .text              ro code   0x800'b184     0x3a8  user_rtc.o [1]
  .text              ro code   0x800'b52c       0x2  stm32l1xx_hal_rtc_ex.o [1]
  .text              ro code   0x800'b530     0x3ac  user_external_eeprom.o [1]
  .text              ro code   0x800'b8dc      0xbc  spi.o [1]
  .text              ro code   0x800'b998      0xd8  user_modbus_rtu.o [1]
  .text              ro code   0x800'ba70      0xb2  stm32l1xx_hal_dma.o [1]
  .text              ro code   0x800'bb22       0x2  stm32l1xx_hal_uart.o [1]
  .text              ro code   0x800'bb24       0x2  stm32l1xx_hal_uart.o [1]
  .text              ro code   0x800'bb26       0x2  stm32l1xx_hal_uart.o [1]
  .text              ro code   0x800'bb28     0x86c  stm32l1xx_hal_rcc.o [1]
  .text              ro code   0x800'c394     0x1a4  adc.o [1]
  .text              ro code   0x800'c538      0xd8  main.o [1]
  .text              ro code   0x800'c610     0x190  stm32l1xx_hal_cortex.o [1]
  .text              ro code   0x800'c7a0       0x2  I64DivZer.o [4]
  .text              ro code   0x800'c7a4     0x1a8  stm32l1xx_hal_flash.o [1]
  .text              ro code   0x800'c94c      0x2c  stm32l1xx_hal_flash_ex.o [1]
  .text              ro code   0x800'c978      0x2c  strstr.o [2]
  .text              ro code   0x800'c9a4      0x92  S25FL216K.o [1]
  .text              ro code   0x800'ca38    0x1784  user_mqtt.o [1]
  .text              ro code   0x800'e1bc       0x6  ABImemclr4.o [4]
  .text              ro code   0x800'e1c4      0x1a  U32ToDbl.o [3]
  .text              ro code   0x800'e1e0     0x758  pow64.o [3]
  .text              ro code   0x800'e938     0x246  DblDiv.o [3]
  .text              ro code   0x800'eb80      0x54  stm32l1xx_hal_pwr_ex.o [1]
  .text              ro code   0x800'ebd4      0x7c  stm32l1xx_hal_pwr.o [1]
  .text              ro code   0x800'ec50      0x10  stm32l1xx_hal.o [1]
  .text              ro code   0x800'ec60      0x10  stm32l1xx_hal.o [1]
  .text              ro code   0x800'ec70      0x4c  stm32l1xx_hal.o [1]
  .text              ro code   0x800'ecbc      0x3e  stm32l1xx_hal_rtc_ex.o [1]
  .text              ro code   0x800'ecfc     0x1a0  cat24mxx.o [1]
  .text              ro code   0x800'ee9c     0x44c  stm32l1xx_hal_spi.o [1]
  .text              ro code   0x800'f2e8      0x60  stm32l1xx_hal.o [1]
  .text              ro code   0x800'f348     0x1c8  gpio.o [1]
  .text              ro code   0x800'f510      0xb0  i2c.o [1]
  .text              ro code   0x800'f5c0     0x160  stm32l1xx_hal_rcc_ex.o [1]
  .text              ro code   0x800'f720      0x16  strchr.o [4]
  .text              ro code   0x800'f738      0xe0  MQTTSerializePublish.o [1]
  .text              ro code   0x800'f818      0xe8  MQTTSubscribeClient.o [1]
  .text              ro code   0x800'f900     0x200  MQTTConnectClient.o [1]
  .text              ro code   0x800'fb00      0x32  ABImemset48.o [4]
  .text              ro code   0x800'fb34      0x20  DblCmpEq.o [3]
  .text              ro code   0x800'fb54      0x70  frexp.o [3]
  .text              ro code   0x800'fbc4      0x2e  DblCmpLe.o [3]
  .text              ro code   0x800'fbf4     0x13a  ldexp.o [3]
  .text              ro code   0x800'fd30     0x1a2  DblMul.o [3]
  .text              ro code   0x800'fed4     0x17a  DblAdd.o [3]
  .text              ro code   0x801'0050      0x3a  DblToS32.o [3]
  .text              ro code   0x801'008c      0x22  S32ToDbl.o [3]
  .text              ro code   0x801'00b0      0xe2  DblSub.o [3]
  .text              ro code   0x801'0194      0x2e  DblCmpGe.o [3]
  .text              ro code   0x801'01c4     0x374  iar_Exp64.o [3]
  .text              ro code   0x801'0538      0x48  stm32l1xx_hal_msp.o [1]
  .text              ro code   0x801'0580     0xb66  stm32l1xx_hal_i2c.o [1]
  .text              ro code   0x801'10e8     0x11c  MQTTPacket.o [1]
  .rodata            const     0x801'1204     0x758  user_ec200u.o [1]
  .rodata            const     0x801'1960     0x420  pow64.o [3]
  .rodata            const     0x801'1d80     0x310  user_at_serial.o [1]
  .text              ro code   0x801'2090     0x1f0  user_log.o [1]
  .rodata            const     0x801'2280     0x1b0  user_mqtt.o [1]
  .rodata            const     0x801'2430      0xf0  user_ec200u.o [1]
  .rodata            const     0x801'2520      0x90  user_mqtt.o [1]
  .text              ro code   0x801'25b0      0x78  lz77_init_single.o [4]
  .rodata            const     0x801'2628      0x6c  user_mqtt.o [1]
  .text              ro code   0x801'2694      0x5c  stm32l1xx_it.o [1]
  .text              ro code   0x801'26f0      0x18  stm32l1xx_hal.o [1]
  .rodata            const     0x801'2708      0x2c  user_ec200u.o [1]
  .rodata            const     0x801'2734      0x2c  user_rtc.o [1]
  .rodata            const     0x801'2760      0x28  user_app_mem.o [1]
  .rodata            const     0x801'2788      0x28  user_app_mem.o [1]
  .rodata            const     0x801'27b0      0x28  user_ec200u.o [1]
  .rodata            const     0x801'27d8      0x28  user_external_eeprom.o [1]
  .rodata            const     0x801'2800      0x28  user_external_eeprom.o [1]
  .rodata            const     0x801'2828      0x28  user_external_eeprom.o [1]
  .rodata            const     0x801'2850      0x28  user_external_flash.o [1]
  .rodata            const     0x801'2878      0x28  user_external_flash.o [1]
  .rodata            const     0x801'28a0      0x28  user_external_flash.o [1]
  .rodata            const     0x801'28c8      0x28  user_external_flash.o [1]
  .rodata            const     0x801'28f0      0x28  user_external_flash.o [1]
  .rodata            const     0x801'2918      0x28  user_external_flash.o [1]
  .rodata            const     0x801'2940      0x28  user_internal_mem.o [1]
  .rodata            const     0x801'2968      0x28  user_internal_mem.o [1]
  .rodata            const     0x801'2990      0x28  user_internal_mem.o [1]
  .text              ro code   0x801'29b8      0x28  data_init.o [4]
  .rodata            const     0x801'29e0      0x24  user_app_inverter.o [1]
  .rodata            const     0x801'2a04      0x24  user_app_mem.o [1]
  .rodata            const     0x801'2a28      0x24  user_app_mem.o [1]
  .rodata            const     0x801'2a4c      0x24  user_app_mem.o [1]
  .rodata            const     0x801'2a70      0x24  user_app_mem.o [1]
  .rodata            const     0x801'2a94      0x24  user_app_mem.o [1]
  .rodata            const     0x801'2ab8      0x24  user_app_mem.o [1]
  .rodata            const     0x801'2adc      0x24  user_app_mem.o [1]
  .rodata            const     0x801'2b00      0x24  user_app_mem.o [1]
  .rodata            const     0x801'2b24      0x24  user_app_mem.o [1]
  .rodata            const     0x801'2b48      0x24  user_app_mem.o [1]
  .rodata            const     0x801'2b6c      0x24  user_app_mem.o [1]
  .rodata            const     0x801'2b90      0x24  user_app_mem.o [1]
  .rodata            const     0x801'2bb4      0x24  user_app_mem.o [1]
  .rodata            const     0x801'2bd8      0x24  user_app_mem.o [1]
  .rodata            const     0x801'2bfc      0x24  user_app_mem.o [1]
  .rodata            const     0x801'2c20      0x24  user_app_mem.o [1]
  .rodata            const     0x801'2c44      0x24  user_app_mem.o [1]
  .rodata            const     0x801'2c68      0x24  user_app_mem.o [1]
  .rodata            const     0x801'2c8c      0x24  user_app_mem.o [1]
  .rodata            const     0x801'2cb0      0x24  user_app_mem.o [1]
  .rodata            const     0x801'2cd4      0x24  user_app_mem.o [1]
  .rodata            const     0x801'2cf8      0x24  user_app_mem.o [1]
  .rodata            const     0x801'2d1c      0x24  user_external_eeprom.o [1]
  .rodata            const     0x801'2d40      0x24  user_external_eeprom.o [1]
  .rodata            const     0x801'2d64      0x24  user_external_flash.o [1]
  .rodata            const     0x801'2d88      0x24  user_external_flash.o [1]
  .rodata            const     0x801'2dac      0x24  user_mqtt.o [1]
  .iar.init_table    const     0x801'2dd0      0x20  - Linker created -
  .rodata            const     0x801'2df0      0x20  user_app_mem.o [1]
  .rodata            const     0x801'2e10      0x20  user_app_sim.o [1]
  .rodata            const     0x801'2e30      0x20  user_at_serial.o [1]
  .rodata            const     0x801'2e50      0x20  user_ec200u.o [1]
  .rodata            const     0x801'2e70      0x20  user_ec200u.o [1]
  .rodata            const     0x801'2e90      0x20  user_ec200u.o [1]
  .rodata            const     0x801'2eb0      0x20  user_ec200u.o [1]
  .rodata            const     0x801'2ed0      0x20  user_ec200u.o [1]
  .rodata            const     0x801'2ef0      0x20  user_modem.o [1]
  .rodata            const     0x801'2f10      0x20  user_mqtt.o [1]
  .text              ro code   0x801'2f30      0x1e  cmain.o [4]
  .text              ro code   0x801'2f4e       0x4  low_level_init.o [2]
  .text              ro code   0x801'2f52       0x4  exit.o [2]
  .text              ro code   0x801'2f58       0xa  cexit.o [4]
  .text              ro code   0x801'2f64      0x14  exit.o [5]
  .rodata            const     0x801'2f78      0x1c  user_app_comm.o [1]
  .rodata            const     0x801'2f94      0x1c  user_app_inverter.o [1]
  .rodata            const     0x801'2fb0      0x1c  user_app_sim.o [1]
  .rodata            const     0x801'2fcc      0x1c  user_ec200u.o [1]
  .rodata            const     0x801'2fe8      0x1c  user_ec200u.o [1]
  .rodata            const     0x801'3004      0x1c  user_ec200u.o [1]
  .rodata            const     0x801'3020      0x1c  user_ec200u.o [1]
  .rodata            const     0x801'303c      0x1c  user_external_flash.o [1]
  .rodata            const     0x801'3058      0x1c  user_external_flash.o [1]
  .rodata            const     0x801'3074      0x1c  user_mqtt.o [1]
  .rodata            const     0x801'3090      0x18  user_ec200u.o [1]
  .rodata            const     0x801'30a8      0x18  user_ec200u.o [1]
  .rodata            const     0x801'30c0      0x18  user_ec200u.o [1]
  .rodata            const     0x801'30d8      0x18  user_ec200u.o [1]
  .rodata            const     0x801'30f0      0x18  user_ec200u.o [1]
  .rodata            const     0x801'3108      0x18  user_lpm.o [1]
  .rodata            const     0x801'3120      0x18  user_lpm.o [1]
  .rodata            const     0x801'3138      0x18  user_mqtt.o [1]
  .rodata            const     0x801'3150      0x18  user_sim.o [1]
  .rodata            const     0x801'3168      0x18  user_sim.o [1]
  .rodata            const     0x801'3180      0x14  user_app_comm.o [1]
  .rodata            const     0x801'3194      0x14  user_app_mem.o [1]
  .rodata            const     0x801'31a8      0x14  user_at_serial.o [1]
  .rodata            const     0x801'31bc      0x14  user_at_serial.o [1]
  .rodata            const     0x801'31d0      0x14  user_at_serial.o [1]
  .rodata            const     0x801'31e4      0x14  user_at_serial.o [1]
  .rodata            const     0x801'31f8      0x14  user_ec200u.o [1]
  .rodata            const     0x801'320c      0x14  user_ec200u.o [1]
  .rodata            const     0x801'3220      0x14  user_ec200u.o [1]
  .rodata            const     0x801'3234      0x14  user_ec200u.o [1]
  .rodata            const     0x801'3248      0x14  user_ec200u.o [1]
  .rodata            const     0x801'325c      0x14  user_ec200u.o [1]
  .rodata            const     0x801'3270      0x14  user_ec200u.o [1]
  .rodata            const     0x801'3284      0x14  user_ec200u.o [1]
  .rodata            const     0x801'3298      0x14  user_ec200u.o [1]
  .rodata            const     0x801'32ac      0x14  user_ec200u.o [1]
  .rodata            const     0x801'32c0      0x14  user_ec200u.o [1]
  .rodata            const     0x801'32d4      0x14  user_ec200u.o [1]
  .rodata            const     0x801'32e8      0x14  user_external_flash.o [1]
  .rodata            const     0x801'32fc      0x14  user_external_flash.o [1]
  .rodata            const     0x801'3310      0x14  user_external_flash.o [1]
  .rodata            const     0x801'3324      0x14  user_external_flash.o [1]
  .rodata            const     0x801'3338      0x14  user_external_flash.o [1]
  .rodata            const     0x801'334c      0x14  user_modem.o [1]
  .rodata            const     0x801'3360      0x14  user_mqtt.o [1]
  .rodata            const     0x801'3374      0x14  user_mqtt.o [1]
  .rodata            const     0x801'3388      0x14  user_mqtt.o [1]
  .rodata            const     0x801'339c      0x14  user_mqtt.o [1]
  .rodata            const     0x801'33b0      0x14  user_mqtt.o [1]
  .rodata            const     0x801'33c4      0x14  user_mqtt.o [1]
  .rodata            const     0x801'33d8      0x14  user_mqtt.o [1]
  .rodata            const     0x801'33ec      0x14  user_mqtt.o [1]
  .rodata            const     0x801'3400      0x14  user_sim.o [1]
  .rodata            const     0x801'3414      0x14  user_sim.o [1]
  .rodata            const     0x801'3428      0x14  user_sim.o [1]
  .rodata            const     0x801'343c      0x14  user_sim.o [1]
  .rodata            const     0x801'3450      0x14  user_sim.o [1]
  .rodata            const     0x801'3464      0x14  user_sim.o [1]
  .rodata            const     0x801'3478      0x10  system_stm32l1xx.o [1]
  .rodata            const     0x801'3488      0x10  user_app_comm.o [1]
  .rodata            const     0x801'3498      0x10  user_app_comm.o [1]
  .rodata            const     0x801'34a8      0x10  user_app_mem.o [1]
  .rodata            const     0x801'34b8      0x10  user_at_serial.o [1]
  .rodata            const     0x801'34c8      0x10  user_at_serial.o [1]
  .rodata            const     0x801'34d8      0x10  user_at_serial.o [1]
  .rodata            const     0x801'34e8      0x10  user_at_serial.o [1]
  .rodata            const     0x801'34f8      0x10  user_at_serial.o [1]
  .rodata            const     0x801'3508      0x10  user_at_serial.o [1]
  .rodata            const     0x801'3518      0x10  user_at_serial.o [1]
  .rodata            const     0x801'3528      0x10  user_at_serial.o [1]
  .rodata            const     0x801'3538      0x10  user_at_serial.o [1]
  .rodata            const     0x801'3548      0x10  user_at_serial.o [1]
  .rodata            const     0x801'3558      0x10  user_at_serial.o [1]
  .rodata            const     0x801'3568      0x10  user_at_serial.o [1]
  .rodata            const     0x801'3578      0x10  user_at_serial.o [1]
  .rodata            const     0x801'3588      0x10  user_at_serial.o [1]
  .rodata            const     0x801'3598      0x10  user_at_serial.o [1]
  .rodata            const     0x801'35a8      0x10  user_at_serial.o [1]
  .rodata            const     0x801'35b8      0x10  user_at_serial.o [1]
  .rodata            const     0x801'35c8      0x10  user_at_serial.o [1]
  .rodata            const     0x801'35d8      0x10  user_at_serial.o [1]
  .rodata            const     0x801'35e8      0x10  user_at_serial.o [1]
  .rodata            const     0x801'35f8      0x10  user_at_serial.o [1]
  .rodata            const     0x801'3608      0x10  user_at_serial.o [1]
  .rodata            const     0x801'3618      0x10  user_at_serial.o [1]
  .rodata            const     0x801'3628      0x10  user_at_serial.o [1]
  .rodata            const     0x801'3638      0x10  user_at_serial.o [1]
  .rodata            const     0x801'3648      0x10  user_ec200u.o [1]
  .rodata            const     0x801'3658      0x10  user_ec200u.o [1]
  .rodata            const     0x801'3668      0x10  user_ec200u.o [1]
  .rodata            const     0x801'3678      0x10  user_ec200u.o [1]
  .rodata            const     0x801'3688      0x10  user_ec200u.o [1]
  .rodata            const     0x801'3698      0x10  user_ec200u.o [1]
  .rodata            const     0x801'36a8      0x10  user_ec200u.o [1]
  .rodata            const     0x801'36b8      0x10  user_ec200u.o [1]
  .rodata            const     0x801'36c8      0x10  user_ec200u.o [1]
  .rodata            const     0x801'36d8      0x10  user_ec200u.o [1]
  .rodata            const     0x801'36e8      0x10  user_ec200u.o [1]
  .rodata            const     0x801'36f8      0x10  user_ec200u.o [1]
  .rodata            const     0x801'3708      0x10  user_ec200u.o [1]
  .rodata            const     0x801'3718      0x10  user_ec200u.o [1]
  .rodata            const     0x801'3728      0x10  user_ec200u.o [1]
  .rodata            const     0x801'3738      0x10  user_ec200u.o [1]
  .rodata            const     0x801'3748      0x10  user_ec200u.o [1]
  .rodata            const     0x801'3758      0x10  user_ec200u.o [1]
  .rodata            const     0x801'3768      0x10  user_ec200u.o [1]
  .rodata            const     0x801'3778      0x10  user_external_flash.o [1]
  .rodata            const     0x801'3788      0x10  user_external_flash.o [1]
  .rodata            const     0x801'3798      0x10  user_external_flash.o [1]
  .rodata            const     0x801'37a8      0x10  user_external_flash.o [1]
  .rodata            const     0x801'37b8      0x10  user_mqtt.o [1]
  .rodata            const     0x801'37c8      0x10  user_mqtt.o [1]
  .rodata            const     0x801'37d8      0x10  user_mqtt.o [1]
  .rodata            const     0x801'37e8      0x10  user_mqtt.o [1]
  .rodata            const     0x801'37f8      0x10  user_mqtt.o [1]
  .rodata            const     0x801'3808      0x10  user_mqtt.o [1]
  .rodata            const     0x801'3818      0x10  user_mqtt.o [1]
  .rodata            const     0x801'3828      0x10  user_mqtt.o [1]
  .rodata            const     0x801'3838      0x10  user_mqtt.o [1]
  .rodata            const     0x801'3848      0x10  user_mqtt.o [1]
  .rodata            const     0x801'3858      0x10  user_mqtt.o [1]
  .rodata            const     0x801'3868      0x10  user_mqtt.o [1]
  .rodata            const     0x801'3878      0x10  user_mqtt.o [1]
  .rodata            const     0x801'3888      0x10  user_mqtt.o [1]
  .rodata            const     0x801'3898      0x10  user_sim.o [1]
  .rodata            const     0x801'38a8      0x10  user_sim_common.o [1]
  .text              ro code   0x801'38b8      0x10  startup_stm32l151xc.o [1]
  .rodata            const     0x801'38c8       0xc  system_stm32l1xx.o [1]
  .rodata            const     0x801'38d4       0xc  user_at_serial.o [1]
  .rodata            const     0x801'38e0       0xc  user_at_serial.o [1]
  .rodata            const     0x801'38ec       0xc  user_at_serial.o [1]
  .rodata            const     0x801'38f8       0xc  user_at_serial.o [1]
  .rodata            const     0x801'3904       0xc  user_at_serial.o [1]
  .rodata            const     0x801'3910       0xc  user_at_serial.o [1]
  .rodata            const     0x801'391c       0xc  user_at_serial.o [1]
  .rodata            const     0x801'3928       0xc  user_at_serial.o [1]
  .rodata            const     0x801'3934       0xc  user_at_serial.o [1]
  .rodata            const     0x801'3940       0xc  user_at_serial.o [1]
  .rodata            const     0x801'394c       0xc  user_at_serial.o [1]
  .rodata            const     0x801'3958       0xc  user_at_serial.o [1]
  .rodata            const     0x801'3964       0xc  user_at_serial.o [1]
  .rodata            const     0x801'3970       0xc  user_at_serial.o [1]
  .rodata            const     0x801'397c       0xc  user_at_serial.o [1]
  .rodata            const     0x801'3988       0xc  user_at_serial.o [1]
  .rodata            const     0x801'3994       0xc  user_at_serial.o [1]
  .rodata            const     0x801'39a0       0xc  user_at_serial.o [1]
  .rodata            const     0x801'39ac       0xc  user_at_serial.o [1]
  .rodata            const     0x801'39b8       0xc  user_at_serial.o [1]
  .rodata            const     0x801'39c4       0xc  user_at_serial.o [1]
  .rodata            const     0x801'39d0       0xc  user_ec200u.o [1]
  .rodata            const     0x801'39dc       0xc  user_ec200u.o [1]
  .rodata            const     0x801'39e8       0xc  user_ec200u.o [1]
  .rodata            const     0x801'39f4       0xc  user_ec200u.o [1]
  .rodata            const     0x801'3a00       0xc  user_ec200u.o [1]
  .rodata            const     0x801'3a0c       0xc  user_ec200u.o [1]
  .rodata            const     0x801'3a18       0xc  user_ec200u.o [1]
  .rodata            const     0x801'3a24       0xc  user_ec200u.o [1]
  .rodata            const     0x801'3a30       0xc  user_ec200u.o [1]
  .rodata            const     0x801'3a3c       0xc  user_ec200u.o [1]
  .rodata            const     0x801'3a48       0xc  user_ec200u.o [1]
  .rodata            const     0x801'3a54       0xc  user_ec200u.o [1]
  .rodata            const     0x801'3a60       0xc  user_ec200u.o [1]
  .rodata            const     0x801'3a6c       0xc  user_ec200u.o [1]
  .rodata            const     0x801'3a78       0xc  user_ec200u.o [1]
  .rodata            const     0x801'3a84       0xc  user_ec200u.o [1]
  .rodata            const     0x801'3a90       0xc  user_ec200u.o [1]
  .rodata            const     0x801'3a9c       0xc  user_ec200u.o [1]
  .rodata            const     0x801'3aa8       0xc  user_ec200u.o [1]
  .rodata            const     0x801'3ab4       0xc  user_ec200u.o [1]
  .rodata            const     0x801'3ac0       0xc  user_ec200u.o [1]
  .rodata            const     0x801'3acc       0xc  user_ec200u.o [1]
  .rodata            const     0x801'3ad8       0xc  user_ec200u.o [1]
  .rodata            const     0x801'3ae4       0xc  user_ec200u.o [1]
  .rodata            const     0x801'3af0       0xc  user_ec200u.o [1]
  .rodata            const     0x801'3afc       0xc  user_ec200u.o [1]
  .rodata            const     0x801'3b08       0xc  user_ec200u.o [1]
  .rodata            const     0x801'3b14       0xc  user_ec200u.o [1]
  .rodata            const     0x801'3b20       0xc  user_ec200u.o [1]
  .rodata            const     0x801'3b2c       0xc  user_ec200u.o [1]
  .rodata            const     0x801'3b38       0xc  user_ec200u.o [1]
  .rodata            const     0x801'3b44       0xc  user_ec200u.o [1]
  .rodata            const     0x801'3b50       0xc  user_ec200u.o [1]
  .rodata            const     0x801'3b5c       0xc  user_ec200u.o [1]
  .rodata            const     0x801'3b68       0xc  user_ec200u.o [1]
  .rodata            const     0x801'3b74       0xc  user_mqtt.o [1]
  .rodata            const     0x801'3b80       0xc  user_rtc.o [1]
  .rodata            const     0x801'3b8c       0xc  user_rtc.o [1]
  .rodata            const     0x801'3b98       0xc  user_sim_common.o [1]
  .text              ro code   0x801'3ba4       0xc  cstartup_M.o [4]
  .rodata            const     0x801'3bb0       0x8  MQTTConnectClient.o [1]
  .rodata            const     0x801'3bb8       0x8  system_stm32l1xx.o [1]
  .rodata            const     0x801'3bc0       0x8  user_app_inverter.o [1]
  .rodata            const     0x801'3bc8       0x8  user_app_mem.o [1]
  .rodata            const     0x801'3bd0       0x8  user_app_sim.o [1]
  .rodata            const     0x801'3bd8       0x8  user_at_serial.o [1]
  .rodata            const     0x801'3be0       0x8  user_at_serial.o [1]
  .rodata            const     0x801'3be8       0x8  user_at_serial.o [1]
  .rodata            const     0x801'3bf0       0x8  user_at_serial.o [1]
  .rodata            const     0x801'3bf8       0x8  user_at_serial.o [1]
  .rodata            const     0x801'3c00       0x8  user_at_serial.o [1]
  .rodata            const     0x801'3c08       0x8  user_at_serial.o [1]
  .rodata            const     0x801'3c10       0x8  user_at_serial.o [1]
  .rodata            const     0x801'3c18       0x8  user_at_serial.o [1]
  .rodata            const     0x801'3c20       0x8  user_at_serial.o [1]
  .rodata            const     0x801'3c28       0x8  user_at_serial.o [1]
  .rodata            const     0x801'3c30       0x8  user_at_serial.o [1]
  .rodata            const     0x801'3c38       0x8  user_at_serial.o [1]
  .rodata            const     0x801'3c40       0x8  user_at_serial.o [1]
  .rodata            const     0x801'3c48       0x8  user_at_serial.o [1]
  .rodata            const     0x801'3c50       0x8  user_at_serial.o [1]
  .rodata            const     0x801'3c58       0x8  user_at_serial.o [1]
  .rodata            const     0x801'3c60       0x8  user_at_serial.o [1]
  .rodata            const     0x801'3c68       0x8  user_at_serial.o [1]
  .rodata            const     0x801'3c70       0x8  user_at_serial.o [1]
  .rodata            const     0x801'3c78       0x8  user_at_serial.o [1]
  .rodata            const     0x801'3c80       0x8  user_at_serial.o [1]
  .rodata            const     0x801'3c88       0x8  user_at_serial.o [1]
  .rodata            const     0x801'3c90       0x8  user_at_serial.o [1]
  .rodata            const     0x801'3c98       0x8  user_at_serial.o [1]
  .rodata            const     0x801'3ca0       0x8  user_ec200u.o [1]
  .rodata            const     0x801'3ca8       0x8  user_ec200u.o [1]
  .rodata            const     0x801'3cb0       0x8  user_ec200u.o [1]
  .rodata            const     0x801'3cb8       0x8  user_ec200u.o [1]
  .rodata            const     0x801'3cc0       0x8  user_ec200u.o [1]
  .rodata            const     0x801'3cc8       0x8  user_ec200u.o [1]
  .rodata            const     0x801'3cd0       0x8  user_ec200u.o [1]
  .rodata            const     0x801'3cd8       0x8  user_ec200u.o [1]
  .rodata            const     0x801'3ce0       0x8  user_ec200u.o [1]
  .rodata            const     0x801'3ce8       0x8  user_ec200u.o [1]
  .rodata            const     0x801'3cf0       0x8  user_ec200u.o [1]
  .rodata            const     0x801'3cf8       0x8  user_ec200u.o [1]
  .rodata            const     0x801'3d00       0x8  user_ec200u.o [1]
  .rodata            const     0x801'3d08       0x8  user_ec200u.o [1]
  .rodata            const     0x801'3d10       0x8  user_ec200u.o [1]
  .rodata            const     0x801'3d18       0x8  user_ec200u.o [1]
  .rodata            const     0x801'3d20       0x8  user_ec200u.o [1]
  .rodata            const     0x801'3d28       0x8  user_ec200u.o [1]
  .rodata            const     0x801'3d30       0x8  user_ec200u.o [1]
  .rodata            const     0x801'3d38       0x8  user_ec200u.o [1]
  .rodata            const     0x801'3d40       0x8  user_ec200u.o [1]
  .rodata            const     0x801'3d48       0x8  user_ec200u.o [1]
  .rodata            const     0x801'3d50       0x8  user_ec200u.o [1]
  .rodata            const     0x801'3d58       0x8  user_ec200u.o [1]
  .rodata            const     0x801'3d60       0x8  user_ec200u.o [1]
  .rodata            const     0x801'3d68       0x8  user_ec200u.o [1]
  .rodata            const     0x801'3d70       0x8  user_ec200u.o [1]
  .rodata            const     0x801'3d78       0x8  user_ec200u.o [1]
  .rodata            const     0x801'3d80       0x8  user_log.o [1]
  .rodata            const     0x801'3d88       0x8  user_mqtt.o [1]
  .rodata            const     0x801'3d90       0x8  user_mqtt.o [1]
  .rodata            const     0x801'3d98       0x8  user_mqtt.o [1]
  .rodata            const     0x801'3da0       0x8  user_mqtt.o [1]
  .rodata            const     0x801'3da8       0x8  user_mqtt.o [1]
  .rodata            const     0x801'3db0       0x8  user_mqtt.o [1]
  .rodata            const     0x801'3db8       0x8  user_mqtt.o [1]
  .rodata            const     0x801'3dc0       0x8  user_mqtt.o [1]
  .rodata            const     0x801'3dc8       0x8  user_mqtt.o [1]
  .rodata            const     0x801'3dd0       0x8  user_mqtt.o [1]
  .rodata            const     0x801'3dd8       0x8  user_mqtt.o [1]
  .rodata            const     0x801'3de0       0x8  user_mqtt.o [1]
  .rodata            const     0x801'3de8       0x8  user_mqtt.o [1]
  .rodata            const     0x801'3df0       0x8  user_mqtt.o [1]
  .rodata            const     0x801'3df8       0x8  user_mqtt.o [1]
  .rodata            const     0x801'3e00       0x8  user_mqtt.o [1]
  .rodata            const     0x801'3e08       0x8  user_mqtt.o [1]
  .rodata            const     0x801'3e10       0x8  user_mqtt.o [1]
  .rodata            const     0x801'3e18       0x8  user_mqtt.o [1]
  .rodata            const     0x801'3e20       0x8  user_mqtt.o [1]
  .rodata            const     0x801'3e28       0x8  user_mqtt.o [1]
  .rodata            const     0x801'3e30       0x8  user_mqtt.o [1]
  .rodata            const     0x801'3e38       0x8  user_mqtt.o [1]
  .rodata            const     0x801'3e40       0x8  user_mqtt.o [1]
  .rodata            const     0x801'3e48       0x8  user_mqtt.o [1]
  .rodata            const     0x801'3e50       0x8  user_mqtt.o [1]
  .rodata            const     0x801'3e58       0x8  user_mqtt.o [1]
  .rodata            const     0x801'3e60       0x8  user_mqtt.o [1]
  .rodata            const     0x801'3e68       0x8  user_mqtt.o [1]
  .rodata            const     0x801'3e70       0x8  user_mqtt.o [1]
  .rodata            const     0x801'3e78       0x8  user_mqtt.o [1]
  .rodata            const     0x801'3e80       0x8  user_mqtt.o [1]
  .rodata            const     0x801'3e88       0x8  user_mqtt.o [1]
  .rodata            const     0x801'3e90       0x8  user_mqtt.o [1]
  .rodata            const     0x801'3e98       0x8  user_mqtt.o [1]
  .rodata            const     0x801'3ea0       0x8  user_mqtt.o [1]
  .rodata            const     0x801'3ea8       0x8  user_sim.o [1]
  .rodata            const     0x801'3eb0       0x8  user_sim_common.o [1]
  .rodata            const     0x801'3eb8       0x8  user_sim_common.o [1]
  .rodata            const     0x801'3ec0       0x8  user_sim_common.o [1]
  .rodata            const     0x801'3ec8       0x8  user_sim_common.o [1]
  .rodata            const     0x801'3ed0       0x8  user_util.o [1]
  .rodata            const     0x801'3ed8       0x8  user_util.o [1]
  .rodata            const     0x801'3ee0       0x8  user_util.o [1]
  .rodata            const     0x801'3ee8       0x4  MQTTConnectClient.o [1]
  .rodata            const     0x801'3eec       0x4  MQTTConnectClient.o [1]
  .rodata            const     0x801'3ef0       0x4  MQTTSerializePublish.o [1]
  .rodata            const     0x801'3ef4       0x4  MQTTSubscribeClient.o [1]
  .rodata            const     0x801'3ef8       0x4  user_at_serial.o [1]
  .rodata            const     0x801'3efc       0x4  user_ec200u.o [1]
  .rodata            const     0x801'3f00       0x4  user_ec200u.o [1]
  .rodata            const     0x801'3f04       0x4  user_ec200u.o [1]
  .rodata            const     0x801'3f08       0x4  user_ec200u.o [1]
  .rodata            const     0x801'3f0c       0x4  user_ec200u.o [1]
  .rodata            const     0x801'3f10       0x4  user_mqtt.o [1]
  .rodata            const     0x801'3f14       0x4  user_sim_common.o [1]
  .text              ro code   0x801'3f18       0x4  startup_stm32l151xc.o [1]
  .text              ro code   0x801'3f1c       0x4  startup_stm32l151xc.o [1]
  .text              ro code   0x801'3f20       0x4  startup_stm32l151xc.o [1]
  .text              ro code   0x801'3f24       0x4  startup_stm32l151xc.o [1]
  .text              ro code   0x801'3f28       0x4  startup_stm32l151xc.o [1]
  .text              ro code   0x801'3f2c       0x4  startup_stm32l151xc.o [1]
  .text              ro code   0x801'3f30       0x4  startup_stm32l151xc.o [1]
  .text              ro code   0x801'3f34       0x4  startup_stm32l151xc.o [1]
  .text              ro code   0x801'3f38       0x4  startup_stm32l151xc.o [1]
  .text              ro code   0x801'3f3c       0x4  startup_stm32l151xc.o [1]
  .text              ro code   0x801'3f40       0x4  startup_stm32l151xc.o [1]
  .text              ro code   0x801'3f44       0x4  startup_stm32l151xc.o [1]
  .text              ro code   0x801'3f48       0x4  startup_stm32l151xc.o [1]
  .text              ro code   0x801'3f4c       0x4  startup_stm32l151xc.o [1]
  .text              ro code   0x801'3f50       0x4  startup_stm32l151xc.o [1]
  .text              ro code   0x801'3f54       0x4  startup_stm32l151xc.o [1]
  .text              ro code   0x801'3f58       0x4  startup_stm32l151xc.o [1]
  .text              ro code   0x801'3f5c       0x4  startup_stm32l151xc.o [1]
  .text              ro code   0x801'3f60       0x4  startup_stm32l151xc.o [1]
  .text              ro code   0x801'3f64       0x4  startup_stm32l151xc.o [1]
  .text              ro code   0x801'3f68       0x4  startup_stm32l151xc.o [1]
  .text              ro code   0x801'3f6c       0x4  startup_stm32l151xc.o [1]
  .text              ro code   0x801'3f70       0x4  startup_stm32l151xc.o [1]
  .text              ro code   0x801'3f74       0x4  startup_stm32l151xc.o [1]
  .text              ro code   0x801'3f78       0x4  startup_stm32l151xc.o [1]
  .text              ro code   0x801'3f7c       0x4  startup_stm32l151xc.o [1]
  .text              ro code   0x801'3f80       0x4  startup_stm32l151xc.o [1]
  .text              ro code   0x801'3f84       0x4  startup_stm32l151xc.o [1]
  .text              ro code   0x801'3f88       0x4  startup_stm32l151xc.o [1]
  .text              ro code   0x801'3f8c       0x4  startup_stm32l151xc.o [1]
  .text              ro code   0x801'3f90       0x4  startup_stm32l151xc.o [1]
  .text              ro code   0x801'3f94       0x4  startup_stm32l151xc.o [1]
  .text              ro code   0x801'3f98       0x4  startup_stm32l151xc.o [1]
  .text              ro code   0x801'3f9c       0x4  startup_stm32l151xc.o [1]
  .text              ro code   0x801'3fa0       0x4  startup_stm32l151xc.o [1]
  .text              ro code   0x801'3fa4       0x4  startup_stm32l151xc.o [1]
  .text              ro code   0x801'3fa8       0x4  startup_stm32l151xc.o [1]
  .text              ro code   0x801'3fac       0x4  startup_stm32l151xc.o [1]
  .text              ro code   0x801'3fb0       0x4  startup_stm32l151xc.o [1]
  .text              ro code   0x801'3fb4       0x4  startup_stm32l151xc.o [1]
  .text              ro code   0x801'3fb8       0x4  startup_stm32l151xc.o [1]
  .text              ro code   0x801'3fbc       0x4  startup_stm32l151xc.o [1]
  .text              ro code   0x801'3fc0       0x4  startup_stm32l151xc.o [1]
  .text              ro code   0x801'3fc4       0x4  startup_stm32l151xc.o [1]
  .text              ro code   0x801'3fc8       0x4  startup_stm32l151xc.o [1]
  .text              ro code   0x801'3fcc       0x4  startup_stm32l151xc.o [1]
  .text              ro code   0x801'3fd0       0x4  startup_stm32l151xc.o [1]
  .text              ro code   0x801'3fd4       0x4  startup_stm32l151xc.o [1]
  .text              ro code   0x801'3fd8       0x2  system_stm32l1xx.o [1]
  .rodata            const     0x801'3fda       0x0  zero_init3.o [4]
  .rodata            const     0x801'3fda       0x0  lz77_init_single.o [4]
  Initializer bytes  const     0x801'3fda     0x49c  <for P2-1>
                             - 0x801'4476  0x1'4352

"P2", part 1 of 3:                           0x1070
  P2-1                        0x2000'0000    0x1070  <Init block>
    .data            inited   0x2000'0000     0x290  user_app_sim.o [1]
    .data            inited   0x2000'0290       0x4  stm32l1xx_hal.o [1]
    .data            inited   0x2000'0294       0x4  stm32l1xx_hal.o [1]
    .data            inited   0x2000'0298       0x4  system_stm32l1xx.o [1]
    .data            inited   0x2000'029c      0x60  user_app_comm.o [1]
    .data            inited   0x2000'02fc       0x8  user_app_comm.o [1]
    .data            inited   0x2000'0304      0x60  user_app_inverter.o [1]
    .data            inited   0x2000'0364      0x18  user_app_inverter.o [1]
    .data            inited   0x2000'037c       0x8  user_app_inverter.o [1]
    .data            inited   0x2000'0384       0x8  user_app_inverter.o [1]
    .data            inited   0x2000'038c       0x8  user_app_inverter.o [1]
    .data            inited   0x2000'0394      0x54  user_app_inverter.o [1]
    .data            inited   0x2000'03e8       0x8  user_app_inverter.o [1]
    .data            inited   0x2000'03f0      0x60  user_app_mem.o [1]
    .data            inited   0x2000'0450      0x40  user_app_sim.o [1]
    .data            inited   0x2000'0490      0x18  user_app_sim.o [1]
    .data            inited   0x2000'04a8      0x10  user_ec200u.o [1]
    .data            inited   0x2000'04b8       0xc  user_ec200u.o [1]
    .data            inited   0x2000'04c4       0xc  user_ec200u.o [1]
    .data            inited   0x2000'04d0       0x4  user_ec200u.o [1]
    .data            inited   0x2000'04d4       0x4  user_ec200u.o [1]
    .data            inited   0x2000'04d8       0x4  user_ec200u.o [1]
    .data            inited   0x2000'04dc      0x14  user_ec200u.o [1]
    .data            inited   0x2000'04f0       0x4  user_ec200u.o [1]
    .data            inited   0x2000'04f4       0x4  user_ec200u.o [1]
    .data            inited   0x2000'04f8       0x4  user_ec200u.o [1]
    .data            inited   0x2000'04fc       0x4  user_ec200u.o [1]
    .data            inited   0x2000'0500      0x30  user_external_eeprom.o [1]
    .data            inited   0x2000'0530     0x140  user_external_eeprom.o [1]
    .data            inited   0x2000'0670      0x40  user_external_flash.o [1]
    .data            inited   0x2000'06b0      0xb4  user_external_flash.o [1]
    .data            inited   0x2000'0764      0x10  user_external_flash.o [1]
    .data            inited   0x2000'0774      0x14  user_external_flash.o [1]
    .data            inited   0x2000'0788       0x4  user_external_flash.o [1]
    .data            inited   0x2000'078c      0x10  user_external_flash.o [1]
    .data            inited   0x2000'079c     0x140  user_external_flash.o [1]
    .data            inited   0x2000'08dc      0x30  user_internal_mem.o [1]
    .data            inited   0x2000'090c     0x140  user_internal_mem.o [1]
    .data            inited   0x2000'0a4c      0x14  user_modem.o [1]
    .data            inited   0x2000'0a60      0x38  user_modem.o [1]
    .data            inited   0x2000'0a98      0x38  user_modem.o [1]
    .data            inited   0x2000'0ad0      0x38  user_modem.o [1]
    .data            inited   0x2000'0b08      0x38  user_modem.o [1]
    .data            inited   0x2000'0b40      0x4c  user_modem.o [1]
    .data            inited   0x2000'0b8c       0xc  user_modem.o [1]
    .data            inited   0x2000'0b98      0x10  user_modem.o [1]
    .data            inited   0x2000'0ba8      0x58  user_mqtt.o [1]
    .data            inited   0x2000'0c00      0x90  user_sim.o [1]
    .data            inited   0x2000'0c90       0x8  user_sim.o [1]
    .data            inited   0x2000'0c98      0x1c  user_sim.o [1]
    .data            inited   0x2000'0cb4      0x10  user_sim.o [1]
    .data            inited   0x2000'0cc4      0x18  user_sim_common.o [1]
    .data            inited   0x2000'0cdc      0x20  user_sim_common.o [1]
    .data            inited   0x2000'0cfc      0x20  user_sim_common.o [1]
    .data            inited   0x2000'0d1c      0x20  user_sim_common.o [1]
    .data            inited   0x2000'0d3c      0x20  user_sim_common.o [1]
    .data            inited   0x2000'0d5c      0x28  user_sim_common.o [1]
    .data            inited   0x2000'0d84       0xc  user_sim_common.o [1]
    .data            inited   0x2000'0d90      0x28  user_sim_common.o [1]
    .data            inited   0x2000'0db8      0x28  user_sim_common.o [1]
    .data            inited   0x2000'0de0      0x28  user_sim_common.o [1]
    .data            inited   0x2000'0e08       0xc  user_sim_common.o [1]
    .data            inited   0x2000'0e14      0x28  user_sim_common.o [1]
    .data            inited   0x2000'0e3c      0x28  user_sim_common.o [1]
    .data            inited   0x2000'0e64      0x20  user_sim_common.o [1]
    .data            inited   0x2000'0e84      0x20  user_sim_common.o [1]
    .data            inited   0x2000'0ea4      0x20  user_sim_common.o [1]
    .data            inited   0x2000'0ec4      0x20  user_sim_common.o [1]
    .data            inited   0x2000'0ee4      0x50  user_sim_common.o [1]
    .data            inited   0x2000'0f34      0x84  user_sim_common.o [1]
    .data            inited   0x2000'0fb8      0x50  user_sim_common.o [1]
    .data            inited   0x2000'1008      0x44  user_sim_common.o [1]
    .data            inited   0x2000'104c       0xc  user_time.o [1]
    .data            inited   0x2000'1058       0xc  user_time.o [1]
    .data            inited   0x2000'1064       0x8  user_uart.o [1]
    .data            inited   0x2000'106c       0x2  user_ec200u.o [1]
    .data            inited   0x2000'106e       0x1  user_app_inverter.o [1]
    .data            inited   0x2000'106f       0x1  user_app_inverter.o [1]
                            - 0x2000'1070    0x1070

"P2", part 2 of 3:                           0x3330
  .bss               zero     0x2000'1070     0xa50  user_external_flash.o [1]
  .bss               zero     0x2000'1ac0     0x4b0  user_mqtt.o [1]
  .bss               zero     0x2000'1f70     0x4b0  user_mqtt.o [1]
  .bss               zero     0x2000'2420     0x4b0  user_sim.o [1]
  .bss               zero     0x2000'28d0     0x4b0  user_uart.o [1]
  .bss               zero     0x2000'2d80     0x400  user_external_flash.o [1]
  .bss               zero     0x2000'3180     0x400  user_modem.o [1]
  .bss               zero     0x2000'3580     0x100  user_app_sim.o [1]
  .bss               zero     0x2000'3680     0x100  user_app_sim.o [1]
  .bss               zero     0x2000'3780     0x100  user_external_eeprom.o [1]
  .bss               zero     0x2000'3880     0x100  user_internal_mem.o [1]
  .bss               zero     0x2000'3980     0x100  user_modem.o [1]
  .bss               zero     0x2000'3a80     0x100  user_modem.o [1]
  .bss               zero     0x2000'3b80      0xc4  user_mqtt.o [1]
  .bss               zero     0x2000'3c44      0xa0  user_external_flash.o [1]
  .bss               zero     0x2000'3ce4      0x80  user_at_serial.o [1]
  .bss               zero     0x2000'3d64      0x70  user_sim_common.o [1]
  .bss               zero     0x2000'3dd4      0x64  user_external_flash.o [1]
  .bss               zero     0x2000'3e38      0x58  spi.o [1]
  .bss               zero     0x2000'3e90      0x54  adc.o [1]
  .bss               zero     0x2000'3ee4      0x54  i2c.o [1]
  .bss               zero     0x2000'3f38      0x44  usart.o [1]
  .bss               zero     0x2000'3f7c      0x44  usart.o [1]
  .bss               zero     0x2000'3fc0      0x44  usart.o [1]
  .bss               zero     0x2000'4004      0x40  user_app_inverter.o [1]
  .bss               zero     0x2000'4044      0x34  user_mqtt.o [1]
  .bss               zero     0x2000'4078      0x34  user_mqtt.o [1]
  .bss               zero     0x2000'40ac      0x34  user_sim.o [1]
  .bss               zero     0x2000'40e0      0x2c  user_app_inverter.o [1]
  .bss               zero     0x2000'410c      0x28  user_rtc.o [1]
  .bss               zero     0x2000'4134      0x20  rtc.o [1]
  .bss               zero     0x2000'4154      0x1c  user_rtc.o [1]
  .bss               zero     0x2000'4170      0x18  stm32l1xx_hal_flash.o [1]
  .bss               zero     0x2000'4188      0x18  user_app_comm.o [1]
  .bss               zero     0x2000'41a0      0x18  user_external_eeprom.o [1]
  .bss               zero     0x2000'41b8      0x18  user_external_eeprom.o [1]
  .bss               zero     0x2000'41d0      0x18  user_external_flash.o [1]
  .bss               zero     0x2000'41e8      0x18  user_external_flash.o [1]
  .bss               zero     0x2000'4200      0x18  user_external_flash.o [1]
  .bss               zero     0x2000'4218      0x18  user_internal_mem.o [1]
  .bss               zero     0x2000'4230      0x18  user_internal_mem.o [1]
  .bss               zero     0x2000'4248      0x18  user_sim.o [1]
  .bss               zero     0x2000'4260      0x18  user_sim.o [1]
  .bss               zero     0x2000'4278      0x18  user_sim.o [1]
  .bss               zero     0x2000'4290      0x18  user_sim.o [1]
  .bss               zero     0x2000'42a8      0x18  user_sim_common.o [1]
  .bss               zero     0x2000'42c0      0x10  user_app_mem.o [1]
  .bss               zero     0x2000'42d0       0xc  user_external_flash.o [1]
  .bss               zero     0x2000'42dc       0xc  user_modem.o [1]
  .bss               zero     0x2000'42e8       0xc  user_mqtt.o [1]
  .bss               zero     0x2000'42f4       0xc  user_util.o [1]
  .bss               zero     0x2000'4300       0x8  user_app_inverter.o [1]
  .bss               zero     0x2000'4308       0x8  user_app_inverter.o [1]
  .bss               zero     0x2000'4310       0x8  user_app_inverter.o [1]
  .bss               zero     0x2000'4318       0x8  user_app_inverter.o [1]
  .bss               zero     0x2000'4320       0x8  user_app_inverter.o [1]
  .bss               zero     0x2000'4328       0x8  user_app_inverter.o [1]
  .bss               zero     0x2000'4330       0x4  cat24mxx.o [1]
  .bss               zero     0x2000'4334       0x4  stm32l1xx_hal.o [1]
  .bss               zero     0x2000'4338       0x4  user_app_inverter.o [1]
  .bss               zero     0x2000'433c       0x4  user_app_inverter.o [1]
  .bss               zero     0x2000'4340       0x4  user_app_inverter.o [1]
  .bss               zero     0x2000'4344       0x4  user_app_inverter.o [1]
  .bss               zero     0x2000'4348       0x4  user_app_inverter.o [1]
  .bss               zero     0x2000'434c       0x4  user_app_inverter.o [1]
  .bss               zero     0x2000'4350       0x4  user_lpm.o [1]
  .bss               zero     0x2000'4354       0x4  user_rtc.o [1]
  .bss               zero     0x2000'4358       0x4  user_sim.o [1]
  .bss               zero     0x2000'435c       0x4  user_sim_common.o [1]
  .bss               zero     0x2000'4360       0x4  user_timer.o [1]
  .bss               zero     0x2000'4364       0x4  user_util.o [1]
  .bss               zero     0x2000'4368       0x4  user_util.o [1]
  .bss               zero     0x2000'436c       0x2  user_app_comm.o [1]
  .bss               zero     0x2000'436e       0x2  user_app_inverter.o [1]
  .bss               zero     0x2000'4370       0x2  user_app_inverter.o [1]
  .bss               zero     0x2000'4372       0x2  user_app_inverter.o [1]
  .bss               zero     0x2000'4374       0x2  user_app_inverter.o [1]
  .bss               zero     0x2000'4376       0x2  user_app_inverter.o [1]
  .bss               zero     0x2000'4378       0x2  user_app_mem.o [1]
  .bss               zero     0x2000'437a       0x2  user_external_flash.o [1]
  .bss               zero     0x2000'437c       0x2  user_sim.o [1]
  .bss               zero     0x2000'437e       0x1  user_adc.o [1]
  .bss               zero     0x2000'437f       0x1  user_app_comm.o [1]
  .bss               zero     0x2000'4380       0x1  user_app_comm.o [1]
  .bss               zero     0x2000'4381       0x1  user_app_comm.o [1]
  .bss               zero     0x2000'4382       0x1  user_app_comm.o [1]
  .bss               zero     0x2000'4383       0x1  user_app_comm.o [1]
  .bss               zero     0x2000'4384       0x1  user_app_inverter.o [1]
  .bss               zero     0x2000'4385       0x1  user_app_inverter.o [1]
  .bss               zero     0x2000'4386       0x1  user_app_inverter.o [1]
  .bss               zero     0x2000'4387       0x1  user_app_inverter.o [1]
  .bss               zero     0x2000'4388       0x1  user_app_inverter.o [1]
  .bss               zero     0x2000'4389       0x1  user_app_inverter.o [1]
  .bss               zero     0x2000'438a       0x1  user_app_inverter.o [1]
  .bss               zero     0x2000'438b       0x1  user_app_inverter.o [1]
  .bss               zero     0x2000'438c       0x1  user_app_inverter.o [1]
  .bss               zero     0x2000'438d       0x1  user_app_inverter.o [1]
  .bss               zero     0x2000'438e       0x1  user_app_mem.o [1]
  .bss               zero     0x2000'438f       0x1  user_app_mem.o [1]
  .bss               zero     0x2000'4390       0x1  user_app_sim.o [1]
  .bss               zero     0x2000'4391       0x1  user_app_sim.o [1]
  .bss               zero     0x2000'4392       0x1  user_at_serial.o [1]
  .bss               zero     0x2000'4393       0x1  user_external_eeprom.o [1]
  .bss               zero     0x2000'4394       0x1  user_external_eeprom.o [1]
  .bss               zero     0x2000'4395       0x1  user_external_flash.o [1]
  .bss               zero     0x2000'4396       0x1  user_external_flash.o [1]
  .bss               zero     0x2000'4397       0x1  user_external_flash.o [1]
  .bss               zero     0x2000'4398       0x1  user_lpm.o [1]
  .bss               zero     0x2000'4399       0x1  user_rtc.o [1]
  .bss               zero     0x2000'439a       0x1  user_sim.o [1]
  .bss               zero     0x2000'439b       0x1  user_sim.o [1]
  .bss               zero     0x2000'439c       0x1  user_sim.o [1]
  .bss               zero     0x2000'439d       0x1  user_uart.o [1]
  .bss               zero     0x2000'439e       0x1  user_uart.o [1]
  .bss               zero     0x2000'439f       0x1  user_uart.o [1]
                            - 0x2000'43a0    0x3330

"P2", part 3 of 3:                            0x400
  CSTACK                      0x2000'43a0     0x400  <Block>
    CSTACK           uninit   0x2000'43a0     0x400  <Block tail>
                            - 0x2000'47a0     0x400

Unused ranges:

         From           To      Size
         ----           --      ----
   0x801'4476   0x803'ffff  0x2'bb8a
  0x2000'47a0  0x2000'7fff    0x3860


*******************************************************************************
*** INIT TABLE
***

          Address      Size
          -------      ----
Zero (__iar_zero_init3)
    1 destination range, total size 0x3330:
          0x2000'1070  0x3330

Copy/lz77 (__iar_lz77_init_single3)
    1 source range, total size 0x49c (28% of destination):
           0x801'3fda   0x49c
    1 destination range, total size 0x1070:
          0x2000'0000  0x1070



*******************************************************************************
*** MODULE SUMMARY
***

    Module                    ro code  ro data  rw data
    ------                    -------  -------  -------
command line/config:
    ---------------------------------------------------
    Total:

D:\Project_STM32\Saoviet_Container\EWARM\GSM_Container\Obj: [1]
    MQTTConnectClient.o           512       16
    MQTTPacket.o                  284
    MQTTSerializePublish.o        224        4
    MQTTSubscribeClient.o         232        4
    S25FL216K.o                   146
    adc.o                         420                84
    cat24mxx.o                    416                 4
    event_driven.o                 84
    gpio.o                        456
    i2c.o                         176                84
    main.o                        216
    onchipflash.o                 464
    queue_p.o                     440
    rtc.o                          44                32
    spi.o                         188                88
    startup_stm32l151xc.o         500
    stm32l1xx_hal.o               280        3       12
    stm32l1xx_hal_adc.o         1'332
    stm32l1xx_hal_cortex.o        400
    stm32l1xx_hal_dma.o           178
    stm32l1xx_hal_flash.o         424                24
    stm32l1xx_hal_flash_ex.o       44
    stm32l1xx_hal_gpio.o          892
    stm32l1xx_hal_i2c.o         2'918
    stm32l1xx_hal_msp.o            72
    stm32l1xx_hal_pwr.o           124
    stm32l1xx_hal_pwr_ex.o         84
    stm32l1xx_hal_rcc.o         2'156
    stm32l1xx_hal_rcc_ex.o        352
    stm32l1xx_hal_rtc.o         1'856
    stm32l1xx_hal_rtc_ex.o         64
    stm32l1xx_hal_spi.o         1'100
    stm32l1xx_hal_uart.o        2'046
    stm32l1xx_it.o                 92
    system_stm32l1xx.o              2       37        4
    usart.o                       616               204
    user_adc.o                      2                 1
    user_app_comm.o             1'176      109      135
    user_app_inverter.o         3'456      139      438
    user_app_mem.o              3'644      975      116
    user_app_sim.o              2'688      276    1'258
    user_at_serial.o            6'164    1'752      129
    user_ec200u.o               3'136    3'833       90
    user_external_eeprom.o        940      296      674
    user_external_flash.o       3'004      705    4'633
    user_internal_mem.o           720      224      672
    user_log.o                    496        8
    user_lpm.o                    388       48        5
    user_modbus_rtu.o             216
    user_modem.o                  516      149    1'896
    user_modem_init.o             428
    user_mqtt.o                 6'020    1'517    2'800
    user_rtc.o                    936       68       73
    user_sim.o                  4'968      247    1'553
    user_sim_common.o           1'988      317    1'044
    user_string.o                 788
    user_time.o                   668        7       24
    user_timer.o                  964                 4
    user_uart.o                   276        2    1'211
    user_util.o                 1'392       24       20
    ---------------------------------------------------
    Total:                     64'808   10'760   17'312

dl7M_tlf.a: [2]
    exit.o                          4
    low_level_init.o                4
    strstr.o                       44
    ---------------------------------------------------
    Total:                         52

m7M_tl.a: [3]
    DblAdd.o                      378
    DblCmpEq.o                     32
    DblCmpGe.o                     46
    DblCmpLe.o                     46
    DblDiv.o                      582
    DblMul.o                      418
    DblSub.o                      226
    DblToS32.o                     58
    S32ToDbl.o                     34
    U32ToDbl.o                     26
    frexp.o                       112
    iar_Exp64.o                   884
    ldexp.o                       314
    pow64.o                     1'880    1'056
    ---------------------------------------------------
    Total:                      5'036    1'056

rt7M_tl.a: [4]
    ABImemclr4.o                    6
    ABImemcpy.o                   166
    ABImemset.o                   102
    ABImemset48.o                  50
    I64DivMod.o                   560
    I64DivZer.o                     2
    cexit.o                        10
    cmain.o                        30
    cstartup_M.o                   12
    data_init.o                    40
    lz77_init_single.o            120
    memset.o                       20
    strchr.o                       22
    strlen.o                       54
    zero_init3.o                   58
    ---------------------------------------------------
    Total:                      1'252

shb_l.a: [5]
    exit.o                         20
    ---------------------------------------------------
    Total:                         20

    Gaps                           42        4
    Linker created                          32    1'024
-------------------------------------------------------
    Grand Total:               71'210   11'852   18'336


*******************************************************************************
*** ENTRY LIST
***

Entry                       Address   Size  Type      Object
-----                       -------   ----  ----      ------
.iar.init_table$$Base    0x801'2dd0          --   Gb  - Linker created -
.iar.init_table$$Limit   0x801'2df0          --   Gb  - Linker created -
?main                    0x801'2f31         Code  Gb  cmain.o [4]
ADC_ConversionStop_Disable
                         0x800'74a5   0x52  Code  Gb  stm32l1xx_hal_adc.o [1]
ADC_Desequence_Powerhungry_Channels
                         0x800'6fc1    0x2  Code  Gb  user_adc.o [1]
AHBPrescTable            0x801'3478   0x10  Data  Gb  system_stm32l1xx.o [1]
APBPrescTable            0x801'3bb8    0x8  Data  Gb  system_stm32l1xx.o [1]
AdcInitialized          0x2000'437e    0x1  Data  Gb  user_adc.o [1]
AppCom_Calcu_Period_To_RoudTime
                         0x800'3969   0x3a  Code  Lc  user_app_comm.o [1]
AppComm_IRQ_Timer_CallBack
                         0x800'395d    0xc  Code  Gb  user_app_comm.o [1]
AppComm_Init             0x800'388f   0x2a  Code  Gb  user_app_comm.o [1]
AppComm_Set_Next_TxTimer
                         0x800'39d1   0x78  Code  Gb  user_app_comm.o [1]
AppComm_Set_Next_TxTimer::CountMessInit
                        0x2000'4383    0x1  Data  Lc  user_app_comm.o [1]
AppComm_Task             0x800'38bd   0x9e  Code  Gb  user_app_comm.o [1]
AppIVT_Clear_Before_Recv
                         0x800'63b5    0xa  Code  Gb  user_app_inverter.o [1]
AppIVT_Init              0x800'6305   0x10  Code  Gb  user_app_inverter.o [1]
AppIVT_Log_Data_TSVH     0x800'6261   0x2c  Code  Gb  user_app_inverter.o [1]
AppIVT_Packet_TSVH       0x800'60e7  0x122  Code  Gb  user_app_inverter.o [1]
AppIVT_Save_Slave_ID     0x800'6295   0x70  Code  Gb  user_app_inverter.o [1]
AppIVT_Task              0x800'5dfd   0x86  Code  Gb  user_app_inverter.o [1]
AppMem_Cb_Check_Mess_Invalid
                         0x800'53fd   0x60  Code  Gb  user_app_mem.o [1]
AppMem_Cb_Erase_Chip_Fail
                         0x800'5221    0xe  Code  Gb  user_app_mem.o [1]
AppMem_Cb_Erase_Chip_OK
                         0x800'51cd   0x52  Code  Gb  user_app_mem.o [1]
AppMem_Cb_Get_Addr_From_TypeData
                         0x800'5251   0xac  Code  Gb  user_app_mem.o [1]
AppMem_Cb_Read_OK        0x800'4e21  0x172  Code  Gb  user_app_mem.o [1]
AppMem_Cb_Write_OK       0x800'4d01  0x120  Code  Gb  user_app_mem.o [1]
AppMem_Cb_Wrtie_ERROR    0x800'5149   0x7e  Code  Gb  user_app_mem.o [1]
AppMem_Check_New_Record
                         0x800'5643   0x1c  Code  Gb  user_app_mem.o [1]
AppMem_Erase_New_Sector
                         0x800'522f   0x22  Code  Gb  user_app_mem.o [1]
AppMem_Forward_Data_To_Sim
                         0x800'55ad   0x42  Code  Gb  user_app_mem.o [1]
AppMem_Inc_Index_Save    0x800'547d   0x7a  Code  Gb  user_app_mem.o [1]
AppMem_Inc_Index_Send_1
                         0x800'54f7   0x50  Code  Gb  user_app_mem.o [1]
AppMem_Inc_Index_Send_2
                         0x800'5551   0x52  Code  Gb  user_app_mem.o [1]
AppMem_Init              0x800'4cb1   0x4e  Code  Gb  user_app_mem.o [1]
AppMem_PowerOff_ExFlash
                         0x800'55ef   0x26  Code  Gb  user_app_mem.o [1]
AppMem_PowerOn_ExFlash   0x800'5619   0x2a  Code  Gb  user_app_mem.o [1]
AppMem_Process_Resp_AT   0x800'52fd   0x18  Code  Gb  user_app_mem.o [1]
AppMem_Push_Mess_To_Queue_Write
                         0x800'4f93  0x10a  Code  Gb  user_app_mem.o [1]
AppMem_Push_To_Read_Queue
                         0x800'509d   0x60  Code  Gb  user_app_mem.o [1]
AppMem_Set_Read_Resp_AT
                         0x800'531d   0xd0  Code  Gb  user_app_mem.o [1]
AppMem_Task              0x800'4c0f   0xa2  Code  Gb  user_app_mem.o [1]
AppSim_GPS_Error         0x800'ae8d   0xa8  Code  Gb  user_app_sim.o [1]
AppSim_GPS_Extract_Lat_Long
                         0x800'accf  0x192  Code  Gb  user_app_sim.o [1]
AppSim_GPS_OK            0x800'abb9  0x116  Code  Gb  user_app_sim.o [1]
AppSim_Get_Data_From_Flash
                         0x800'ab3b   0x62  Code  Gb  user_app_sim.o [1]
AppSim_Get_Firmware_Version
                         0x800'ab35    0x6  Code  Gb  user_app_sim.o [1]
AppSim_Init              0x800'a68d   0x28  Code  Gb  user_app_sim.o [1]
AppSim_Process_AT_Event
                         0x800'a7b1  0x100  Code  Gb  user_app_sim.o [1]
AppSim_Process_Downl_Mess
                         0x800'aa49   0x52  Code  Gb  user_app_sim.o [1]
AppSim_Process_Sms       0x800'aa9b   0x18  Code  Gb  user_app_sim.o [1]
AppSim_Send_Mess         0x800'a73b   0x76  Code  Gb  user_app_sim.o [1]
AppSim_Start_Module_Sim
                         0x800'af35   0x18  Code  Gb  user_app_sim.o [1]
AppSim_Task              0x800'a6b5   0x86  Code  Gb  user_app_sim.o [1]
AppSim_Unmark_Mess       0x800'ab9d   0x1c  Code  Gb  user_app_sim.o [1]
Appmem_Check_Data_Read   0x800'50fd   0x4a  Code  Gb  user_app_mem.o [1]
BusFault_Handler         0x801'269b    0x2  Code  Gb  stm32l1xx_it.o [1]
CAT24Mxx_Read_Array      0x800'ee1d   0x78  Code  Gb  cat24mxx.o [1]
CAT24Mxx_Write_Array     0x800'ecfd  0x120  Code  Gb  cat24mxx.o [1]
CSTACK$$Base            0x2000'43a0          --   Gb  - Linker created -
CSTACK$$Limit           0x2000'47a0          --   Gb  - Linker created -
Cal_Time                 0x800'1b5b   0x12  Code  Gb  user_util.o [1]
Calculator_Scale         0x800'5fed   0x54  Code  Gb  user_app_inverter.o [1]
Calculator_Scale_IVT     0x800'6041   0x22  Code  Gb  user_app_inverter.o [1]
Cb_TX_Timer_Event        0x800'39a5   0x2c  Code  Lc  user_app_comm.o [1]
CheckList_AT_CONFIG      0x801'1d80  0x310  Data  Gb  user_at_serial.o [1]
Check_AT_User            0x800'14fd  0x1a8  Code  Gb  user_at_serial.o [1]
Check_Complete_Command_IVT
                         0x800'5e83  0x156  Code  Gb  user_app_inverter.o [1]
Check_Complete_Command_IVT::gettick
                        0x2000'4348    0x4  Data  Lc  user_app_inverter.o [1]
Check_Complete_Command_IVT::step
                        0x2000'438d    0x1  Data  Lc  user_app_inverter.o [1]
Check_CountBuffer_Complete_Uart
                         0x800'6063   0x84  Code  Gb  user_app_inverter.o [1]
Check_CountBuffer_Complete_Uart::Get_systick_countBuffer_uart
                        0x2000'434c    0x4  Data  Lc  user_app_inverter.o [1]
Check_CountBuffer_Complete_Uart::State_systick_countBuffer_uart
                        0x2000'4376    0x2  Data  Lc  user_app_inverter.o [1]
Check_CountBuffer_Complete_Uart::check_countBuffer_uart
                        0x2000'4374    0x2  Data  Lc  user_app_inverter.o [1]
Check_Time_Out           0x800'1b3d   0x1e  Code  Gb  user_util.o [1]
Check_update_Time        0x800'3c6f   0x56  Code  Gb  user_time.o [1]
Connect_Packet          0x2000'0ba8   0x58  Data  Gb  user_mqtt.o [1]
Convert_Hex_To_String_Hex
                         0x800'1ea9   0x90  Code  Gb  user_util.o [1]
Convert_String_To_Dec    0x800'1e4b   0x5e  Code  Gb  user_util.o [1]
Convert_Uint64_To_StringDec
                         0x800'1b6d  0x128  Code  Gb  user_util.o [1]
Convert_sTime_ToGMT      0x800'3cc5   0xb0  Code  Gb  user_time.o [1]
Copy_String              0x800'476d   0x5e  Code  Gb  user_string.o [1]
Copy_String_2            0x800'485b   0x36  Code  Gb  user_string.o [1]
Copy_String_section      0x800'47cb   0x48  Code  Gb  user_string.o [1]
Cut_String               0x800'4813   0x48  Code  Gb  user_string.o [1]
DCU_Respond              0x800'19e7   0xe6  Code  Gb  user_modem.o [1]
DataConack_8a           0x2000'04f4    0x4  Data  Lc  user_ec200u.o [1]
DataPuback_8a           0x2000'04fc    0x4  Data  Lc  user_ec200u.o [1]
DataSuback_8a           0x2000'04f8    0x4  Data  Lc  user_ec200u.o [1]
DaysInMonth              0x801'3b80    0xc  Data  Lc  user_rtc.o [1]
DaysInMonth             0x2000'104c    0xc  Data  Lc  user_time.o [1]
DaysInMonthLeapYear      0x801'3b8c    0xc  Data  Lc  user_rtc.o [1]
DaysInMonthLeapYear     0x2000'1058    0xc  Data  Lc  user_time.o [1]
DeInit_Uart_Sim_Rx_IT    0x800'7523    0x2  Code  Gb  user_uart.o [1]
DebugMon_Handler         0x801'26a1    0x2  Code  Gb  stm32l1xx_it.o [1]
EC200U_Check_Step_Long_Timeout
                         0x800'8ec5   0x32  Code  Gb  user_ec200u.o [1]
EC200U_Check_Step_Skip_Error
                         0x800'8f63   0x3c  Code  Gb  user_ec200u.o [1]
EC200U_Get_AT_Cmd        0x800'8ef7    0xc  Code  Gb  user_ec200u.o [1]
EC200U_Get_Delay_2_AT    0x800'8f03   0x26  Code  Gb  user_ec200u.o [1]
EC200U_Is_Step_Check_URC
                         0x800'8f29   0x3a  Code  Gb  user_ec200u.o [1]
Erase_Firmware           0x800'7ee9   0x1e  Code  Gb  onchipflash.o [1]
Error_Handler            0x800'c60d    0x4  Code  Gb  main.o [1]
ExEEPROM_Task            0x800'b827   0x84  Code  Gb  user_external_eeprom.o [1]
FLASH_PageErase          0x800'c94d   0x22  Code  Gb  stm32l1xx_hal_flash_ex.o [1]
FLASH_SetErrorCode       0x800'c8a5   0x80  Code  Lc  stm32l1xx_hal_flash.o [1]
FLASH_WaitForLastOperation
                         0x800'c841   0x64  Code  Gb  stm32l1xx_hal_flash.o [1]
Find_String_V2           0x800'457d  0x130  Code  Gb  user_string.o [1]
Find_str_fix             0x800'46cf   0x9e  Code  Gb  user_string.o [1]
Flash_Get_Infor          0x800'7daf   0x46  Code  Gb  user_internal_mem.o [1]
Get_RTC                  0x800'3ba1   0x4e  Code  Gb  user_time.o [1]
HAL_ADC_ConfigChannel    0x800'72ab  0x1d4  Code  Gb  stm32l1xx_hal_adc.o [1]
HAL_ADC_DeInit           0x800'7185  0x126  Code  Gb  stm32l1xx_hal_adc.o [1]
HAL_ADC_Init             0x800'6fc5  0x1c0  Code  Gb  stm32l1xx_hal_adc.o [1]
HAL_ADC_MspDeInit        0x800'c4ed   0x30  Code  Gb  adc.o [1]
HAL_ADC_MspInit          0x800'c449   0xa4  Code  Gb  adc.o [1]
HAL_DBGMCU_DisableDBGSleepMode
                         0x800'ec95    0xc  Code  Gb  stm32l1xx_hal.o [1]
HAL_DBGMCU_DisableDBGStandbyMode
                         0x800'ecad    0xc  Code  Gb  stm32l1xx_hal.o [1]
HAL_DBGMCU_DisableDBGStopMode
                         0x800'eca1    0xc  Code  Gb  stm32l1xx_hal.o [1]
HAL_DMA_Abort            0x800'ba71   0x54  Code  Gb  stm32l1xx_hal_dma.o [1]
HAL_DMA_Abort_IT         0x800'bac5   0x5e  Code  Gb  stm32l1xx_hal_dma.o [1]
HAL_Delay                0x800'b131   0x28  Code  Wk  stm32l1xx_hal.o [1]
HAL_FLASH_Lock           0x800'c833    0xe  Code  Gb  stm32l1xx_hal_flash.o [1]
HAL_FLASH_Program        0x800'c7a5   0x54  Code  Gb  stm32l1xx_hal_flash.o [1]
HAL_FLASH_Unlock         0x800'c7f9   0x3a  Code  Gb  stm32l1xx_hal_flash.o [1]
HAL_GPIO_DeInit          0x800'6615  0x16c  Code  Gb  stm32l1xx_hal_gpio.o [1]
HAL_GPIO_Init            0x800'644d  0x1c8  Code  Gb  stm32l1xx_hal_gpio.o [1]
HAL_GPIO_WritePin        0x800'6781   0x1a  Code  Gb  stm32l1xx_hal_gpio.o [1]
HAL_GetTick              0x800'9965    0xc  Code  Wk  stm32l1xx_hal.o [1]
HAL_I2C_Init             0x801'0581  0x1d2  Code  Gb  stm32l1xx_hal_i2c.o [1]
HAL_I2C_Mem_Read         0x801'08dd  0x300  Code  Gb  stm32l1xx_hal_i2c.o [1]
HAL_I2C_Mem_Write        0x801'076d  0x16e  Code  Gb  stm32l1xx_hal_i2c.o [1]
HAL_I2C_MspInit          0x800'f549   0x60  Code  Gb  i2c.o [1]
HAL_IncTick              0x801'26f1   0x18  Code  Wk  stm32l1xx_hal.o [1]
HAL_Init                 0x800'ec71   0x24  Code  Gb  stm32l1xx_hal.o [1]
HAL_InitTick             0x800'f2e9   0x60  Code  Wk  stm32l1xx_hal.o [1]
HAL_MspInit              0x801'0539   0x48  Code  Gb  stm32l1xx_hal_msp.o [1]
HAL_NVIC_DisableIRQ      0x800'c761    0xe  Code  Gb  stm32l1xx_hal_cortex.o [1]
HAL_NVIC_EnableIRQ       0x800'c753    0xe  Code  Gb  stm32l1xx_hal_cortex.o [1]
HAL_NVIC_SetPriority     0x800'c729   0x2a  Code  Gb  stm32l1xx_hal_cortex.o [1]
HAL_NVIC_SetPriorityGrouping
                         0x800'c71d    0xc  Code  Gb  stm32l1xx_hal_cortex.o [1]
HAL_PWREx_DisableFastWakeUp
                         0x800'eb95   0x14  Code  Gb  stm32l1xx_hal_pwr_ex.o [1]
HAL_PWREx_DisableUltraLowPower
                         0x800'ebbd   0x14  Code  Gb  stm32l1xx_hal_pwr_ex.o [1]
HAL_PWREx_EnableFastWakeUp
                         0x800'eb81   0x14  Code  Gb  stm32l1xx_hal_pwr_ex.o [1]
HAL_PWREx_EnableUltraLowPower
                         0x800'eba9   0x14  Code  Gb  stm32l1xx_hal_pwr_ex.o [1]
HAL_PWR_EnterSLEEPMode   0x800'ebd5   0x2a  Code  Gb  stm32l1xx_hal_pwr.o [1]
HAL_PWR_EnterSTANDBYMode
                         0x800'ec31   0x18  Code  Gb  stm32l1xx_hal_pwr.o [1]
HAL_PWR_EnterSTOPMode    0x800'ebff   0x32  Code  Gb  stm32l1xx_hal_pwr.o [1]
HAL_RCCEx_PeriphCLKConfig
                         0x800'f5c1  0x14a  Code  Gb  stm32l1xx_hal_rcc_ex.o [1]
HAL_RCC_ClockConfig      0x800'c04f  0x1c6  Code  Gb  stm32l1xx_hal_rcc.o [1]
HAL_RCC_GetHCLKFreq      0x800'c293    0x6  Code  Gb  stm32l1xx_hal_rcc.o [1]
HAL_RCC_GetPCLK1Freq     0x800'c299   0x16  Code  Gb  stm32l1xx_hal_rcc.o [1]
HAL_RCC_GetPCLK2Freq     0x800'c2af   0x16  Code  Gb  stm32l1xx_hal_rcc.o [1]
HAL_RCC_GetSysClockFreq
                         0x800'c215   0x7e  Code  Gb  stm32l1xx_hal_rcc.o [1]
HAL_RCC_OscConfig        0x800'bb29  0x526  Code  Gb  stm32l1xx_hal_rcc.o [1]
[...]
_mDATA_HANDSHAKE         0x800'cb5f  0x434  Code  Gb  user_mqtt.o [1]
_mDATA_INTAN_TSVH        0x800'd03b   0x30  Code  Gb  user_mqtt.o [1]
_mDATA_ON_FLASH          0x800'd06b    0x6  Code  Gb  user_mqtt.o [1]
_mDATA_PING              0x800'd169   0x1a  Code  Gb  user_mqtt.o [1]
_mDATA_STATUS            0x800'd183   0x22  Code  Gb  user_mqtt.o [1]
_mDATA_TSVH_PACKET       0x800'cf93   0x54  Code  Gb  user_mqtt.o [1]
_mDATA_TSVH_PACKET_OPERA
                         0x800'cfe7   0x54  Code  Gb  user_mqtt.o [1]
_mInsert_Ping_Payload    0x800'd24d  0x160  Code  Gb  user_mqtt.o [1]
_mPayload_Sim_ID         0x800'd3c7   0x90  Code  Gb  user_mqtt.o [1]
_mSEND_ALARM_EMERGENCY   0x800'd101   0x68  Code  Gb  user_mqtt.o [1]
_mSEND_EMPTY_MESS        0x800'd6bd   0x32  Code  Gb  user_mqtt.o [1]
_mSEND_HARDRS_MCU        0x800'd0d1   0x30  Code  Gb  user_mqtt.o [1]
_mSEND_RECONNECT_SERVER
                         0x800'd0a1   0x30  Code  Gb  user_mqtt.o [1]
_mSEND_RESPOND_FROM_RF   0x800'd4b3   0x5c  Code  Gb  user_mqtt.o [1]
_mSEND_RESPOND_SERVER    0x800'd457   0x5c  Code  Gb  user_mqtt.o [1]
_mSEND_RESPOND_SERVER_ACK
                         0x800'd50f   0x5c  Code  Gb  user_mqtt.o [1]
_mSEND_SAVE_BOK_OK       0x800'd685   0x32  Code  Gb  user_mqtt.o [1]
_mSEND_SAVE_BOX_FAIL     0x800'd653   0x32  Code  Gb  user_mqtt.o [1]
_mSEND_SERVER_TIME_FAIL
                         0x800'd621   0x32  Code  Gb  user_mqtt.o [1]
_mSEND_SERVER_TIME_OK    0x800'd5ef   0x32  Code  Gb  user_mqtt.o [1]
_mSEND_SERVER_TIME_PENDING
                         0x800'd5bd   0x32  Code  Gb  user_mqtt.o [1]
_mSEND_SHUTTING_DOWN     0x800'd071   0x30  Code  Gb  user_mqtt.o [1]
_mSEND_SIM_ID            0x800'd3ad   0x1a  Code  Gb  user_mqtt.o [1]
_mSEND_UPDATE_FIRM_FAIL
                         0x800'd741   0x8e  Code  Gb  user_mqtt.o [1]
_mSEND_UPDATE_FIRM_OK    0x800'd6fd   0x3e  Code  Gb  user_mqtt.o [1]
_main                    0x801'2f4b         Code  Gb  cmain.o [4]
_rClear_Data_InFlash     0x800'd9f5    0x2  Code  Gb  user_mqtt.o [1]
_rINTAN_DATA             0x800'd7f1    0x2  Code  Gb  user_mqtt.o [1]
_rREQUEST_RESET          0x800'd7cf    0xa  Code  Gb  user_mqtt.o [1]
_rREQ_AT_CMD             0x800'd935   0x18  Code  Gb  user_mqtt.o [1]
_rREQ_AT_TO_RF           0x800'd951   0x18  Code  Gb  user_mqtt.o [1]
_rRESET_DATA             0x800'd919   0x1c  Code  Gb  user_mqtt.o [1]
_rUPDATE_FIRMWARE        0x800'd969   0x34  Code  Gb  user_mqtt.o [1]
_rUPDATE_TIME_SERVER     0x800'd7f3  0x126  Code  Gb  user_mqtt.o [1]
aALRM_EMERGENCY         0x2000'3180  0x400  Data  Gb  user_modem.o [1]
aAPN                    0x2000'0cdc   0x20  Data  Gb  user_sim_common.o [1]
aAPN_DIAL_STRING        0x2000'0cfc   0x20  Data  Gb  user_sim_common.o [1]
aAPN_PASSWORD           0x2000'0d3c   0x20  Data  Gb  user_sim_common.o [1]
aAPN_USERNAME           0x2000'0d1c   0x20  Data  Gb  user_sim_common.o [1]
aAT_CMD                 0x2000'3a80  0x100  Data  Gb  user_modem.o [1]
aConfig_IVT_Flash       0x2000'40e0   0x2c  Data  Gb  user_app_inverter.o [1]
aDATA_CONFIG            0x2000'3ce4   0x80  Data  Gb  user_at_serial.o [1]
aDATA_EEPROM_READ       0x2000'3780  0x100  Data  Lc  user_external_eeprom.o [1]
aDATA_FLASH_READ        0x2000'2d80  0x400  Data  Lc  user_external_flash.o [1]
aDATA_FLASH_SIM         0x2000'3580  0x100  Data  Gb  user_app_sim.o [1]
aDATA_GPS               0x2000'3680  0x100  Data  Gb  user_app_sim.o [1]
aDATA_MQTT              0x2000'1ac0  0x4b0  Data  Gb  user_mqtt.o [1]
aDATA_READ              0x2000'3880  0x100  Data  Lc  user_internal_mem.o [1]
aDCU_ID                 0x2000'0a4c   0x14  Data  Gb  user_modem.o [1]
aFIRM_HTTP_URL          0x2000'0ee4   0x50  Data  Gb  user_sim_common.o [1]
aFIRM_IP                0x2000'0e64   0x20  Data  Gb  user_sim_common.o [1]
aFIRM_NAME              0x2000'0ec4   0x20  Data  Gb  user_sim_common.o [1]
aFIRM_PATH              0x2000'0ea4   0x20  Data  Gb  user_sim_common.o [1]
aFIRM_PORT              0x2000'0e84   0x20  Data  Gb  user_sim_common.o [1]
aFlashCmd               0x2000'06b0   0xb4  Data  Gb  user_external_flash.o [1]
aFlash_Erase_Chip_BlockCmd
                        0x2000'078c   0x10  Data  Lc  user_external_flash.o [1]
aFlash_Erase_Sector_BlockCmd
                        0x2000'0764   0x10  Data  Lc  user_external_flash.o [1]
aFlash_Read_Data_BlockCmd
                        0x2000'0788    0x4  Data  Lc  user_external_flash.o [1]
aFlash_Write_Data_BlockCmd
                        0x2000'0774   0x14  Data  Lc  user_external_flash.o [1]
aIP_SERVER_BACKUP       0x2000'0de0   0x28  Data  Gb  user_sim_common.o [1]
aIP_SERVER_MAIN         0x2000'0d5c   0x28  Data  Gb  user_sim_common.o [1]
aPASS_MQTT_BACKUP       0x2000'0e3c   0x28  Data  Gb  user_sim_common.o [1]
aPASS_MQTT_MAIN         0x2000'0db8   0x28  Data  Gb  user_sim_common.o [1]
aPAYLOAD_MQTT           0x2000'1f70  0x4b0  Data  Gb  user_mqtt.o [1]
aPORT_SERVER_BACKUP     0x2000'0e08    0xc  Data  Gb  user_sim_common.o [1]
aPORT_SERVER_MAIN       0x2000'0d84    0xc  Data  Gb  user_sim_common.o [1]
aPublish_Header         0x2000'4078   0x34  Data  Gb  user_mqtt.o [1]
aQFlashStepControl      0x2000'3dd4   0x64  Data  Lc  user_external_flash.o [1]
aQSimStepComtrol        0x2000'40ac   0x34  Data  Lc  user_sim.o [1]
aRESPONDSE_AT           0x2000'3980  0x100  Data  Gb  user_modem.o [1]
aRead_IVT_Receive       0x2000'4300    0x8  Data  Gb  user_app_inverter.o [1]
aRun_IVT_Receive        0x2000'4310    0x8  Data  Gb  user_app_inverter.o [1]
aSERIAL_MODULESIM       0x2000'42a8   0x18  Data  Gb  user_sim_common.o [1]
aSIM_ID                 0x2000'0cc4   0x18  Data  Gb  user_sim_common.o [1]
aSIM_STEP_PUBLISH       0x2000'04d0    0x4  Data  Gb  user_ec200u.o [1]
aSIM_STEP_PUBLISH_FB    0x2000'04d4    0x4  Data  Gb  user_ec200u.o [1]
aSimEC200UStep           0x801'1204  0x758  Data  Gb  user_ec200u.o [1]
aSimStepBlockConnect    0x2000'04c4    0xc  Data  Gb  user_ec200u.o [1]
aSimStepBlockDisConnect
                        0x2000'04d8    0x4  Data  Gb  user_ec200u.o [1]
aSimStepBlockHttpInit   0x2000'04dc   0x14  Data  Gb  user_ec200u.o [1]
aSimStepBlockHttpRead   0x2000'106c    0x2  Data  Gb  user_ec200u.o [1]
aSimStepBlockInit       0x2000'04a8   0x10  Data  Gb  user_ec200u.o [1]
aSimStepBlockNework     0x2000'04b8    0xc  Data  Gb  user_ec200u.o [1]
aSimStepBlockSMS        0x2000'04f0    0x4  Data  Gb  user_ec200u.o [1]
aSimUrc                  0x801'2430   0xf0  Data  Gb  user_ec200u.o [1]
aSubcribe_Header        0x2000'4044   0x34  Data  Gb  user_mqtt.o [1]
aUART_485_DATA          0x2000'4004   0x40  Data  Gb  user_app_inverter.o [1]
aUSER_MQTT_BACKUP       0x2000'0e14   0x28  Data  Gb  user_sim_common.o [1]
aUSER_MQTT_MAIN         0x2000'0d90   0x28  Data  Gb  user_sim_common.o [1]
aWrite_IVT_Receive      0x2000'4308    0x8  Data  Gb  user_app_inverter.o [1]
at_callback_failure      0x800'83af   0x14  Code  Lc  user_ec200u.o [1]
at_callback_success      0x800'83a9    0x6  Code  Lc  user_ec200u.o [1]
config_IVT_u8           0x2000'4385    0x1  Data  Gb  user_app_inverter.o [1]
connect_IVT_u8          0x2000'4386    0x1  Data  Gb  user_app_inverter.o [1]
eFlash_Check_Data_Init_Pos
                         0x800'a259   0x8e  Code  Gb  user_external_flash.o [1]
eFlash_Check_Pos_PartA   0x800'a329   0x9a  Code  Gb  user_external_flash.o [1]
eFlash_Check_Pos_PartA::MarkDefaultVar
                        0x2000'4396    0x1  Data  Lc  user_external_flash.o [1]
eFlash_Check_Pos_PartB   0x800'a3e9   0xca  Code  Gb  user_external_flash.o [1]
eFlash_Check_Pos_PartB::MarkDefaultVar
                        0x2000'4397    0x1  Data  Lc  user_external_flash.o [1]
eFlash_Check_Write_To_PartAB
                         0x800'a2ff    0x8  Code  Gb  user_external_flash.o [1]
eFlash_Default_Struct_Init_Pos
                         0x800'a11d   0x16  Code  Gb  user_external_flash.o [1]
eFlash_Get_Step_From_Queue
                         0x800'a0e1   0x36  Code  Gb  user_external_flash.o [1]
eFlash_Init              0x800'9f91   0x58  Code  Gb  user_external_flash.o [1]
eFlash_Is_Queue_Read_Empty
                         0x800'a22b   0x14  Code  Gb  user_external_flash.o [1]
eFlash_Is_Queue_Write_Empty
                         0x800'a23f   0x14  Code  Gb  user_external_flash.o [1]
eFlash_Push_Block_To_Queue
                         0x800'a0b1   0x30  Code  Gb  user_external_flash.o [1]
eFlash_Push_Step_Erase_Chip
                         0x800'a141    0xe  Code  Gb  user_external_flash.o [1]
eFlash_Push_Step_Erase_Sector
                         0x800'a133    0xe  Code  Gb  user_external_flash.o [1]
eFlash_Push_Step_To_Queue
                         0x800'a07b   0x36  Code  Gb  user_external_flash.o [1]
eFlash_Send_Address      0x800'a06f    0xc  Code  Gb  user_external_flash.o [1]
eFlash_Send_To_Queue_Read
                         0x800'a2e7   0x18  Code  Gb  user_external_flash.o [1]
eFlash_Send_To_Queue_Write
                         0x800'a307   0x18  Code  Gb  user_external_flash.o [1]
eFlash_Setup_Init        0x800'a21b   0x10  Code  Gb  user_external_flash.o [1]
eFlash_Status            0x800'a213    0x8  Code  Gb  user_external_flash.o [1]
eFlash_Task              0x800'9fe9   0x86  Code  Gb  user_external_flash.o [1]
eFlash_Test_Write        0x800'a14f   0xc4  Code  Gb  user_external_flash.o [1]
eFlash_Test_Write::Retry
                        0x2000'4395    0x1  Data  Lc  user_external_flash.o [1]
exit                     0x801'2f53    0x4  Code  Gb  exit.o [2]
fPushBlockSimStepToQueue
                         0x800'2773   0x30  Code  Gb  user_sim.o [1]
fPushSimStepToQueue      0x800'272b   0x48  Code  Gb  user_sim.o [1]
fevent_active            0x800'35d5   0x1e  Code  Gb  event_driven.o [1]
fevent_disable           0x800'3617   0x12  Code  Gb  event_driven.o [1]
fevent_enable            0x800'35f3   0x24  Code  Gb  event_driven.o [1]
fevent_sim_at_send_handler
                         0x800'2259  0x100  Code  Lc  user_sim.o [1]
fevent_sim_at_send_ok_handler
                         0x800'2359   0xf2  Code  Lc  user_sim.o [1]
fevent_sim_at_send_timeout_handler
                         0x800'244b   0x8c  Code  Lc  user_sim.o [1]
fevent_sim_dtr_pin_handler
                         0x800'2677   0x28  Code  Lc  user_sim.o [1]
fevent_sim_dtr_pin_handler::DTR_PIN_Control_u8
                        0x2000'439b    0x1  Data  Lc  user_sim.o [1]
fevent_sim_hard_reset_handler
                         0x800'265f   0x12  Code  Lc  user_sim.o [1]
fevent_sim_power_off_handler
                         0x800'269f   0x8c  Code  Lc  user_sim.o [1]
fevent_sim_turn_on_handler
                         0x800'253f  0x120  Code  Lc  user_sim.o [1]
fevent_sim_uart_receive_handler
                         0x800'24d7   0x68  Code  Lc  user_sim.o [1]
fevent_sim_uart_receive_handler::LastLengthRecv
                        0x2000'437c    0x2  Data  Lc  user_sim.o [1]
fevent_sim_uart_receive_handler::MarkFirst
                        0x2000'439a    0x1  Data  Lc  user_sim.o [1]
fevent_sim_wake_up_handler
                         0x800'2671    0x6  Code  Lc  user_sim.o [1]
frexp                    0x800'fb55         Code  Gb  frexp.o [3]
frexpl                   0x800'fb55         Code  Gb  frexp.o [3]
hadc                    0x2000'3e90   0x54  Data  Gb  adc.o [1]
hi2c1                   0x2000'3ee4   0x54  Data  Gb  i2c.o [1]
hrtc                    0x2000'4134   0x20  Data  Gb  rtc.o [1]
hspi2                   0x2000'3e38   0x58  Data  Gb  spi.o [1]
huart1                  0x2000'3f38   0x44  Data  Gb  usart.o [1]
huart2                  0x2000'3f7c   0x44  Data  Gb  usart.o [1]
huart3                  0x2000'3fc0   0x44  Data  Gb  usart.o [1]
ldexp                    0x800'fbf5         Code  Gb  ldexp.o [3]
ldexpl                   0x800'fbf5         Code  Gb  ldexp.o [3]
lnbias                   0x801'1960  0x420  Data  Lc  pow64.o [3]
mConnect_MQTT            0x800'dacb   0x46  Code  Gb  user_mqtt.o [1]
mData_MQTT               0x800'cae5   0x7a  Code  Gb  user_mqtt.o [1]
mInit_Header_Subcribe    0x800'd9f7   0xd4  Code  Gb  user_mqtt.o [1]
mPayload_Load_MesErr     0x800'd585   0x38  Code  Gb  user_mqtt.o [1]
mPayload_Update_Add      0x800'd56b   0x1a  Code  Gb  user_mqtt.o [1]
mPublish_MQTT            0x800'db31    0xa  Code  Gb  user_mqtt.o [1]
mSave_Index_Record       0x800'222d   0x2c  Code  Gb  user_modem_init.o [1]
mSend_Packet_MQTT        0x800'cae3    0x2  Code  Gb  user_mqtt.o [1]
mSet_default_MQTT        0x800'ca39   0x18  Code  Gb  user_mqtt.o [1]
mSubcribe_MQTT           0x800'db11   0x20  Code  Gb  user_mqtt.o [1]
mUpdate_Split_FTP        0x800'd99d   0x58  Code  Gb  user_mqtt.o [1]
main                     0x800'c539   0x2c  Code  Gb  main.o [1]
memset                   0x800'35c1   0x14  Code  Gb  memset.o [4]
pFlash                  0x2000'4170   0x18  Data  Gb  stm32l1xx_hal_flash.o [1]
pFunc_Log_To_Mem        0x2000'4368    0x4  Data  Gb  user_util.o [1]
pModemProcessIRQTimer   0x2000'4354    0x4  Data  Gb  user_rtc.o [1]
permit_run_stop_485_IVT
                        0x2000'4384    0x1  Data  Gb  user_app_inverter.o [1]
pow                      0x800'e1e1  0x6d0  Code  Gb  pow64.o [3]
powl                     0x800'e1e1  0x6d0  Code  Gb  pow64.o [3]
qCopy_Data_From_Queue    0x800'98ad   0x60  Code  Lc  queue_p.o [1]
qCopy_Data_To_Queue      0x800'9835   0x78  Code  Lc  queue_p.o [1]
qExEEPROMRead           0x2000'41a0   0x18  Data  Gb  user_external_eeprom.o [1]
qExEEPROMWrite          0x2000'41b8   0x18  Data  Gb  user_external_eeprom.o [1]
qFlashRead              0x2000'41e8   0x18  Data  Gb  user_external_flash.o [1]
qFlashStep              0x2000'41d0   0x18  Data  Gb  user_external_flash.o [1]
qFlashWrite             0x2000'4200   0x18  Data  Gb  user_external_flash.o [1]
qGet_Number_Items        0x800'990d    0x4  Code  Gb  queue_p.o [1]
qOnFlashRead            0x2000'4218   0x18  Data  Gb  user_internal_mem.o [1]
qOnFlashWrite           0x2000'4230   0x18  Data  Gb  user_internal_mem.o [1]
qQueue_Back_Item         0x800'9911   0x54  Code  Gb  queue_p.o [1]
qQueue_Clear             0x800'97db    0xe  Code  Gb  queue_p.o [1]
qQueue_Create            0x800'97ad   0x2e  Code  Gb  queue_p.o [1]
qQueue_Receive           0x800'9813   0x22  Code  Gb  queue_p.o [1]
qQueue_Send              0x800'97e9   0x2a  Code  Gb  queue_p.o [1]
qSimStep                0x2000'4290   0x18  Data  Gb  user_sim.o [1]
response_IVT_u16        0x2000'436e    0x2  Data  Gb  user_app_inverter.o [1]
run_stop_485_IVT        0x2000'106f    0x1  Data  Gb  user_app_inverter.o [1]
sAppMem                 0x2000'42c0   0x10  Data  Gb  user_app_mem.o [1]
sAppSimVar              0x2000'0000  0x290  Data  Gb  user_app_sim.o [1]
sCheck_Config_485_Inverter
                        0x2000'433c    0x4  Data  Gb  user_app_inverter.o [1]
sConfig_485_IVT         0x2000'0384    0x8  Data  Gb  user_app_inverter.o [1]
sConfig_IVT             0x2000'0364   0x18  Data  Gb  user_app_inverter.o [1]
sEventAppComm           0x2000'029c   0x60  Data  Gb  user_app_comm.o [1]
sEventAppIVT            0x2000'0304   0x60  Data  Gb  user_app_inverter.o [1]
sEventAppMem            0x2000'03f0   0x60  Data  Gb  user_app_mem.o [1]
sEventAppSim            0x2000'0450   0x40  Data  Gb  user_app_sim.o [1]
sEventExEEPROM          0x2000'0500   0x30  Data  Gb  user_external_eeprom.o [1]
sEventExFlash           0x2000'0670   0x40  Data  Gb  user_external_flash.o [1]
sEventOnChipFlash       0x2000'08dc   0x30  Data  Gb  user_internal_mem.o [1]
sEventSim               0x2000'0c00   0x90  Data  Gb  user_sim.o [1]
sExEEPROM               0x2000'0530  0x140  Data  Gb  user_external_eeprom.o [1]
sExFlash                0x2000'079c  0x140  Data  Gb  user_external_flash.o [1]
sExFlashInit            0x2000'42d0    0xc  Data  Gb  user_external_flash.o [1]
sFROM_Manager           0x2000'4330    0x4  Data  Gb  cat24mxx.o [1]
sFileSys                0x2000'1008   0x44  Data  Gb  user_sim_common.o [1]
sFirmVersion            0x2000'02fc    0x8  Data  Gb  user_app_comm.o [1]
sFre_IVT_Receive        0x2000'4328    0x8  Data  Gb  user_app_inverter.o [1]
sFreqInfor              0x2000'0b8c    0xc  Data  Gb  user_modem.o [1]
sFuncCBModem            0x2000'4358    0x4  Data  Gb  user_sim.o [1]
sLPMFeatureHandler      0x2000'4350    0x4  Data  Gb  user_lpm.o [1]
sMQTT                   0x2000'3b80   0xc4  Data  Gb  user_mqtt.o [1]
sMark_DCU_Type           0x801'2628   0x6c  Data  Gb  user_mqtt.o [1]
sMark_MessageRecei_Type
                         0x801'2520   0x90  Data  Gb  user_mqtt.o [1]
sMark_MessageSend_Type   0x801'2280  0x1b0  Data  Gb  user_mqtt.o [1]
sModem                  0x2000'0b40   0x4c  Data  Gb  user_modem.o [1]
sModemCallBackToSimHandler
                        0x2000'0490   0x18  Data  Gb  user_app_sim.o [1]
sModemLPMHandler        0x2000'0b98   0x10  Data  Gb  user_modem.o [1]
sOnFlash                0x2000'090c  0x140  Data  Gb  user_internal_mem.o [1]
sQFlashRead             0x2000'3c44   0xa0  Data  Lc  user_external_flash.o [1]
sQFlashWrite            0x2000'1070  0xa50  Data  Lc  user_external_flash.o [1]
sRTC                    0x2000'42f4    0xc  Data  Gb  user_util.o [1]
sRTCSet                 0x2000'42dc    0xc  Data  Gb  user_modem.o [1]
sRead_485_IVT           0x2000'037c    0x8  Data  Gb  user_app_inverter.o [1]
sRead_485_Inverter      0x2000'4318    0x8  Data  Gb  user_app_inverter.o [1]
sRecEvent               0x2000'0a98   0x38  Data  Gb  user_modem.o [1]
sRecGPS                 0x2000'0b08   0x38  Data  Gb  user_modem.o [1]
sRecLog                 0x2000'0ad0   0x38  Data  Gb  user_modem.o [1]
sRecTSVH                0x2000'0a60   0x38  Data  Gb  user_modem.o [1]
sRun_485_IVT            0x2000'038c    0x8  Data  Gb  user_app_inverter.o [1]
sRun_Stop_485_Inverter  0x2000'4320    0x8  Data  Gb  user_app_inverter.o [1]
sSimCallBackHandler     0x2000'0cb4   0x10  Data  Gb  user_sim.o [1]
sSimCommFuncCallBack    0x2000'435c    0x4  Data  Gb  user_sim_common.o [1]
sSimCommon              0x2000'3d64   0x70  Data  Gb  user_sim_common.o [1]
sSimFwUpdate            0x2000'0fb8   0x50  Data  Gb  user_sim_common.o [1]
sSimInfor               0x2000'0f34   0x84  Data  Gb  user_sim_common.o [1]
sSimVar                 0x2000'0c98   0x1c  Data  Gb  user_sim.o [1]
sTempHumi               0x2000'0394   0x54  Data  Gb  user_app_inverter.o [1]
sUart485                0x2000'03e8    0x8  Data  Gb  user_app_inverter.o [1]
sUartDebug              0x2000'1064    0x8  Data  Gb  user_uart.o [1]
sUartSim                0x2000'0c90    0x8  Data  Gb  user_sim.o [1]
scalbln                  0x800'fbf5         Code  Gb  ldexp.o [3]
scalblnl                 0x800'fbf5         Code  Gb  ldexp.o [3]
scalbn                   0x800'fbf5         Code  Gb  ldexp.o [3]
scalbnl                  0x800'fbf5         Code  Gb  ldexp.o [3]
strchr                   0x800'f721         Code  Gb  strchr.o [4]
strlen                   0x800'7b0d         Code  Gb  strlen.o [4]
strstr                   0x800'c979   0x2c  Code  Gb  strstr.o [2]
topicString             0x2000'42e8    0xc  Data  Gb  user_mqtt.o [1]
uartSimBuffReceive      0x2000'2420  0x4b0  Data  Gb  user_sim.o [1]
uwTick                  0x2000'4334    0x4  Data  Gb  stm32l1xx_hal.o [1]
uwTickFreq              0x2000'0294    0x4  Data  Gb  stm32l1xx_hal.o [1]
uwTickPrio              0x2000'0290    0x4  Data  Gb  stm32l1xx_hal.o [1]
writeCString             0x801'116d   0x34  Code  Gb  MQTTPacket.o [1]
writeChar                0x801'1137    0xc  Code  Gb  MQTTPacket.o [1]
writeInt                 0x801'1143   0x2a  Code  Gb  MQTTPacket.o [1]
writeMQTTString          0x801'11a1   0x46  Code  Gb  MQTTPacket.o [1]


[1] = D:\Project_STM32\Saoviet_Container\EWARM\GSM_Container\Obj
[2] = dl7M_tlf.a
[3] = m7M_tl.a
[4] = rt7M_tl.a
[5] = shb_l.a

  71'210 bytes of readonly  code memory
  11'852 bytes of readonly  data memory
  18'336 bytes of readwrite data memory

Errors: none
Warnings: none
