###############################################################################
#
# IAR ELF Linker V8.40.2.214/W32 for ARM                  24/May/2023  09:09:30
# Copyright 2007-2019 IAR Systems AB.
#
#    Output file  =
#        E:\8.2023\3.GSM_Container\EWARM\GSM_Container\Exe\GSM_Container.out
#    Map file     =
#        E:\8.2023\3.GSM_Container\EWARM\GSM_Container\List\GSM_Container.map
#    Command line =
#        -f C:\Users\chien\AppData\Local\Temp\EWB661.tmp
#        (E:\8.2023\3.GSM_Container\EWARM\GSM_Container\Obj\adc.o
#        E:\8.2023\3.GSM_Container\EWARM\GSM_Container\Obj\cat24mxx.o
#        E:\8.2023\3.GSM_Container\EWARM\GSM_Container\Obj\event_driven.o
#        E:\8.2023\3.GSM_Container\EWARM\GSM_Container\Obj\gpio.o
#        E:\8.2023\3.GSM_Container\EWARM\GSM_Container\Obj\i2c.o
#        E:\8.2023\3.GSM_Container\EWARM\GSM_Container\Obj\main.o
#        E:\8.2023\3.GSM_Container\EWARM\GSM_Container\Obj\MQTTConnectClient.o
#        E:\8.2023\3.GSM_Container\EWARM\GSM_Container\Obj\MQTTConnectServer.o
#        E:\8.2023\3.GSM_Container\EWARM\GSM_Container\Obj\MQTTDeserializePublish.o
#        E:\8.2023\3.GSM_Container\EWARM\GSM_Container\Obj\MQTTFormat.o
#        E:\8.2023\3.GSM_Container\EWARM\GSM_Container\Obj\MQTTPacket.o
#        E:\8.2023\3.GSM_Container\EWARM\GSM_Container\Obj\MQTTSerializePublish.o
#        E:\8.2023\3.GSM_Container\EWARM\GSM_Container\Obj\MQTTSubscribeClient.o
#        E:\8.2023\3.GSM_Container\EWARM\GSM_Container\Obj\MQTTSubscribeServer.o
#        E:\8.2023\3.GSM_Container\EWARM\GSM_Container\Obj\MQTTUnsubscribeClient.o
#        E:\8.2023\3.GSM_Container\EWARM\GSM_Container\Obj\MQTTUnsubscribeServer.o
#        E:\8.2023\3.GSM_Container\EWARM\GSM_Container\Obj\onchipflash.o
#        E:\8.2023\3.GSM_Container\EWARM\GSM_Container\Obj\queue_p.o
#        E:\8.2023\3.GSM_Container\EWARM\GSM_Container\Obj\rtc.o
#        E:\8.2023\3.GSM_Container\EWARM\GSM_Container\Obj\S25FL216K.o
#        E:\8.2023\3.GSM_Container\EWARM\GSM_Container\Obj\spi.o
#        E:\8.2023\3.GSM_Container\EWARM\GSM_Container\Obj\startup_stm32l151xc.o
#        E:\8.2023\3.GSM_Container\EWARM\GSM_Container\Obj\stm32l1xx_hal.o
#        E:\8.2023\3.GSM_Container\EWARM\GSM_Container\Obj\stm32l1xx_hal_adc.o
#        E:\8.2023\3.GSM_Container\EWARM\GSM_Container\Obj\stm32l1xx_hal_adc_ex.o
#        E:\8.2023\3.GSM_Container\EWARM\GSM_Container\Obj\stm32l1xx_hal_cortex.o
#        E:\8.2023\3.GSM_Container\EWARM\GSM_Container\Obj\stm32l1xx_hal_dma.o
#        E:\8.2023\3.GSM_Container\EWARM\GSM_Container\Obj\stm32l1xx_hal_exti.o
#        E:\8.2023\3.GSM_Container\EWARM\GSM_Container\Obj\stm32l1xx_hal_flash.o
#        E:\8.2023\3.GSM_Container\EWARM\GSM_Container\Obj\stm32l1xx_hal_flash_ex.o
#        E:\8.2023\3.GSM_Container\EWARM\GSM_Container\Obj\stm32l1xx_hal_flash_ramfunc.o
#        E:\8.2023\3.GSM_Container\EWARM\GSM_Container\Obj\stm32l1xx_hal_gpio.o
#        E:\8.2023\3.GSM_Container\EWARM\GSM_Container\Obj\stm32l1xx_hal_i2c.o
#        E:\8.2023\3.GSM_Container\EWARM\GSM_Container\Obj\stm32l1xx_hal_msp.o
#        E:\8.2023\3.GSM_Container\EWARM\GSM_Container\Obj\stm32l1xx_hal_pwr.o
#        E:\8.2023\3.GSM_Container\EWARM\GSM_Container\Obj\stm32l1xx_hal_pwr_ex.o
#        E:\8.2023\3.GSM_Container\EWARM\GSM_Container\Obj\stm32l1xx_hal_rcc.o
#        E:\8.2023\3.GSM_Container\EWARM\GSM_Container\Obj\stm32l1xx_hal_rcc_ex.o
#        E:\8.2023\3.GSM_Container\EWARM\GSM_Container\Obj\stm32l1xx_hal_rtc.o
#        E:\8.2023\3.GSM_Container\EWARM\GSM_Container\Obj\stm32l1xx_hal_rtc_ex.o
#        E:\8.2023\3.GSM_Container\EWARM\GSM_Container\Obj\stm32l1xx_hal_spi.o
#        E:\8.2023\3.GSM_Container\EWARM\GSM_Container\Obj\stm32l1xx_hal_tim.o
#        E:\8.2023\3.GSM_Container\EWARM\GSM_Container\Obj\stm32l1xx_hal_tim_ex.o
#        E:\8.2023\3.GSM_Container\EWARM\GSM_Container\Obj\stm32l1xx_hal_uart.o
#        E:\8.2023\3.GSM_Container\EWARM\GSM_Container\Obj\stm32l1xx_it.o
#        E:\8.2023\3.GSM_Container\EWARM\GSM_Container\Obj\system_stm32l1xx.o
#        E:\8.2023\3.GSM_Container\EWARM\GSM_Container\Obj\usart.o
#        E:\8.2023\3.GSM_Container\EWARM\GSM_Container\Obj\user_adc.o
#        E:\8.2023\3.GSM_Container\EWARM\GSM_Container\Obj\user_app_comm.o
#        E:\8.2023\3.GSM_Container\EWARM\GSM_Container\Obj\user_app_mem.o
#        E:\8.2023\3.GSM_Container\EWARM\GSM_Container\Obj\user_app_sim.o
#        E:\8.2023\3.GSM_Container\EWARM\GSM_Container\Obj\user_app_temh.o
#        E:\8.2023\3.GSM_Container\EWARM\GSM_Container\Obj\user_at_serial.o
#        E:\8.2023\3.GSM_Container\EWARM\GSM_Container\Obj\user_ec200u.o
#        E:\8.2023\3.GSM_Container\EWARM\GSM_Container\Obj\user_external_eeprom.o
#        E:\8.2023\3.GSM_Container\EWARM\GSM_Container\Obj\user_external_flash.o
#        E:\8.2023\3.GSM_Container\EWARM\GSM_Container\Obj\user_internal_mem.o
#        E:\8.2023\3.GSM_Container\EWARM\GSM_Container\Obj\user_log.o
#        E:\8.2023\3.GSM_Container\EWARM\GSM_Container\Obj\user_lpm.o
#        E:\8.2023\3.GSM_Container\EWARM\GSM_Container\Obj\user_modbus_rtu.o
#        E:\8.2023\3.GSM_Container\EWARM\GSM_Container\Obj\user_modem.o
#        E:\8.2023\3.GSM_Container\EWARM\GSM_Container\Obj\user_modem_init.o
#        E:\8.2023\3.GSM_Container\EWARM\GSM_Container\Obj\user_mqtt.o
#        E:\8.2023\3.GSM_Container\EWARM\GSM_Container\Obj\user_obis_sv.o
#        E:\8.2023\3.GSM_Container\EWARM\GSM_Container\Obj\user_rtc.o
#        E:\8.2023\3.GSM_Container\EWARM\GSM_Container\Obj\user_sim.o
#        E:\8.2023\3.GSM_Container\EWARM\GSM_Container\Obj\user_sim_common.o
#        E:\8.2023\3.GSM_Container\EWARM\GSM_Container\Obj\user_string.o
#        E:\8.2023\3.GSM_Container\EWARM\GSM_Container\Obj\user_time.o
#        E:\8.2023\3.GSM_Container\EWARM\GSM_Container\Obj\user_timer.o
#        E:\8.2023\3.GSM_Container\EWARM\GSM_Container\Obj\user_uart.o
#        E:\8.2023\3.GSM_Container\EWARM\GSM_Container\Obj\user_util.o
#        --no_out_extension -o
#        E:\8.2023\3.GSM_Container\EWARM\GSM_Container\Exe\GSM_Container.out
#        --redirect _Printf=_PrintfFullNoMb --redirect _Scanf=_ScanfFullNoMb
#        --map
#        E:\8.2023\3.GSM_Container\EWARM\GSM_Container\List\GSM_Container.map
#        --config E:\8.2023\3.GSM_Container\EWARM/stm32l151xc_flash.icf
#        --semihosting --entry __iar_program_start --vfe --text_out locale)
#
###############################################################################

*******************************************************************************
*** RUNTIME MODEL ATTRIBUTES
***

CppFlavor       = *
__SystemLibrary = DLib
__dlib_version  = 6


*******************************************************************************
*** HEAP SELECTION
***

The basic heap was selected because no calls to memory allocation
functions were found in the application outside of system library
functions, and there are calls to deallocation functions in the
application.


*******************************************************************************
*** PLACEMENT SUMMARY
***

"A0":  place at address 0x800'0000 { ro section .intvec };
"P1":  place in [from 0x800'0000 to 0x803'ffff] { ro };
define block CSTACK with size = 1K, alignment = 8 { };
define block HEAP with size = 512, alignment = 8 { };
"P2":  place in [from 0x2000'0000 to 0x2000'7fff] {
          rw, block CSTACK, block HEAP };
initialize by copy { rw };

  Section            Kind         Address      Size  Object
  -------            ----         -------      ----  ------
"A0":                                         0x124
  .intvec            ro code   0x800'0000     0x124  startup_stm32l151xc.o [1]
                             - 0x800'0124     0x124

"P1":                                      0x1'265a
  .text              ro code   0x800'0124    0x1814  user_at_serial.o [1]
  .text              ro code   0x800'1938     0x218  user_modem.o [1]
  .text              ro code   0x800'1b50     0x570  user_util.o [1]
  .text              ro code   0x800'20c0     0x2d8  user_modem_init.o [1]
  .text              ro code   0x800'2398    0x1374  user_sim.o [1]
  .text              ro code   0x800'370c      0x14  memset.o [4]
  .text              ro code   0x800'3720      0x42  event_driven.o [1]
  .text              ro code   0x800'3762      0x3a  zero_init3.o [4]
  .text              ro code   0x800'379c     0x434  user_app_comm.o [1]
  .text              ro code   0x800'3bd0      0xa6  ABImemcpy.o [4]
  .rodata            const     0x800'3c76       0x2  user_ec200u.o [1]
  .text              ro code   0x800'3c78     0x29c  user_time.o [1]
  .text              ro code   0x800'3f14     0x740  stm32l1xx_hal_rtc.o [1]
  .text              ro code   0x800'4654     0x314  user_string.o [1]
  .text              ro code   0x800'4968     0xe00  user_app_mem.o [1]
  .text              ro code   0x800'5768     0xeb4  user_app_temh.o [1]
  .text              ro code   0x800'661c     0x394  stm32l1xx_hal_gpio.o [1]
  .text              ro code   0x800'69b0     0x76c  stm32l1xx_hal_uart.o [1]
  .text              ro code   0x800'711c     0x13a  user_adc.o [1]
  .rodata            const     0x800'7256       0x2  user_ec200u.o [1]
  .text              ro code   0x800'7258     0x734  stm32l1xx_hal_adc.o [1]
  .text              ro code   0x800'798c     0x268  usart.o [1]
  .text              ro code   0x800'7bf4      0x66  ABImemset.o [4]
  .text              ro code   0x800'7c5c     0x230  I64DivMod.o [4]
  .text              ro code   0x800'7e8c      0x36  strlen.o [4]
  .text              ro code   0x800'7ec4     0x2bc  user_internal_mem.o [1]
  .text              ro code   0x800'8180     0x1d0  onchipflash.o [1]
  .text              ro code   0x800'8350     0x3c4  user_timer.o [1]
  .text              ro code   0x800'8714     0xc28  user_ec200u.o [1]
  .text              ro code   0x800'933c     0x7cc  user_sim_common.o [1]
  .text              ro code   0x800'9b08     0x1b8  queue_p.o [1]
  .text              ro code   0x800'9cc0       0xc  stm32l1xx_hal.o [1]
  .text              ro code   0x800'9ccc     0xb80  user_external_flash.o [1]
  .text              ro code   0x800'a84c      0x24  user_lpm.o [1]
  .text              ro code   0x800'a870     0x858  user_app_sim.o [1]
  .text              ro code   0x800'b0c8      0x28  stm32l1xx_hal.o [1]
  .text              ro code   0x800'b0f0      0x38  user_uart.o [1]
  .text              ro code   0x800'b128      0x2c  rtc.o [1]
  .text              ro code   0x800'b154     0x3a8  user_rtc.o [1]
  .text              ro code   0x800'b4fc       0x2  stm32l1xx_hal_rtc_ex.o [1]
  .text              ro code   0x800'b500     0x2e4  user_external_eeprom.o [1]
  .text              ro code   0x800'b7e4      0xbc  spi.o [1]
  .text              ro code   0x800'b8a0      0xd8  user_modbus_rtu.o [1]
  .text              ro code   0x800'b978      0xb2  stm32l1xx_hal_dma.o [1]
  .text              ro code   0x800'ba2a       0x2  stm32l1xx_hal_uart.o [1]
  .text              ro code   0x800'ba2c       0x2  stm32l1xx_hal_uart.o [1]
  .text              ro code   0x800'ba2e       0x2  stm32l1xx_hal_uart.o [1]
  .text              ro code   0x800'ba30       0x2  stm32l1xx_hal_uart.o [1]
  .text              ro code   0x800'ba34     0x86c  stm32l1xx_hal_rcc.o [1]
  .text              ro code   0x800'c2a0      0xd8  main.o [1]
  .text              ro code   0x800'c378     0x1a4  adc.o [1]
  .text              ro code   0x800'c51c     0x190  stm32l1xx_hal_cortex.o [1]
  .text              ro code   0x800'c6ac       0x2  I64DivZer.o [4]
  .text              ro code   0x800'c6b0     0x1a8  stm32l1xx_hal_flash.o [1]
  .text              ro code   0x800'c858      0x2c  stm32l1xx_hal_flash_ex.o [1]
  .text              ro code   0x800'c884      0x2c  strstr.o [2]
  .text              ro code   0x800'c8b0      0x92  S25FL216K.o [1]
  .text              ro code   0x800'c944      0x4c  stm32l1xx_hal.o [1]
  .text              ro code   0x800'c990    0x12fc  user_mqtt.o [1]
  .text              ro code   0x800'dc8c      0x3e  stm32l1xx_hal_rtc_ex.o [1]
  .text              ro code   0x800'dccc     0x1a0  cat24mxx.o [1]
  .text              ro code   0x800'de6c     0x44c  stm32l1xx_hal_spi.o [1]
  .text              ro code   0x800'e2b8      0x60  stm32l1xx_hal.o [1]
  .text              ro code   0x800'e318     0x1c8  gpio.o [1]
  .text              ro code   0x800'e4e0      0xb0  i2c.o [1]
  .text              ro code   0x800'e590     0x160  stm32l1xx_hal_rcc_ex.o [1]
  .text              ro code   0x800'e6f0      0x16  strchr.o [4]
  .text              ro code   0x800'e708      0x48  stm32l1xx_hal_msp.o [1]
  .text              ro code   0x800'e750      0xe0  MQTTSerializePublish.o [1]
  .text              ro code   0x800'e830       0x6  ABImemclr4.o [4]
  .text              ro code   0x800'e838      0xe8  MQTTSubscribeClient.o [1]
  .text              ro code   0x800'e920     0x200  MQTTConnectClient.o [1]
  .text              ro code   0x800'eb20     0xb66  stm32l1xx_hal_i2c.o [1]
  .text              ro code   0x800'f688     0x11c  MQTTPacket.o [1]
  .text              ro code   0x800'f7a4      0x32  ABImemset48.o [4]
  .rodata            const     0x800'f7d8     0x758  user_ec200u.o [1]
  .rodata            const     0x800'ff30     0x310  user_at_serial.o [1]
  .text              ro code   0x801'0240     0x1f0  user_log.o [1]
  .rodata            const     0x801'0430     0x1b0  user_mqtt.o [1]
  .rodata            const     0x801'05e0      0xf0  user_ec200u.o [1]
  .text              ro code   0x801'06d0      0xf0  stm32l1xx_it.o [1]
  .text              ro code   0x801'07c0      0x18  stm32l1xx_hal.o [1]
  .rodata            const     0x801'07d8      0x90  user_mqtt.o [1]
  .text              ro code   0x801'0868      0x78  lz77_init_single.o [4]
  .rodata            const     0x801'08e0      0x54  user_mqtt.o [1]
  .rodata            const     0x801'0934      0x2c  user_ec200u.o [1]
  .rodata            const     0x801'0960      0x2c  user_rtc.o [1]
  .rodata            const     0x801'098c      0x28  user_app_mem.o [1]
  .rodata            const     0x801'09b4      0x28  user_app_mem.o [1]
  .rodata            const     0x801'09dc      0x28  user_app_temh.o [1]
  .rodata            const     0x801'0a04      0x28  user_app_temh.o [1]
  .rodata            const     0x801'0a2c      0x28  user_ec200u.o [1]
  .rodata            const     0x801'0a54      0x28  user_external_eeprom.o [1]
  .rodata            const     0x801'0a7c      0x28  user_external_eeprom.o [1]
  .rodata            const     0x801'0aa4      0x28  user_external_eeprom.o [1]
  .rodata            const     0x801'0acc      0x28  user_external_flash.o [1]
  .rodata            const     0x801'0af4      0x28  user_external_flash.o [1]
  .rodata            const     0x801'0b1c      0x28  user_external_flash.o [1]
  .rodata            const     0x801'0b44      0x28  user_external_flash.o [1]
  .rodata            const     0x801'0b6c      0x28  user_external_flash.o [1]
  .rodata            const     0x801'0b94      0x28  user_external_flash.o [1]
  .rodata            const     0x801'0bbc      0x28  user_internal_mem.o [1]
  .rodata            const     0x801'0be4      0x28  user_internal_mem.o [1]
  .rodata            const     0x801'0c0c      0x28  user_internal_mem.o [1]
  .text              ro code   0x801'0c34      0x28  data_init.o [4]
  .rodata            const     0x801'0c5c      0x24  user_app_mem.o [1]
  .rodata            const     0x801'0c80      0x24  user_app_mem.o [1]
  .rodata            const     0x801'0ca4      0x24  user_app_mem.o [1]
  .rodata            const     0x801'0cc8      0x24  user_app_mem.o [1]
  .rodata            const     0x801'0cec      0x24  user_app_mem.o [1]
  .rodata            const     0x801'0d10      0x24  user_app_mem.o [1]
  .rodata            const     0x801'0d34      0x24  user_app_mem.o [1]
  .rodata            const     0x801'0d58      0x24  user_app_mem.o [1]
  .rodata            const     0x801'0d7c      0x24  user_app_mem.o [1]
  .rodata            const     0x801'0da0      0x24  user_app_mem.o [1]
  .rodata            const     0x801'0dc4      0x24  user_app_mem.o [1]
  .rodata            const     0x801'0de8      0x24  user_app_mem.o [1]
  .rodata            const     0x801'0e0c      0x24  user_app_mem.o [1]
  .rodata            const     0x801'0e30      0x24  user_app_mem.o [1]
  .rodata            const     0x801'0e54      0x24  user_app_mem.o [1]
  .rodata            const     0x801'0e78      0x24  user_app_mem.o [1]
  .rodata            const     0x801'0e9c      0x24  user_app_mem.o [1]
  .rodata            const     0x801'0ec0      0x24  user_app_mem.o [1]
  .rodata            const     0x801'0ee4      0x24  user_app_mem.o [1]
  .rodata            const     0x801'0f08      0x24  user_app_mem.o [1]
  .rodata            const     0x801'0f2c      0x24  user_app_mem.o [1]
  .rodata            const     0x801'0f50      0x24  user_app_mem.o [1]
  .rodata            const     0x801'0f74      0x24  user_app_sim.o [1]
  .rodata            const     0x801'0f98      0x24  user_app_temh.o [1]
  .rodata            const     0x801'0fbc      0x24  user_external_eeprom.o [1]
  .rodata            const     0x801'0fe0      0x24  user_external_eeprom.o [1]
  .rodata            const     0x801'1004      0x24  user_external_flash.o [1]
  .rodata            const     0x801'1028      0x24  user_external_flash.o [1]
  .rodata            const     0x801'104c      0x24  user_mqtt.o [1]
  .iar.init_table    const     0x801'1070      0x20  - Linker created -
  .rodata            const     0x801'1090      0x20  user_app_mem.o [1]
  .rodata            const     0x801'10b0      0x20  user_app_sim.o [1]
  .rodata            const     0x801'10d0      0x20  user_app_temh.o [1]
  .rodata            const     0x801'10f0      0x20  user_app_temh.o [1]
  .rodata            const     0x801'1110      0x20  user_app_temh.o [1]
  .rodata            const     0x801'1130      0x20  user_app_temh.o [1]
  .rodata            const     0x801'1150      0x20  user_at_serial.o [1]
  .rodata            const     0x801'1170      0x20  user_ec200u.o [1]
  .rodata            const     0x801'1190      0x20  user_ec200u.o [1]
  .rodata            const     0x801'11b0      0x20  user_ec200u.o [1]
  .rodata            const     0x801'11d0      0x20  user_ec200u.o [1]
  .rodata            const     0x801'11f0      0x20  user_ec200u.o [1]
  .rodata            const     0x801'1210      0x20  user_modem.o [1]
  .rodata            const     0x801'1230      0x20  user_mqtt.o [1]
  .text              ro code   0x801'1250      0x1e  cmain.o [4]
  .text              ro code   0x801'126e       0x4  low_level_init.o [2]
  .text              ro code   0x801'1272       0x4  exit.o [2]
  .text              ro code   0x801'1278       0xa  cexit.o [4]
  .text              ro code   0x801'1284      0x14  exit.o [5]
  .rodata            const     0x801'1298      0x1c  user_app_comm.o [1]
  .rodata            const     0x801'12b4      0x1c  user_app_sim.o [1]
  .rodata            const     0x801'12d0      0x1c  user_app_temh.o [1]
  .rodata            const     0x801'12ec      0x1c  user_app_temh.o [1]
  .rodata            const     0x801'1308      0x1c  user_ec200u.o [1]
  .rodata            const     0x801'1324      0x1c  user_ec200u.o [1]
  .rodata            const     0x801'1340      0x1c  user_ec200u.o [1]
  .rodata            const     0x801'135c      0x1c  user_ec200u.o [1]
  .rodata            const     0x801'1378      0x1c  user_external_flash.o [1]
  .rodata            const     0x801'1394      0x1c  user_external_flash.o [1]
  .rodata            const     0x801'13b0      0x1c  user_mqtt.o [1]
  .rodata            const     0x801'13cc      0x18  user_ec200u.o [1]
  .rodata            const     0x801'13e4      0x18  user_ec200u.o [1]
  .rodata            const     0x801'13fc      0x18  user_ec200u.o [1]
  .rodata            const     0x801'1414      0x18  user_ec200u.o [1]
  .rodata            const     0x801'142c      0x18  user_ec200u.o [1]
  .rodata            const     0x801'1444      0x18  user_mqtt.o [1]
  .rodata            const     0x801'145c      0x18  user_sim.o [1]
  .rodata            const     0x801'1474      0x18  user_sim.o [1]
  .rodata            const     0x801'148c      0x14  user_app_comm.o [1]
  .rodata            const     0x801'14a0      0x14  user_app_mem.o [1]
  .rodata            const     0x801'14b4      0x14  user_at_serial.o [1]
  .rodata            const     0x801'14c8      0x14  user_at_serial.o [1]
  .rodata            const     0x801'14dc      0x14  user_at_serial.o [1]
  .rodata            const     0x801'14f0      0x14  user_at_serial.o [1]
  .rodata            const     0x801'1504      0x14  user_ec200u.o [1]
  .rodata            const     0x801'1518      0x14  user_ec200u.o [1]
  .rodata            const     0x801'152c      0x14  user_ec200u.o [1]
  .rodata            const     0x801'1540      0x14  user_ec200u.o [1]
  .rodata            const     0x801'1554      0x14  user_ec200u.o [1]
  .rodata            const     0x801'1568      0x14  user_ec200u.o [1]
  .rodata            const     0x801'157c      0x14  user_ec200u.o [1]
  .rodata            const     0x801'1590      0x14  user_ec200u.o [1]
  .rodata            const     0x801'15a4      0x14  user_ec200u.o [1]
  .rodata            const     0x801'15b8      0x14  user_ec200u.o [1]
  .rodata            const     0x801'15cc      0x14  user_ec200u.o [1]
  .rodata            const     0x801'15e0      0x14  user_ec200u.o [1]
  .rodata            const     0x801'15f4      0x14  user_external_flash.o [1]
  .rodata            const     0x801'1608      0x14  user_external_flash.o [1]
  .rodata            const     0x801'161c      0x14  user_external_flash.o [1]
  .rodata            const     0x801'1630      0x14  user_external_flash.o [1]
  .rodata            const     0x801'1644      0x14  user_external_flash.o [1]
  .rodata            const     0x801'1658      0x14  user_modem.o [1]
  .rodata            const     0x801'166c      0x14  user_mqtt.o [1]
  .rodata            const     0x801'1680      0x14  user_mqtt.o [1]
  .rodata            const     0x801'1694      0x14  user_mqtt.o [1]
  .rodata            const     0x801'16a8      0x14  user_mqtt.o [1]
  .rodata            const     0x801'16bc      0x14  user_mqtt.o [1]
  .rodata            const     0x801'16d0      0x14  user_mqtt.o [1]
  .rodata            const     0x801'16e4      0x14  user_mqtt.o [1]
  .rodata            const     0x801'16f8      0x14  user_mqtt.o [1]
  .rodata            const     0x801'170c      0x14  user_sim.o [1]
  .rodata            const     0x801'1720      0x14  user_sim.o [1]
  .rodata            const     0x801'1734      0x14  user_sim.o [1]
  .rodata            const     0x801'1748      0x14  user_sim.o [1]
  .rodata            const     0x801'175c      0x14  user_sim.o [1]
  .rodata            const     0x801'1770      0x14  user_sim.o [1]
  .rodata            const     0x801'1784      0x10  system_stm32l1xx.o [1]
  .rodata            const     0x801'1794      0x10  user_app_comm.o [1]
  .rodata            const     0x801'17a4      0x10  user_app_comm.o [1]
  .rodata            const     0x801'17b4      0x10  user_app_mem.o [1]
  .rodata            const     0x801'17c4      0x10  user_app_temh.o [1]
  .rodata            const     0x801'17d4      0x10  user_at_serial.o [1]
  .rodata            const     0x801'17e4      0x10  user_at_serial.o [1]
  .rodata            const     0x801'17f4      0x10  user_at_serial.o [1]
  .rodata            const     0x801'1804      0x10  user_at_serial.o [1]
  .rodata            const     0x801'1814      0x10  user_at_serial.o [1]
  .rodata            const     0x801'1824      0x10  user_at_serial.o [1]
  .rodata            const     0x801'1834      0x10  user_at_serial.o [1]
  .rodata            const     0x801'1844      0x10  user_at_serial.o [1]
  .rodata            const     0x801'1854      0x10  user_at_serial.o [1]
  .rodata            const     0x801'1864      0x10  user_at_serial.o [1]
  .rodata            const     0x801'1874      0x10  user_at_serial.o [1]
  .rodata            const     0x801'1884      0x10  user_at_serial.o [1]
  .rodata            const     0x801'1894      0x10  user_at_serial.o [1]
  .rodata            const     0x801'18a4      0x10  user_at_serial.o [1]
  .rodata            const     0x801'18b4      0x10  user_at_serial.o [1]
  .rodata            const     0x801'18c4      0x10  user_at_serial.o [1]
  .rodata            const     0x801'18d4      0x10  user_at_serial.o [1]
  .rodata            const     0x801'18e4      0x10  user_at_serial.o [1]
  .rodata            const     0x801'18f4      0x10  user_at_serial.o [1]
  .rodata            const     0x801'1904      0x10  user_at_serial.o [1]
  .rodata            const     0x801'1914      0x10  user_at_serial.o [1]
  .rodata            const     0x801'1924      0x10  user_at_serial.o [1]
  .rodata            const     0x801'1934      0x10  user_at_serial.o [1]
  .rodata            const     0x801'1944      0x10  user_at_serial.o [1]
  .rodata            const     0x801'1954      0x10  user_at_serial.o [1]
  .rodata            const     0x801'1964      0x10  user_ec200u.o [1]
  .rodata            const     0x801'1974      0x10  user_ec200u.o [1]
  .rodata            const     0x801'1984      0x10  user_ec200u.o [1]
  .rodata            const     0x801'1994      0x10  user_ec200u.o [1]
  .rodata            const     0x801'19a4      0x10  user_ec200u.o [1]
  .rodata            const     0x801'19b4      0x10  user_ec200u.o [1]
  .rodata            const     0x801'19c4      0x10  user_ec200u.o [1]
  .rodata            const     0x801'19d4      0x10  user_ec200u.o [1]
  .rodata            const     0x801'19e4      0x10  user_ec200u.o [1]
  .rodata            const     0x801'19f4      0x10  user_ec200u.o [1]
  .rodata            const     0x801'1a04      0x10  user_ec200u.o [1]
  .rodata            const     0x801'1a14      0x10  user_ec200u.o [1]
  .rodata            const     0x801'1a24      0x10  user_ec200u.o [1]
  .rodata            const     0x801'1a34      0x10  user_ec200u.o [1]
  .rodata            const     0x801'1a44      0x10  user_ec200u.o [1]
  .rodata            const     0x801'1a54      0x10  user_ec200u.o [1]
  .rodata            const     0x801'1a64      0x10  user_ec200u.o [1]
  .rodata            const     0x801'1a74      0x10  user_ec200u.o [1]
  .rodata            const     0x801'1a84      0x10  user_ec200u.o [1]
  .rodata            const     0x801'1a94      0x10  user_external_flash.o [1]
  .rodata            const     0x801'1aa4      0x10  user_external_flash.o [1]
  .rodata            const     0x801'1ab4      0x10  user_external_flash.o [1]
  .rodata            const     0x801'1ac4      0x10  user_external_flash.o [1]
  .rodata            const     0x801'1ad4      0x10  user_mqtt.o [1]
  .rodata            const     0x801'1ae4      0x10  user_mqtt.o [1]
  .rodata            const     0x801'1af4      0x10  user_mqtt.o [1]
  .rodata            const     0x801'1b04      0x10  user_mqtt.o [1]
  .rodata            const     0x801'1b14      0x10  user_mqtt.o [1]
  .rodata            const     0x801'1b24      0x10  user_mqtt.o [1]
  .rodata            const     0x801'1b34      0x10  user_mqtt.o [1]
  .rodata            const     0x801'1b44      0x10  user_mqtt.o [1]
  .rodata            const     0x801'1b54      0x10  user_mqtt.o [1]
  .rodata            const     0x801'1b64      0x10  user_mqtt.o [1]
  .rodata            const     0x801'1b74      0x10  user_mqtt.o [1]
  .rodata            const     0x801'1b84      0x10  user_mqtt.o [1]
  .rodata            const     0x801'1b94      0x10  user_sim.o [1]
  .rodata            const     0x801'1ba4      0x10  user_sim_common.o [1]
  .text              ro code   0x801'1bb4      0x10  startup_stm32l151xc.o [1]
  .rodata            const     0x801'1bc4       0xc  system_stm32l1xx.o [1]
  .rodata            const     0x801'1bd0       0xc  user_at_serial.o [1]
  .rodata            const     0x801'1bdc       0xc  user_at_serial.o [1]
  .rodata            const     0x801'1be8       0xc  user_at_serial.o [1]
  .rodata            const     0x801'1bf4       0xc  user_at_serial.o [1]
  .rodata            const     0x801'1c00       0xc  user_at_serial.o [1]
  .rodata            const     0x801'1c0c       0xc  user_at_serial.o [1]
  .rodata            const     0x801'1c18       0xc  user_at_serial.o [1]
  .rodata            const     0x801'1c24       0xc  user_at_serial.o [1]
  .rodata            const     0x801'1c30       0xc  user_at_serial.o [1]
  .rodata            const     0x801'1c3c       0xc  user_at_serial.o [1]
  .rodata            const     0x801'1c48       0xc  user_at_serial.o [1]
  .rodata            const     0x801'1c54       0xc  user_at_serial.o [1]
  .rodata            const     0x801'1c60       0xc  user_at_serial.o [1]
  .rodata            const     0x801'1c6c       0xc  user_at_serial.o [1]
  .rodata            const     0x801'1c78       0xc  user_at_serial.o [1]
  .rodata            const     0x801'1c84       0xc  user_at_serial.o [1]
  .rodata            const     0x801'1c90       0xc  user_at_serial.o [1]
  .rodata            const     0x801'1c9c       0xc  user_at_serial.o [1]
  .rodata            const     0x801'1ca8       0xc  user_at_serial.o [1]
  .rodata            const     0x801'1cb4       0xc  user_at_serial.o [1]
  .rodata            const     0x801'1cc0       0xc  user_at_serial.o [1]
  .rodata            const     0x801'1ccc       0xc  user_ec200u.o [1]
  .rodata            const     0x801'1cd8       0xc  user_ec200u.o [1]
  .rodata            const     0x801'1ce4       0xc  user_ec200u.o [1]
  .rodata            const     0x801'1cf0       0xc  user_ec200u.o [1]
  .rodata            const     0x801'1cfc       0xc  user_ec200u.o [1]
  .rodata            const     0x801'1d08       0xc  user_ec200u.o [1]
  .rodata            const     0x801'1d14       0xc  user_ec200u.o [1]
  .rodata            const     0x801'1d20       0xc  user_ec200u.o [1]
  .rodata            const     0x801'1d2c       0xc  user_ec200u.o [1]
  .rodata            const     0x801'1d38       0xc  user_ec200u.o [1]
  .rodata            const     0x801'1d44       0xc  user_ec200u.o [1]
  .rodata            const     0x801'1d50       0xc  user_ec200u.o [1]
  .rodata            const     0x801'1d5c       0xc  user_ec200u.o [1]
  .rodata            const     0x801'1d68       0xc  user_ec200u.o [1]
  .rodata            const     0x801'1d74       0xc  user_ec200u.o [1]
  .rodata            const     0x801'1d80       0xc  user_ec200u.o [1]
  .rodata            const     0x801'1d8c       0xc  user_ec200u.o [1]
  .rodata            const     0x801'1d98       0xc  user_ec200u.o [1]
  .rodata            const     0x801'1da4       0xc  user_ec200u.o [1]
  .rodata            const     0x801'1db0       0xc  user_ec200u.o [1]
  .rodata            const     0x801'1dbc       0xc  user_ec200u.o [1]
  .rodata            const     0x801'1dc8       0xc  user_ec200u.o [1]
  .rodata            const     0x801'1dd4       0xc  user_ec200u.o [1]
  .rodata            const     0x801'1de0       0xc  user_ec200u.o [1]
  .rodata            const     0x801'1dec       0xc  user_ec200u.o [1]
  .rodata            const     0x801'1df8       0xc  user_ec200u.o [1]
  .rodata            const     0x801'1e04       0xc  user_ec200u.o [1]
  .rodata            const     0x801'1e10       0xc  user_ec200u.o [1]
  .rodata            const     0x801'1e1c       0xc  user_ec200u.o [1]
  .rodata            const     0x801'1e28       0xc  user_ec200u.o [1]
  .rodata            const     0x801'1e34       0xc  user_ec200u.o [1]
  .rodata            const     0x801'1e40       0xc  user_ec200u.o [1]
  .rodata            const     0x801'1e4c       0xc  user_ec200u.o [1]
  .rodata            const     0x801'1e58       0xc  user_ec200u.o [1]
  .rodata            const     0x801'1e64       0xc  user_ec200u.o [1]
  .rodata            const     0x801'1e70       0xc  user_mqtt.o [1]
  .rodata            const     0x801'1e7c       0xc  user_rtc.o [1]
  .rodata            const     0x801'1e88       0xc  user_rtc.o [1]
  .rodata            const     0x801'1e94       0xc  user_sim_common.o [1]
  .text              ro code   0x801'1ea0       0xc  cstartup_M.o [4]
  .rodata            const     0x801'1eac       0x8  MQTTConnectClient.o [1]
  .rodata            const     0x801'1eb4       0x8  system_stm32l1xx.o [1]
  .rodata            const     0x801'1ebc       0x8  user_app_mem.o [1]
  .rodata            const     0x801'1ec4       0x8  user_app_sim.o [1]
  .rodata            const     0x801'1ecc       0x8  user_app_temh.o [1]
  .rodata            const     0x801'1ed4       0x8  user_app_temh.o [1]
  .rodata            const     0x801'1edc       0x8  user_app_temh.o [1]
  .rodata            const     0x801'1ee4       0x8  user_at_serial.o [1]
  .rodata            const     0x801'1eec       0x8  user_at_serial.o [1]
  .rodata            const     0x801'1ef4       0x8  user_at_serial.o [1]
  .rodata            const     0x801'1efc       0x8  user_at_serial.o [1]
  .rodata            const     0x801'1f04       0x8  user_at_serial.o [1]
  .rodata            const     0x801'1f0c       0x8  user_at_serial.o [1]
  .rodata            const     0x801'1f14       0x8  user_at_serial.o [1]
  .rodata            const     0x801'1f1c       0x8  user_at_serial.o [1]
  .rodata            const     0x801'1f24       0x8  user_at_serial.o [1]
  .rodata            const     0x801'1f2c       0x8  user_at_serial.o [1]
  .rodata            const     0x801'1f34       0x8  user_at_serial.o [1]
  .rodata            const     0x801'1f3c       0x8  user_at_serial.o [1]
  .rodata            const     0x801'1f44       0x8  user_at_serial.o [1]
  .rodata            const     0x801'1f4c       0x8  user_at_serial.o [1]
  .rodata            const     0x801'1f54       0x8  user_at_serial.o [1]
  .rodata            const     0x801'1f5c       0x8  user_at_serial.o [1]
  .rodata            const     0x801'1f64       0x8  user_at_serial.o [1]
  .rodata            const     0x801'1f6c       0x8  user_at_serial.o [1]
  .rodata            const     0x801'1f74       0x8  user_at_serial.o [1]
  .rodata            const     0x801'1f7c       0x8  user_at_serial.o [1]
  .rodata            const     0x801'1f84       0x8  user_at_serial.o [1]
  .rodata            const     0x801'1f8c       0x8  user_at_serial.o [1]
  .rodata            const     0x801'1f94       0x8  user_at_serial.o [1]
  .rodata            const     0x801'1f9c       0x8  user_at_serial.o [1]
  .rodata            const     0x801'1fa4       0x8  user_at_serial.o [1]
  .rodata            const     0x801'1fac       0x8  user_ec200u.o [1]
  .rodata            const     0x801'1fb4       0x8  user_ec200u.o [1]
  .rodata            const     0x801'1fbc       0x8  user_ec200u.o [1]
  .rodata            const     0x801'1fc4       0x8  user_ec200u.o [1]
  .rodata            const     0x801'1fcc       0x8  user_ec200u.o [1]
  .rodata            const     0x801'1fd4       0x8  user_ec200u.o [1]
  .rodata            const     0x801'1fdc       0x8  user_ec200u.o [1]
  .rodata            const     0x801'1fe4       0x8  user_ec200u.o [1]
  .rodata            const     0x801'1fec       0x8  user_ec200u.o [1]
  .rodata            const     0x801'1ff4       0x8  user_ec200u.o [1]
  .rodata            const     0x801'1ffc       0x8  user_ec200u.o [1]
  .rodata            const     0x801'2004       0x8  user_ec200u.o [1]
  .rodata            const     0x801'200c       0x8  user_ec200u.o [1]
  .rodata            const     0x801'2014       0x8  user_ec200u.o [1]
  .rodata            const     0x801'201c       0x8  user_ec200u.o [1]
  .rodata            const     0x801'2024       0x8  user_ec200u.o [1]
  .rodata            const     0x801'202c       0x8  user_ec200u.o [1]
  .rodata            const     0x801'2034       0x8  user_ec200u.o [1]
  .rodata            const     0x801'203c       0x8  user_ec200u.o [1]
  .rodata            const     0x801'2044       0x8  user_ec200u.o [1]
  .rodata            const     0x801'204c       0x8  user_ec200u.o [1]
  .rodata            const     0x801'2054       0x8  user_ec200u.o [1]
  .rodata            const     0x801'205c       0x8  user_ec200u.o [1]
  .rodata            const     0x801'2064       0x8  user_ec200u.o [1]
  .rodata            const     0x801'206c       0x8  user_ec200u.o [1]
  .rodata            const     0x801'2074       0x8  user_ec200u.o [1]
  .rodata            const     0x801'207c       0x8  user_ec200u.o [1]
  .rodata            const     0x801'2084       0x8  user_ec200u.o [1]
  .rodata            const     0x801'208c       0x8  user_log.o [1]
  .rodata            const     0x801'2094       0x8  user_mqtt.o [1]
  .rodata            const     0x801'209c       0x8  user_mqtt.o [1]
  .rodata            const     0x801'20a4       0x8  user_mqtt.o [1]
  .rodata            const     0x801'20ac       0x8  user_mqtt.o [1]
  .rodata            const     0x801'20b4       0x8  user_mqtt.o [1]
  .rodata            const     0x801'20bc       0x8  user_mqtt.o [1]
  .rodata            const     0x801'20c4       0x8  user_mqtt.o [1]
  .rodata            const     0x801'20cc       0x8  user_mqtt.o [1]
  .rodata            const     0x801'20d4       0x8  user_mqtt.o [1]
  .rodata            const     0x801'20dc       0x8  user_mqtt.o [1]
  .rodata            const     0x801'20e4       0x8  user_mqtt.o [1]
  .rodata            const     0x801'20ec       0x8  user_mqtt.o [1]
  .rodata            const     0x801'20f4       0x8  user_mqtt.o [1]
  .rodata            const     0x801'20fc       0x8  user_mqtt.o [1]
  .rodata            const     0x801'2104       0x8  user_mqtt.o [1]
  .rodata            const     0x801'210c       0x8  user_mqtt.o [1]
  .rodata            const     0x801'2114       0x8  user_mqtt.o [1]
  .rodata            const     0x801'211c       0x8  user_mqtt.o [1]
  .rodata            const     0x801'2124       0x8  user_mqtt.o [1]
  .rodata            const     0x801'212c       0x8  user_mqtt.o [1]
  .rodata            const     0x801'2134       0x8  user_mqtt.o [1]
  .rodata            const     0x801'213c       0x8  user_mqtt.o [1]
  .rodata            const     0x801'2144       0x8  user_mqtt.o [1]
  .rodata            const     0x801'214c       0x8  user_mqtt.o [1]
  .rodata            const     0x801'2154       0x8  user_mqtt.o [1]
  .rodata            const     0x801'215c       0x8  user_mqtt.o [1]
  .rodata            const     0x801'2164       0x8  user_mqtt.o [1]
  .rodata            const     0x801'216c       0x8  user_mqtt.o [1]
  .rodata            const     0x801'2174       0x8  user_mqtt.o [1]
  .rodata            const     0x801'217c       0x8  user_mqtt.o [1]
  .rodata            const     0x801'2184       0x8  user_mqtt.o [1]
  .rodata            const     0x801'218c       0x8  user_mqtt.o [1]
  .rodata            const     0x801'2194       0x8  user_mqtt.o [1]
  .rodata            const     0x801'219c       0x8  user_mqtt.o [1]
  .rodata            const     0x801'21a4       0x8  user_mqtt.o [1]
  .rodata            const     0x801'21ac       0x8  user_mqtt.o [1]
  .rodata            const     0x801'21b4       0x8  user_sim.o [1]
  .rodata            const     0x801'21bc       0x8  user_sim_common.o [1]
  .rodata            const     0x801'21c4       0x8  user_sim_common.o [1]
  .rodata            const     0x801'21cc       0x8  user_sim_common.o [1]
  .rodata            const     0x801'21d4       0x8  user_sim_common.o [1]
  .rodata            const     0x801'21dc       0x8  user_util.o [1]
  .rodata            const     0x801'21e4       0x8  user_util.o [1]
  .rodata            const     0x801'21ec       0x8  user_util.o [1]
  .rodata            const     0x801'21f4       0x4  MQTTConnectClient.o [1]
  .rodata            const     0x801'21f8       0x4  MQTTConnectClient.o [1]
  .rodata            const     0x801'21fc       0x4  MQTTSerializePublish.o [1]
  .rodata            const     0x801'2200       0x4  MQTTSubscribeClient.o [1]
  .rodata            const     0x801'2204       0x4  user_at_serial.o [1]
  .rodata            const     0x801'2208       0x4  user_ec200u.o [1]
  .rodata            const     0x801'220c       0x4  user_ec200u.o [1]
  .rodata            const     0x801'2210       0x4  user_ec200u.o [1]
  .rodata            const     0x801'2214       0x4  user_ec200u.o [1]
  .rodata            const     0x801'2218       0x4  user_ec200u.o [1]
  .rodata            const     0x801'221c       0x4  user_mqtt.o [1]
  .rodata            const     0x801'2220       0x4  user_sim_common.o [1]
  .text              ro code   0x801'2224       0x4  startup_stm32l151xc.o [1]
  .text              ro code   0x801'2228       0x4  startup_stm32l151xc.o [1]
  .text              ro code   0x801'222c       0x4  startup_stm32l151xc.o [1]
  .text              ro code   0x801'2230       0x4  startup_stm32l151xc.o [1]
  .text              ro code   0x801'2234       0x4  startup_stm32l151xc.o [1]
  .text              ro code   0x801'2238       0x4  startup_stm32l151xc.o [1]
  .text              ro code   0x801'223c       0x4  startup_stm32l151xc.o [1]
  .text              ro code   0x801'2240       0x4  startup_stm32l151xc.o [1]
  .text              ro code   0x801'2244       0x4  startup_stm32l151xc.o [1]
  .text              ro code   0x801'2248       0x4  startup_stm32l151xc.o [1]
  .text              ro code   0x801'224c       0x4  startup_stm32l151xc.o [1]
  .text              ro code   0x801'2250       0x4  startup_stm32l151xc.o [1]
  .text              ro code   0x801'2254       0x4  startup_stm32l151xc.o [1]
  .text              ro code   0x801'2258       0x4  startup_stm32l151xc.o [1]
  .text              ro code   0x801'225c       0x4  startup_stm32l151xc.o [1]
  .text              ro code   0x801'2260       0x4  startup_stm32l151xc.o [1]
  .text              ro code   0x801'2264       0x4  startup_stm32l151xc.o [1]
  .text              ro code   0x801'2268       0x4  startup_stm32l151xc.o [1]
  .text              ro code   0x801'226c       0x4  startup_stm32l151xc.o [1]
  .text              ro code   0x801'2270       0x4  startup_stm32l151xc.o [1]
  .text              ro code   0x801'2274       0x4  startup_stm32l151xc.o [1]
  .text              ro code   0x801'2278       0x4  startup_stm32l151xc.o [1]
  .text              ro code   0x801'227c       0x4  startup_stm32l151xc.o [1]
  .text              ro code   0x801'2280       0x4  startup_stm32l151xc.o [1]
  .text              ro code   0x801'2284       0x4  startup_stm32l151xc.o [1]
  .text              ro code   0x801'2288       0x4  startup_stm32l151xc.o [1]
  .text              ro code   0x801'228c       0x4  startup_stm32l151xc.o [1]
  .text              ro code   0x801'2290       0x4  startup_stm32l151xc.o [1]
  .text              ro code   0x801'2294       0x4  startup_stm32l151xc.o [1]
  .text              ro code   0x801'2298       0x4  startup_stm32l151xc.o [1]
  .text              ro code   0x801'229c       0x4  startup_stm32l151xc.o [1]
  .text              ro code   0x801'22a0       0x4  startup_stm32l151xc.o [1]
  .text              ro code   0x801'22a4       0x4  startup_stm32l151xc.o [1]
  .text              ro code   0x801'22a8       0x4  startup_stm32l151xc.o [1]
  .text              ro code   0x801'22ac       0x4  startup_stm32l151xc.o [1]
  .text              ro code   0x801'22b0       0x4  startup_stm32l151xc.o [1]
  .text              ro code   0x801'22b4       0x4  startup_stm32l151xc.o [1]
  .text              ro code   0x801'22b8       0x4  startup_stm32l151xc.o [1]
  .text              ro code   0x801'22bc       0x4  startup_stm32l151xc.o [1]
  .text              ro code   0x801'22c0       0x4  startup_stm32l151xc.o [1]
  .text              ro code   0x801'22c4       0x4  startup_stm32l151xc.o [1]
  .text              ro code   0x801'22c8       0x4  startup_stm32l151xc.o [1]
  .text              ro code   0x801'22cc       0x4  startup_stm32l151xc.o [1]
  .text              ro code   0x801'22d0       0x4  startup_stm32l151xc.o [1]
  .text              ro code   0x801'22d4       0x4  startup_stm32l151xc.o [1]
  .text              ro code   0x801'22d8       0x4  startup_stm32l151xc.o [1]
  .text              ro code   0x801'22dc       0x4  startup_stm32l151xc.o [1]
  .text              ro code   0x801'22e0       0x4  startup_stm32l151xc.o [1]
  .text              ro code   0x801'22e4       0x2  system_stm32l1xx.o [1]
  .rodata            const     0x801'22e6       0x0  zero_init3.o [4]
  .rodata            const     0x801'22e6       0x0  lz77_init_single.o [4]
  Initializer bytes  const     0x801'22e6     0x498  <for P2-1>
                             - 0x801'277e  0x1'265a

"P2", part 1 of 3:                            0xe00
  P2-1                        0x2000'0000     0xe00  <Init block>
    .data            inited   0x2000'0000       0x4  stm32l1xx_hal.o [1]
    .data            inited   0x2000'0004       0x4  stm32l1xx_hal.o [1]
    .data            inited   0x2000'0008       0x4  system_stm32l1xx.o [1]
    .data            inited   0x2000'000c      0x60  user_app_comm.o [1]
    .data            inited   0x2000'006c       0x8  user_app_comm.o [1]
    .data            inited   0x2000'0074      0x60  user_app_mem.o [1]
    .data            inited   0x2000'00d4      0x40  user_app_sim.o [1]
    .data            inited   0x2000'0114      0x18  user_app_sim.o [1]
    .data            inited   0x2000'012c      0x14  user_app_sim.o [1]
    .data            inited   0x2000'0140      0x80  user_app_temh.o [1]
    .data            inited   0x2000'01c0      0x10  user_app_temh.o [1]
    .data            inited   0x2000'01d0      0x54  user_app_temh.o [1]
    .data            inited   0x2000'0224       0x8  user_app_temh.o [1]
    .data            inited   0x2000'022c       0xc  user_app_temh.o [1]
    .data            inited   0x2000'0238      0x10  user_ec200u.o [1]
    .data            inited   0x2000'0248       0xc  user_ec200u.o [1]
    .data            inited   0x2000'0254       0xc  user_ec200u.o [1]
    .data            inited   0x2000'0260       0x4  user_ec200u.o [1]
    .data            inited   0x2000'0264       0x4  user_ec200u.o [1]
    .data            inited   0x2000'0268       0x4  user_ec200u.o [1]
    .data            inited   0x2000'026c      0x14  user_ec200u.o [1]
    .data            inited   0x2000'0280       0x4  user_ec200u.o [1]
    .data            inited   0x2000'0284       0x4  user_ec200u.o [1]
    .data            inited   0x2000'0288       0x4  user_ec200u.o [1]
    .data            inited   0x2000'028c       0x4  user_ec200u.o [1]
    .data            inited   0x2000'0290      0x30  user_external_eeprom.o [1]
    .data            inited   0x2000'02c0     0x140  user_external_eeprom.o [1]
    .data            inited   0x2000'0400      0x40  user_external_flash.o [1]
    .data            inited   0x2000'0440      0xb4  user_external_flash.o [1]
    .data            inited   0x2000'04f4      0x10  user_external_flash.o [1]
    .data            inited   0x2000'0504      0x14  user_external_flash.o [1]
    .data            inited   0x2000'0518       0x4  user_external_flash.o [1]
    .data            inited   0x2000'051c      0x10  user_external_flash.o [1]
    .data            inited   0x2000'052c     0x140  user_external_flash.o [1]
    .data            inited   0x2000'066c      0x30  user_internal_mem.o [1]
    .data            inited   0x2000'069c     0x140  user_internal_mem.o [1]
    .data            inited   0x2000'07dc      0x14  user_modem.o [1]
    .data            inited   0x2000'07f0      0x38  user_modem.o [1]
    .data            inited   0x2000'0828      0x38  user_modem.o [1]
    .data            inited   0x2000'0860      0x38  user_modem.o [1]
    .data            inited   0x2000'0898      0x38  user_modem.o [1]
    .data            inited   0x2000'08d0      0x4c  user_modem.o [1]
    .data            inited   0x2000'091c       0xc  user_modem.o [1]
    .data            inited   0x2000'0928      0x10  user_modem.o [1]
    .data            inited   0x2000'0938      0x58  user_mqtt.o [1]
    .data            inited   0x2000'0990      0x90  user_sim.o [1]
    .data            inited   0x2000'0a20       0x8  user_sim.o [1]
    .data            inited   0x2000'0a28      0x1c  user_sim.o [1]
    .data            inited   0x2000'0a44      0x10  user_sim.o [1]
    .data            inited   0x2000'0a54      0x18  user_sim_common.o [1]
    .data            inited   0x2000'0a6c      0x20  user_sim_common.o [1]
    .data            inited   0x2000'0a8c      0x20  user_sim_common.o [1]
    .data            inited   0x2000'0aac      0x20  user_sim_common.o [1]
    .data            inited   0x2000'0acc      0x20  user_sim_common.o [1]
    .data            inited   0x2000'0aec      0x28  user_sim_common.o [1]
    .data            inited   0x2000'0b14       0xc  user_sim_common.o [1]
    .data            inited   0x2000'0b20      0x28  user_sim_common.o [1]
    .data            inited   0x2000'0b48      0x28  user_sim_common.o [1]
    .data            inited   0x2000'0b70      0x28  user_sim_common.o [1]
    .data            inited   0x2000'0b98       0xc  user_sim_common.o [1]
    .data            inited   0x2000'0ba4      0x28  user_sim_common.o [1]
    .data            inited   0x2000'0bcc      0x28  user_sim_common.o [1]
    .data            inited   0x2000'0bf4      0x20  user_sim_common.o [1]
    .data            inited   0x2000'0c14      0x20  user_sim_common.o [1]
    .data            inited   0x2000'0c34      0x20  user_sim_common.o [1]
    .data            inited   0x2000'0c54      0x20  user_sim_common.o [1]
    .data            inited   0x2000'0c74      0x50  user_sim_common.o [1]
    .data            inited   0x2000'0cc4      0x84  user_sim_common.o [1]
    .data            inited   0x2000'0d48      0x50  user_sim_common.o [1]
    .data            inited   0x2000'0d98      0x44  user_sim_common.o [1]
    .data            inited   0x2000'0ddc       0xc  user_time.o [1]
    .data            inited   0x2000'0de8       0xc  user_time.o [1]
    .data            inited   0x2000'0df4       0x8  user_uart.o [1]
    .data            inited   0x2000'0dfc       0x2  user_ec200u.o [1]
    .data            inited   0x2000'0dfe       0x2  user_ec200u.o [1]
                            - 0x2000'0e00     0xe00

"P2", part 2 of 3:                           0x32f8
  .bss               zero     0x2000'0e00     0xa50  user_external_flash.o [1]
  .bss               zero     0x2000'1850     0x4b0  user_mqtt.o [1]
  .bss               zero     0x2000'1d00     0x4b0  user_mqtt.o [1]
  .bss               zero     0x2000'21b0     0x4b0  user_sim.o [1]
  .bss               zero     0x2000'2660     0x4b0  user_uart.o [1]
  .bss               zero     0x2000'2b10     0x400  user_external_flash.o [1]
  .bss               zero     0x2000'2f10     0x400  user_modem.o [1]
  .bss               zero     0x2000'3310     0x100  user_app_sim.o [1]
  .bss               zero     0x2000'3410     0x100  user_app_sim.o [1]
  .bss               zero     0x2000'3510     0x100  user_external_eeprom.o [1]
  .bss               zero     0x2000'3610     0x100  user_internal_mem.o [1]
  .bss               zero     0x2000'3710     0x100  user_modem.o [1]
  .bss               zero     0x2000'3810     0x100  user_modem.o [1]
  .bss               zero     0x2000'3910      0xc4  user_mqtt.o [1]
  .bss               zero     0x2000'39d4      0xa0  user_external_flash.o [1]
  .bss               zero     0x2000'3a74      0x80  user_at_serial.o [1]
  .bss               zero     0x2000'3af4      0x70  user_sim_common.o [1]
  .bss               zero     0x2000'3b64      0x64  user_external_flash.o [1]
  .bss               zero     0x2000'3bc8      0x58  spi.o [1]
  .bss               zero     0x2000'3c20      0x54  adc.o [1]
  .bss               zero     0x2000'3c74      0x54  i2c.o [1]
  .bss               zero     0x2000'3cc8      0x44  usart.o [1]
  .bss               zero     0x2000'3d0c      0x44  usart.o [1]
  .bss               zero     0x2000'3d50      0x44  usart.o [1]
  .bss               zero     0x2000'3d94      0x40  user_app_temh.o [1]
  .bss               zero     0x2000'3dd4      0x34  user_mqtt.o [1]
  .bss               zero     0x2000'3e08      0x34  user_mqtt.o [1]
  .bss               zero     0x2000'3e3c      0x34  user_sim.o [1]
  .bss               zero     0x2000'3e70      0x28  user_rtc.o [1]
  .bss               zero     0x2000'3e98      0x20  rtc.o [1]
  .bss               zero     0x2000'3eb8      0x20  user_app_temh.o [1]
  .bss               zero     0x2000'3ed8      0x20  user_app_temh.o [1]
  .bss               zero     0x2000'3ef8      0x1c  user_rtc.o [1]
  .bss               zero     0x2000'3f14      0x18  stm32l1xx_hal_flash.o [1]
  .bss               zero     0x2000'3f2c      0x18  user_app_comm.o [1]
  .bss               zero     0x2000'3f44      0x18  user_external_eeprom.o [1]
  .bss               zero     0x2000'3f5c      0x18  user_external_eeprom.o [1]
  .bss               zero     0x2000'3f74      0x18  user_external_flash.o [1]
  .bss               zero     0x2000'3f8c      0x18  user_external_flash.o [1]
  .bss               zero     0x2000'3fa4      0x18  user_external_flash.o [1]
  .bss               zero     0x2000'3fbc      0x18  user_internal_mem.o [1]
  .bss               zero     0x2000'3fd4      0x18  user_internal_mem.o [1]
  .bss               zero     0x2000'3fec      0x18  user_sim.o [1]
  .bss               zero     0x2000'4004      0x18  user_sim.o [1]
  .bss               zero     0x2000'401c      0x18  user_sim.o [1]
  .bss               zero     0x2000'4034      0x18  user_sim.o [1]
  .bss               zero     0x2000'404c      0x18  user_sim_common.o [1]
  .bss               zero     0x2000'4064      0x10  user_app_mem.o [1]
  .bss               zero     0x2000'4074       0xc  user_external_flash.o [1]
  .bss               zero     0x2000'4080       0xc  user_modem.o [1]
  .bss               zero     0x2000'408c       0xc  user_mqtt.o [1]
  .bss               zero     0x2000'4098       0xc  user_util.o [1]
  .bss               zero     0x2000'40a4       0x8  user_app_temh.o [1]
  .bss               zero     0x2000'40ac       0x8  user_app_temh.o [1]
  .bss               zero     0x2000'40b4       0x4  cat24mxx.o [1]
  .bss               zero     0x2000'40b8       0x4  stm32l1xx_hal.o [1]
  .bss               zero     0x2000'40bc       0x4  user_lpm.o [1]
  .bss               zero     0x2000'40c0       0x4  user_rtc.o [1]
  .bss               zero     0x2000'40c4       0x4  user_sim.o [1]
  .bss               zero     0x2000'40c8       0x4  user_sim_common.o [1]
  .bss               zero     0x2000'40cc       0x4  user_timer.o [1]
  .bss               zero     0x2000'40d0       0x4  user_util.o [1]
  .bss               zero     0x2000'40d4       0x4  user_util.o [1]
  .bss               zero     0x2000'40d8       0x2  user_app_comm.o [1]
  .bss               zero     0x2000'40da       0x2  user_app_mem.o [1]
  .bss               zero     0x2000'40dc       0x2  user_external_flash.o [1]
  .bss               zero     0x2000'40de       0x2  user_sim.o [1]
  .bss               zero     0x2000'40e0       0x1  user_adc.o [1]
  .bss               zero     0x2000'40e1       0x1  user_app_comm.o [1]
  .bss               zero     0x2000'40e2       0x1  user_app_comm.o [1]
  .bss               zero     0x2000'40e3       0x1  user_app_comm.o [1]
  .bss               zero     0x2000'40e4       0x1  user_app_comm.o [1]
  .bss               zero     0x2000'40e5       0x1  user_app_mem.o [1]
  .bss               zero     0x2000'40e6       0x1  user_app_mem.o [1]
  .bss               zero     0x2000'40e7       0x1  user_app_sim.o [1]
  .bss               zero     0x2000'40e8       0x1  user_app_sim.o [1]
  .bss               zero     0x2000'40e9       0x1  user_app_sim.o [1]
  .bss               zero     0x2000'40ea       0x1  user_app_temh.o [1]
  .bss               zero     0x2000'40eb       0x1  user_app_temh.o [1]
  .bss               zero     0x2000'40ec       0x1  user_app_temh.o [1]
  .bss               zero     0x2000'40ed       0x1  user_app_temh.o [1]
  .bss               zero     0x2000'40ee       0x1  user_app_temh.o [1]
  .bss               zero     0x2000'40ef       0x1  user_at_serial.o [1]
  .bss               zero     0x2000'40f0       0x1  user_external_flash.o [1]
  .bss               zero     0x2000'40f1       0x1  user_external_flash.o [1]
  .bss               zero     0x2000'40f2       0x1  user_external_flash.o [1]
  .bss               zero     0x2000'40f3       0x1  user_lpm.o [1]
  .bss               zero     0x2000'40f4       0x1  user_rtc.o [1]
  .bss               zero     0x2000'40f5       0x1  user_sim.o [1]
  .bss               zero     0x2000'40f6       0x1  user_sim.o [1]
  .bss               zero     0x2000'40f7       0x1  user_sim.o [1]
                            - 0x2000'40f8    0x32f8

"P2", part 3 of 3:                            0x400
  CSTACK                      0x2000'40f8     0x400  <Block>
    CSTACK           uninit   0x2000'40f8     0x400  <Block tail>
                            - 0x2000'44f8     0x400

Unused ranges:

         From           To      Size
         ----           --      ----
   0x801'277e   0x803'ffff  0x2'd882
  0x2000'44f8  0x2000'7fff    0x3b08


*******************************************************************************
*** INIT TABLE
***

          Address      Size
          -------      ----
Zero (__iar_zero_init3)
    1 destination range, total size 0x32f8:
          0x2000'0e00  0x32f8

Copy/lz77 (__iar_lz77_init_single3)
    1 source range, total size 0x498 (32% of destination):
           0x801'22e6   0x498
    1 destination range, total size 0xe00:
          0x2000'0000   0xe00



*******************************************************************************
*** MODULE SUMMARY
***

    Module                    ro code  ro data  rw data
    ------                    -------  -------  -------
command line/config:
    ---------------------------------------------------
    Total:

E:\8.2023\3.GSM_Container\EWARM\GSM_Container\Obj: [1]
    MQTTConnectClient.o           512       16
    MQTTPacket.o                  284
    MQTTSerializePublish.o        224        4
    MQTTSubscribeClient.o         232        4
    S25FL216K.o                   146
    adc.o                         420                84
    cat24mxx.o                    416                 4
    event_driven.o                 66
    gpio.o                        456
    i2c.o                         176                84
    main.o                        216
    onchipflash.o                 464
    queue_p.o                     440
    rtc.o                          44                32
    spi.o                         188                88
    startup_stm32l151xc.o         500
    stm32l1xx_hal.o               248        2       12
    stm32l1xx_hal_adc.o         1'844
    stm32l1xx_hal_cortex.o        400
    stm32l1xx_hal_dma.o           178
    stm32l1xx_hal_flash.o         424                24
    stm32l1xx_hal_flash_ex.o       44
    stm32l1xx_hal_gpio.o          916
    stm32l1xx_hal_i2c.o         2'918
    stm32l1xx_hal_msp.o            72
    stm32l1xx_hal_rcc.o         2'156
    stm32l1xx_hal_rcc_ex.o        352
    stm32l1xx_hal_rtc.o         1'856
    stm32l1xx_hal_rtc_ex.o         64
    stm32l1xx_hal_spi.o         1'100
    stm32l1xx_hal_uart.o        1'908
    stm32l1xx_it.o                240
    system_stm32l1xx.o              2       37        4
    usart.o                       616               204
    user_adc.o                    314                 1
    user_app_comm.o             1'076      115      134
    user_app_mem.o              3'584      979      116
    user_app_sim.o              2'136      140      623
    user_app_temh.o             3'764      421      397
    user_at_serial.o            6'164    1'752      129
    user_ec200u.o               3'112    3'839       92
    user_external_eeprom.o        740      313      672
    user_external_flash.o       2'944      735    4'633
    user_internal_mem.o           700      241      672
    user_log.o                    496        8
    user_lpm.o                     36                 5
    user_modbus_rtu.o             216
    user_modem.o                  536      166    1'896
    user_modem_init.o             728
    user_mqtt.o                 4'860    1'465    2'800
    user_rtc.o                    936       68       73
    user_sim.o                  4'980      256    1'553
    user_sim_common.o           1'996      361    1'044
    user_string.o                 788
    user_time.o                   668        8       24
    user_timer.o                  964                 4
    user_uart.o                    56        2    1'208
    user_util.o                 1'392       24       20
    ---------------------------------------------------
    Total:                     63'308   10'956   16'632

dl7M_tlf.a: [2]
    exit.o                          4
    low_level_init.o                4
    strstr.o                       44
    ---------------------------------------------------
    Total:                         52

m7M_tl.a: [3]
    ---------------------------------------------------
    Total:

rt7M_tl.a: [4]
    ABImemclr4.o                    6
    ABImemcpy.o                   166
    ABImemset.o                   102
    ABImemset48.o                  50
    I64DivMod.o                   560
    I64DivZer.o                     2
    cexit.o                        10
    cmain.o                        30
    cstartup_M.o                   12
    data_init.o                    40
    lz77_init_single.o            120
    memset.o                       20
    strchr.o                       22
    strlen.o                       54
    zero_init3.o                   58
    ---------------------------------------------------
    Total:                      1'252

shb_l.a: [5]
    exit.o                         20
    ---------------------------------------------------
    Total:                         20

    Gaps                           24        2
    Linker created                          32    1'024
-------------------------------------------------------
    Grand Total:               64'656   10'990   17'656


*******************************************************************************
*** ENTRY LIST
***

Entry                       Address   Size  Type      Object
-----                       -------   ----  ----      ------
.iar.init_table$$Base    0x801'1070          --   Gb  - Linker created -
.iar.init_table$$Limit   0x801'1090          --   Gb  - Linker created -
?main                    0x801'1251         Code  Gb  cmain.o [4]
ADC_ConversionStop_Disable
                         0x800'7939   0x52  Code  Gb  stm32l1xx_hal_adc.o [1]
ADC_Desequence_Powerhungry_Channels
                         0x800'71c5    0x2  Code  Gb  user_adc.o [1]
ADC_Enable               0x800'7893   0x7a  Code  Gb  stm32l1xx_hal_adc.o [1]
AHBPrescTable            0x801'1784   0x10  Data  Gb  system_stm32l1xx.o [1]
APBPrescTable            0x801'1eb4    0x8  Data  Gb  system_stm32l1xx.o [1]
AdcInitialized          0x2000'40e0    0x1  Data  Gb  user_adc.o [1]
AppCom_Calcu_Period_To_RoudTime
                         0x800'3a81   0x3a  Code  Lc  user_app_comm.o [1]
AppComm_IRQ_Timer_CallBack
                         0x800'3a75    0xc  Code  Gb  user_app_comm.o [1]
AppComm_Init             0x800'39a5   0x2a  Code  Gb  user_app_comm.o [1]
AppComm_Set_Next_TxTimer
                         0x800'3ae9   0x78  Code  Gb  user_app_comm.o [1]
AppComm_Set_Next_TxTimer::CountMessInit
                        0x2000'40e4    0x1  Data  Lc  user_app_comm.o [1]
AppComm_Task             0x800'39d5   0x9e  Code  Gb  user_app_comm.o [1]
AppMem_Cb_Check_Mess_Invalid
                         0x800'54c9   0x60  Code  Gb  user_app_mem.o [1]
AppMem_Cb_Erase_Chip_Fail
                         0x800'52ed    0xe  Code  Gb  user_app_mem.o [1]
AppMem_Cb_Erase_Chip_OK
                         0x800'52b9   0x32  Code  Gb  user_app_mem.o [1]
AppMem_Cb_Get_Addr_From_TypeData
                         0x800'531d   0xac  Code  Gb  user_app_mem.o [1]
AppMem_Cb_Read_OK        0x800'4f0d  0x172  Code  Gb  user_app_mem.o [1]
AppMem_Cb_Write_OK       0x800'4dd5  0x138  Code  Gb  user_app_mem.o [1]
AppMem_Cb_Wrtie_ERROR    0x800'5235   0x7e  Code  Gb  user_app_mem.o [1]
AppMem_Erase_New_Sector
                         0x800'52fb   0x22  Code  Gb  user_app_mem.o [1]
AppMem_Forward_Data_To_Sim
                         0x800'5665   0x42  Code  Gb  user_app_mem.o [1]
AppMem_Inc_Index_Save    0x800'5555   0x7a  Code  Gb  user_app_mem.o [1]
AppMem_Inc_Index_Send_1
                         0x800'55cf   0x4a  Code  Gb  user_app_mem.o [1]
AppMem_Inc_Index_Send_2
                         0x800'5619   0x4c  Code  Gb  user_app_mem.o [1]
AppMem_Init              0x800'4d81   0x52  Code  Gb  user_app_mem.o [1]
AppMem_PowerOff_ExFlash
                         0x800'56ad   0x26  Code  Gb  user_app_mem.o [1]
AppMem_PowerOn_ExFlash   0x800'56d9   0x2a  Code  Gb  user_app_mem.o [1]
AppMem_Process_Resp_AT   0x800'53c9   0x18  Code  Gb  user_app_mem.o [1]
AppMem_Push_Mess_To_Queue_Write
                         0x800'507f  0x10a  Code  Gb  user_app_mem.o [1]
AppMem_Push_To_Read_Queue
                         0x800'5189   0x60  Code  Gb  user_app_mem.o [1]
AppMem_Set_Read_Resp_AT
                         0x800'53e9   0xd0  Code  Gb  user_app_mem.o [1]
AppMem_Task              0x800'4ce7   0x9a  Code  Gb  user_app_mem.o [1]
AppSim_Get_Data_From_Flash
                         0x800'afc7   0x5c  Code  Gb  user_app_sim.o [1]
AppSim_Get_Firmware_Version
                         0x800'afc3    0x4  Code  Gb  user_app_sim.o [1]
AppSim_Init              0x800'ab5b   0x28  Code  Gb  user_app_sim.o [1]
AppSim_Process_AT_Event
                         0x800'ac7f   0xea  Code  Gb  user_app_sim.o [1]
AppSim_Process_Downl_Mess
                         0x800'aee1   0x50  Code  Gb  user_app_sim.o [1]
AppSim_Process_Sms       0x800'af31   0x16  Code  Gb  user_app_sim.o [1]
AppSim_Send_Mess         0x800'ac09   0x76  Code  Gb  user_app_sim.o [1]
AppSim_Task              0x800'ab83   0x86  Code  Gb  user_app_sim.o [1]
AppSim_Unmark_Mess       0x800'b023   0x18  Code  Gb  user_app_sim.o [1]
AppTemH_485_Read_Value   0x800'6279   0x68  Code  Gb  user_app_temh.o [1]
AppTemH_Clear_Before_Recv
                         0x800'62e1    0xa  Code  Gb  user_app_temh.o [1]
AppTemH_Extract_Data     0x800'631d  0x1ce  Code  Gb  user_app_temh.o [1]
AppTemH_Get_VBAT_mV      0x800'5d23   0x2a  Code  Gb  user_app_temh.o [1]
AppTemH_Get_Vout_mV      0x800'5d4d   0x3c  Code  Gb  user_app_temh.o [1]
AppTemH_Init             0x800'6253   0x18  Code  Gb  user_app_temh.o [1]
AppTemH_Init_Slave_ID    0x800'619d   0x44  Code  Gb  user_app_temh.o [1]
AppTemH_Init_Thresh_Measure
                         0x800'6085   0x88  Code  Gb  user_app_temh.o [1]
AppTemH_Log_Data_TSVH    0x800'6059   0x2c  Code  Gb  user_app_temh.o [1]
AppTemH_Packet_TSVH      0x800'5d89  0x2d0  Code  Gb  user_app_temh.o [1]
AppTemH_Save_Slave_ID    0x800'61e1   0x72  Code  Gb  user_app_temh.o [1]
AppTemH_Save_Thresh_Measure
                         0x800'610d   0x90  Code  Gb  user_app_temh.o [1]
AppTemH_Set_Mode_Led     0x800'5b09   0x4c  Code  Gb  user_app_temh.o [1]
AppTemH_Task             0x800'5c9d   0x86  Code  Gb  user_app_temh.o [1]
AppTemh_Check_Status_TempH
                         0x800'64eb   0x5c  Code  Gb  user_app_temh.o [1]
Appmem_Check_Data_Read   0x800'51e9   0x4a  Code  Gb  user_app_mem.o [1]
BusFault_Handler         0x801'06d7    0x2  Code  Gb  stm32l1xx_it.o [1]
CAT24Mxx_Read_Array      0x800'dded   0x78  Code  Gb  cat24mxx.o [1]
CAT24Mxx_Write_Array     0x800'dccd  0x120  Code  Gb  cat24mxx.o [1]
CSTACK$$Base            0x2000'40f8          --   Gb  - Linker created -
CSTACK$$Limit           0x2000'44f8          --   Gb  - Linker created -
Cal_Time                 0x800'1b6f   0x12  Code  Gb  user_util.o [1]
Cb_TX_Timer_Event        0x800'3abd   0x2c  Code  Lc  user_app_comm.o [1]
CheckList_AT_CONFIG      0x800'ff30  0x310  Data  Gb  user_at_serial.o [1]
Check_AT_User            0x800'14fd  0x1a8  Code  Gb  user_at_serial.o [1]
Check_Time_Out           0x800'1b51   0x1e  Code  Gb  user_util.o [1]
Check_update_Time        0x800'3d47   0x56  Code  Gb  user_time.o [1]
Connect_Packet          0x2000'0938   0x58  Data  Gb  user_mqtt.o [1]
Convert_Hex_To_String_Hex
                         0x800'1ebd   0x90  Code  Gb  user_util.o [1]
Convert_String_To_Dec    0x800'1e5f   0x5e  Code  Gb  user_util.o [1]
Convert_Uint64_To_StringDec
                         0x800'1b81  0x128  Code  Gb  user_util.o [1]
Convert_sTime_ToGMT      0x800'3d9d   0xb0  Code  Gb  user_time.o [1]
Copy_String              0x800'4845   0x5e  Code  Gb  user_string.o [1]
Copy_String_2            0x800'4933   0x36  Code  Gb  user_string.o [1]
Copy_String_section      0x800'48a3   0x48  Code  Gb  user_string.o [1]
Cut_String               0x800'48eb   0x48  Code  Gb  user_string.o [1]
DCU_Respond              0x800'19e7   0xe6  Code  Gb  user_modem.o [1]
DataConack_8a           0x2000'0284    0x4  Data  Lc  user_ec200u.o [1]
DataPuback_8a           0x2000'028c    0x4  Data  Lc  user_ec200u.o [1]
DataSuback_8a           0x2000'0288    0x4  Data  Lc  user_ec200u.o [1]
DaysInMonth              0x801'1e7c    0xc  Data  Lc  user_rtc.o [1]
DaysInMonth             0x2000'0ddc    0xc  Data  Lc  user_time.o [1]
DaysInMonthLeapYear      0x801'1e88    0xc  Data  Lc  user_rtc.o [1]
DaysInMonthLeapYear     0x2000'0de8    0xc  Data  Lc  user_time.o [1]
DebugMon_Handler         0x801'06dd    0x2  Code  Gb  stm32l1xx_it.o [1]
EC200U_Check_Step_Long_Timeout
                         0x800'9225   0x32  Code  Gb  user_ec200u.o [1]
EC200U_Check_Step_Skip_Error
                         0x800'92c3   0x30  Code  Gb  user_ec200u.o [1]
EC200U_Get_AT_Cmd        0x800'9257    0xc  Code  Gb  user_ec200u.o [1]
EC200U_Get_Delay_2_AT    0x800'9263   0x26  Code  Gb  user_ec200u.o [1]
EC200U_Is_Step_Check_URC
                         0x800'9289   0x3a  Code  Gb  user_ec200u.o [1]
Erase_Firmware           0x800'8255   0x1e  Code  Gb  onchipflash.o [1]
Error_Handler            0x800'c375    0x4  Code  Gb  main.o [1]
ExEEPROM_Task            0x800'b737   0x84  Code  Gb  user_external_eeprom.o [1]
FLASH_PageErase          0x800'c859   0x22  Code  Gb  stm32l1xx_hal_flash_ex.o [1]
FLASH_SetErrorCode       0x800'c7b1   0x80  Code  Lc  stm32l1xx_hal_flash.o [1]
FLASH_WaitForLastOperation
                         0x800'c74d   0x64  Code  Gb  stm32l1xx_hal_flash.o [1]
Find_String_V2           0x800'4655  0x130  Code  Gb  user_string.o [1]
Find_str_fix             0x800'47a7   0x9e  Code  Gb  user_string.o [1]
Flash_Get_Infor          0x800'8119   0x46  Code  Gb  user_internal_mem.o [1]
Get_Level_Voltage        0x800'722f   0x28  Code  Gb  user_adc.o [1]
Get_RTC                  0x800'3c79   0x4e  Code  Gb  user_time.o [1]
Get_Value_ADC            0x800'7205   0x2a  Code  Gb  user_adc.o [1]
HAL_ADC_ConfigChannel    0x800'76bf  0x1d4  Code  Gb  stm32l1xx_hal_adc.o [1]
HAL_ADC_DeInit           0x800'7419  0x126  Code  Gb  stm32l1xx_hal_adc.o [1]
HAL_ADC_GetValue         0x800'76b9    0x6  Code  Gb  stm32l1xx_hal_adc.o [1]
HAL_ADC_Init             0x800'7259  0x1c0  Code  Gb  stm32l1xx_hal_adc.o [1]
HAL_ADC_MspDeInit        0x800'c4d1   0x30  Code  Gb  adc.o [1]
HAL_ADC_MspInit          0x800'c42d   0xa4  Code  Gb  adc.o [1]
HAL_ADC_PollForConversion
                         0x800'75ff   0xba  Code  Gb  stm32l1xx_hal_adc.o [1]
HAL_ADC_Start            0x800'753f   0x84  Code  Gb  stm32l1xx_hal_adc.o [1]
HAL_ADC_Stop             0x800'75c3   0x3c  Code  Gb  stm32l1xx_hal_adc.o [1]
HAL_DBGMCU_DisableDBGSleepMode
                         0x800'c969    0xc  Code  Gb  stm32l1xx_hal.o [1]
HAL_DBGMCU_DisableDBGStandbyMode
                         0x800'c981    0xc  Code  Gb  stm32l1xx_hal.o [1]
HAL_DBGMCU_DisableDBGStopMode
                         0x800'c975    0xc  Code  Gb  stm32l1xx_hal.o [1]
HAL_DMA_Abort            0x800'b979   0x54  Code  Gb  stm32l1xx_hal_dma.o [1]
HAL_DMA_Abort_IT         0x800'b9cd   0x5e  Code  Gb  stm32l1xx_hal_dma.o [1]
HAL_Delay                0x800'b0c9   0x28  Code  Wk  stm32l1xx_hal.o [1]
HAL_FLASH_Lock           0x800'c73f    0xe  Code  Gb  stm32l1xx_hal_flash.o [1]
HAL_FLASH_Program        0x800'c6b1   0x54  Code  Gb  stm32l1xx_hal_flash.o [1]
HAL_FLASH_Unlock         0x800'c705   0x3a  Code  Gb  stm32l1xx_hal_flash.o [1]
HAL_GPIO_DeInit          0x800'67e5  0x16c  Code  Gb  stm32l1xx_hal_gpio.o [1]
HAL_GPIO_Init            0x800'661d  0x1c8  Code  Gb  stm32l1xx_hal_gpio.o [1]
HAL_GPIO_TogglePin       0x800'696b   0x1a  Code  Gb  stm32l1xx_hal_gpio.o [1]
HAL_GPIO_WritePin        0x800'6951   0x1a  Code  Gb  stm32l1xx_hal_gpio.o [1]
HAL_GetTick              0x800'9cc1    0xc  Code  Wk  stm32l1xx_hal.o [1]
HAL_I2C_Init             0x800'eb21  0x1d2  Code  Gb  stm32l1xx_hal_i2c.o [1]
HAL_I2C_Mem_Read         0x800'ee7d  0x300  Code  Gb  stm32l1xx_hal_i2c.o [1]
HAL_I2C_Mem_Write        0x800'ed0d  0x16e  Code  Gb  stm32l1xx_hal_i2c.o [1]
HAL_I2C_MspInit          0x800'e519   0x60  Code  Gb  i2c.o [1]
HAL_IncTick              0x801'07c1   0x18  Code  Wk  stm32l1xx_hal.o [1]
HAL_Init                 0x800'c945   0x24  Code  Gb  stm32l1xx_hal.o [1]
HAL_InitTick             0x800'e2b9   0x60  Code  Wk  stm32l1xx_hal.o [1]
HAL_MspInit              0x800'e709   0x48  Code  Gb  stm32l1xx_hal_msp.o [1]
HAL_NVIC_DisableIRQ      0x800'c66d    0xe  Code  Gb  stm32l1xx_hal_cortex.o [1]
HAL_NVIC_EnableIRQ       0x800'c65f    0xe  Code  Gb  stm32l1xx_hal_cortex.o [1]
HAL_NVIC_SetPriority     0x800'c635   0x2a  Code  Gb  stm32l1xx_hal_cortex.o [1]
HAL_NVIC_SetPriorityGrouping
                         0x800'c629    0xc  Code  Gb  stm32l1xx_hal_cortex.o [1]
HAL_RCCEx_PeriphCLKConfig
                         0x800'e591  0x14a  Code  Gb  stm32l1xx_hal_rcc_ex.o [1]
HAL_RCC_ClockConfig      0x800'bf5b  0x1c6  Code  Gb  stm32l1xx_hal_rcc.o [1]
HAL_RCC_GetHCLKFreq      0x800'c19f    0x6  Code  Gb  stm32l1xx_hal_rcc.o [1]
HAL_RCC_GetPCLK1Freq     0x800'c1a5   0x16  Code  Gb  stm32l1xx_hal_rcc.o [1]
HAL_RCC_GetPCLK2Freq     0x800'c1bb   0x16  Code  Gb  stm32l1xx_hal_rcc.o [1]
HAL_RCC_GetSysClockFreq
                         0x800'c121   0x7e  Code  Gb  stm32l1xx_hal_rcc.o [1]
HAL_RCC_OscConfig        0x800'ba35  0x526  Code  Gb  stm32l1xx_hal_rcc.o [1]
HAL_RTCEx_AlarmBEventCallback
                         0x800'b4fd    0x2  Code  Wk  stm32l1xx_hal_rtc_ex.o [1]
HAL_RTCEx_EnableBypassShadow
                         0x800'dc8d   0x3e  Code  Gb  stm32l1xx_hal_rtc_ex.o [1]
HAL_RTC_AlarmAEventCallback
                         0x800'b2b5    0xc  Code  Gb  user_rtc.o [1]
HAL_RTC_AlarmIRQHandler
                         0x800'4539   0x5e  Code  Gb  stm32l1xx_hal_rtc.o [1]
HAL_RTC_DeactivateAlarm
                         0x800'4471   0xc8  Code  Gb  stm32l1xx_hal_rtc.o [1]
HAL_RTC_GetDate          0x800'4231   0x52  Code  Gb  stm32l1xx_hal_rtc.o [1]
HAL_RTC_GetTime          0x800'40e5   0x68  Code  Gb  stm32l1xx_hal_rtc.o [1]
HAL_RTC_Init             0x800'3f15   0xcc  Code  Gb  stm32l1xx_hal_rtc.o [1]
HAL_RTC_MspInit          0x800'b129   0x24  Code  Gb  rtc.o [1]
HAL_RTC_SetAlarm_IT      0x800'4283  0x1ee  Code  Gb  stm32l1xx_hal_rtc.o [1]
HAL_RTC_SetDate          0x800'414d   0xe4  Code  Gb  stm32l1xx_hal_rtc.o [1]
HAL_RTC_SetTime          0x800'3fe1  0x104  Code  Gb  stm32l1xx_hal_rtc.o [1]
HAL_RTC_WaitForSynchro   0x800'45b1   0x3c  Code  Gb  stm32l1xx_hal_rtc.o [1]
HAL_SPI_Init             0x800'de6d   0xce  Code  Gb  stm32l1xx_hal_spi.o [1]
HAL_SPI_MspInit          0x800'b82b   0x62  Code  Gb  spi.o [1]
HAL_SPI_TransmitReceive
                         0x800'df3b  0x23c  Code  Gb  stm32l1xx_hal_spi.o [1]
HAL_SYSTICK_Config       0x800'c67b    0xc  Code  Gb  stm32l1xx_hal_cortex.o [1]
HAL_UART_DeInit          0x800'6a27   0x42  Code  Gb  stm32l1xx_hal_uart.o [1]
HAL_UART_IRQHandler      0x800'6b41  0x242  Code  Gb  stm32l1xx_hal_uart.o [1]
HAL_UART_Init            0x800'69b1   0x76  Code  Gb  stm32l1xx_hal_uart.o [1]
HAL_UART_MspDeInit       0x800'7b59   0x6e  Code  Gb  usart.o [1]
HAL_UART_MspInit         0x800'7a29  0x130  Code  Gb  usart.o [1]
HAL_UART_Transmit        0x800'6a69   0xd8  Code  Gb  stm32l1xx_hal_uart.o [1]
HW_AdcReadChannel        0x800'717b   0x4a  Code  Gb  user_adc.o [1]
HW_GetBatteryLevel       0x800'71c7   0x30  Code  Gb  user_adc.o [1]
HW_RTC_GetCalendarValue_Second
                         0x800'3e4d   0x9e  Code  Gb  user_time.o [1]
HardFault_Handler        0x801'06d3    0x2  Code  Gb  stm32l1xx_it.o [1]
I2C_IsAcknowledgeFailed
                         0x800'f64f   0x38  Code  Lc  stm32l1xx_hal_i2c.o [1]
I2C_RequestMemoryRead    0x800'f275  0x170  Code  Lc  stm32l1xx_hal_i2c.o [1]
I2C_RequestMemoryWrite   0x800'f189   0xec  Code  Lc  stm32l1xx_hal_i2c.o [1]
I2C_WaitOnBTFFlagUntilTimeout
                         0x800'f581   0x58  Code  Lc  stm32l1xx_hal_i2c.o [1]
I2C_WaitOnFlagUntilTimeout
                         0x800'f3e5   0x8a  Code  Lc  stm32l1xx_hal_i2c.o [1]
I2C_WaitOnMasterAddressFlagUntilTimeout
                         0x800'f46f   0xba  Code  Lc  stm32l1xx_hal_i2c.o [1]
I2C_WaitOnRXNEFlagUntilTimeout
                         0x800'f5dd   0x72  Code  Lc  stm32l1xx_hal_i2c.o [1]
I2C_WaitOnTXEFlagUntilTimeout
                         0x800'f529   0x58  Code  Lc  stm32l1xx_hal_i2c.o [1]
Init_DCU_ID              0x800'20cd   0x28  Code  Gb  user_modem_init.o [1]
Init_IP_Port_Server      0x800'3225   0x9e  Code  Gb  user_sim.o [1]
Init_Index_Packet        0x800'21cd   0xbc  Code  Gb  user_modem_init.o [1]
Init_Memory_Infor        0x800'20c1    0xc  Code  Gb  user_modem_init.o [1]
Init_Server_BackUp_Infor
                         0x800'32d5   0x96  Code  Gb  user_sim.o [1]
Init_Timer_Send          0x800'214d   0x80  Code  Gb  user_modem_init.o [1]
Init_Uart_Module         0x800'b0f1   0x38  Code  Gb  user_uart.o [1]
LED_Off                  0x800'658b   0x20  Code  Gb  user_app_temh.o [1]
LED_On                   0x800'656b   0x20  Code  Gb  user_app_temh.o [1]
LED_PIN                  0x801'1ed4    0x8  Data  Lc  user_app_temh.o [1]
LED_PORT                0x2000'022c    0xc  Data  Lc  user_app_temh.o [1]
LED_Toggle               0x800'654d   0x1e  Code  Gb  user_app_temh.o [1]
LOG_Save_Record          0x801'0241  0x1f0  Code  Gb  user_log.o [1]
MQTTPacket_encode        0x800'f689   0x2a  Code  Gb  MQTTPacket.o [1]
MQTTPacket_len           0x800'f6b3   0x24  Code  Gb  MQTTPacket.o [1]
MQTTSerialize_connect    0x800'e9ad  0x166  Code  Gb  MQTTConnectClient.o [1]
MQTTSerialize_connectLength
                         0x800'e921   0x8c  Code  Gb  MQTTConnectClient.o [1]
MQTTSerialize_publish    0x800'e771   0xbc  Code  Gb  MQTTSerializePublish.o [1]
MQTTSerialize_publishLength
                         0x800'e751   0x20  Code  Gb  MQTTSerializePublish.o [1]
MQTTSerialize_subscribe
                         0x800'e863   0xb8  Code  Gb  MQTTSubscribeClient.o [1]
MQTTSerialize_subscribeLength
                         0x800'e839   0x2a  Code  Gb  MQTTSubscribeClient.o [1]
MQTTstrlen               0x800'f787   0x1a  Code  Gb  MQTTPacket.o [1]
MX_ADC_Init              0x800'c379   0xb4  Code  Gb  adc.o [1]
MX_GPIO_DeInit           0x800'1b4d    0x2  Code  Gb  user_modem.o [1]
MX_GPIO_Init             0x800'e319  0x1c8  Code  Gb  gpio.o [1]
MX_I2C1_Init             0x800'e4e1   0x38  Code  Gb  i2c.o [1]
[...]
_fREQ_SWITCH_SERVER      0x800'05cd   0x56  Code  Gb  user_at_serial.o [1]
_fRESET_MODEM            0x800'0fb7   0x1c  Code  Gb  user_at_serial.o [1]
_fSET_BAT_THRESH         0x800'0a55    0x2  Code  Gb  user_at_serial.o [1]
_fSET_CALIB_LEVEL        0x800'146d   0x1a  Code  Gb  user_at_serial.o [1]
_fSET_DATAPULSE_DEFAUL   0x800'0899    0x2  Code  Gb  user_at_serial.o [1]
_fSET_DEV_SERIAL         0x800'0125   0x9c  Code  Gb  user_at_serial.o [1]
_fSET_DUTY_READ_DATA     0x800'0629   0xc6  Code  Gb  user_at_serial.o [1]
_fSET_FLOW_THRESH        0x800'0935  0x11a  Code  Gb  user_at_serial.o [1]
_fSET_FREQ_ONLINE        0x800'07b3   0x9a  Code  Gb  user_at_serial.o [1]
_fSET_LEVEL_THRESH       0x800'14b1    0x2  Code  Gb  user_at_serial.o [1]
_fSET_LIST_ID_SLAVE      0x800'1725  0x104  Code  Gb  user_at_serial.o [1]
_fSET_NUM_WAKEUP_DEV     0x800'089b   0x64  Code  Gb  user_at_serial.o [1]
_fSET_PULSE_VALUE        0x800'0a59   0x74  Code  Gb  user_at_serial.o [1]
_fSET_QUAN_THRESH        0x800'0a51    0x2  Code  Gb  user_at_serial.o [1]
_fSET_RF_RQ_STIME        0x800'0fb5    0x2  Code  Gb  user_at_serial.o [1]
_fSET_RTC                0x800'0c91  0x13c  Code  Gb  user_at_serial.o [1]
_fSET_RTC_DATE           0x800'0b93   0xdc  Code  Gb  user_at_serial.o [1]
_fSET_RTC_TIME           0x800'0acf   0xc4  Code  Gb  user_at_serial.o [1]
_fSET_SAVE_BOX           0x800'0901   0x34  Code  Gb  user_at_serial.o [1]
_fSET_SERVER_BACKUP_INFO
                         0x800'03e3  0x1b8  Code  Gb  user_at_serial.o [1]
_fSET_SERVER_MAIN_INFO   0x800'01f9  0x1b8  Code  Gb  user_at_serial.o [1]
_fTEST_LOG               0x800'13fd   0x12  Code  Gb  user_at_serial.o [1]
_mDATA_EVENT             0x800'd0e7   0x52  Code  Gb  user_mqtt.o [1]
_mDATA_GPS               0x800'd139   0x52  Code  Gb  user_mqtt.o [1]
_mDATA_HANDSHAKE         0x800'cab3  0x432  Code  Gb  user_mqtt.o [1]
_mDATA_INTAN_TSVH        0x800'cf89   0x2e  Code  Gb  user_mqtt.o [1]
_mDATA_ON_FLASH          0x800'cfb7    0x6  Code  Gb  user_mqtt.o [1]
_mDATA_PING              0x800'd0ad   0x18  Code  Gb  user_mqtt.o [1]
_mDATA_STATUS            0x800'd0c5   0x22  Code  Gb  user_mqtt.o [1]
_mDATA_TSVH_PACKET       0x800'cee5   0x52  Code  Gb  user_mqtt.o [1]
_mDATA_TSVH_PACKET_OPERA
                         0x800'cf37   0x52  Code  Gb  user_mqtt.o [1]
_mInsert_Ping_Payload    0x800'd18b  0x160  Code  Gb  user_mqtt.o [1]
_mPayload_Sim_ID         0x800'd303   0x90  Code  Gb  user_mqtt.o [1]
_mSEND_ALARM_EMERGENCY   0x800'd047   0x66  Code  Gb  user_mqtt.o [1]
_mSEND_EMPTY_MESS        0x800'd5e9   0x30  Code  Gb  user_mqtt.o [1]
_mSEND_HARDRS_MCU        0x800'd019   0x2e  Code  Gb  user_mqtt.o [1]
_mSEND_RECONNECT_SERVER
                         0x800'cfeb   0x2e  Code  Gb  user_mqtt.o [1]
_mSEND_RESPOND_FROM_RF   0x800'd3ed   0x5a  Code  Gb  user_mqtt.o [1]
_mSEND_RESPOND_SERVER    0x800'd393   0x5a  Code  Gb  user_mqtt.o [1]
_mSEND_RESPOND_SERVER_ACK
                         0x800'd447   0x5a  Code  Gb  user_mqtt.o [1]
_mSEND_SAVE_BOK_OK       0x800'd5b3   0x30  Code  Gb  user_mqtt.o [1]
_mSEND_SAVE_BOX_FAIL     0x800'd583   0x30  Code  Gb  user_mqtt.o [1]
_mSEND_SERVER_TIME_FAIL
                         0x800'd553   0x30  Code  Gb  user_mqtt.o [1]
_mSEND_SERVER_TIME_OK    0x800'd523   0x30  Code  Gb  user_mqtt.o [1]
_mSEND_SERVER_TIME_PENDING
                         0x800'd4f3   0x30  Code  Gb  user_mqtt.o [1]
_mSEND_SHUTTING_DOWN     0x800'cfbd   0x2e  Code  Gb  user_mqtt.o [1]
_mSEND_SIM_ID            0x800'd2eb   0x18  Code  Gb  user_mqtt.o [1]
_mSEND_UPDATE_FIRM_FAIL
                         0x800'd665   0x8c  Code  Gb  user_mqtt.o [1]
_mSEND_UPDATE_FIRM_OK    0x800'd625   0x3c  Code  Gb  user_mqtt.o [1]
_main                    0x801'126b         Code  Gb  cmain.o [4]
_rClear_Data_InFlash     0x800'd919    0x2  Code  Gb  user_mqtt.o [1]
_rINTAN_DATA             0x800'd715    0x2  Code  Gb  user_mqtt.o [1]
_rREQUEST_RESET          0x800'd6f1    0xa  Code  Gb  user_mqtt.o [1]
_rREQ_AT_CMD             0x800'd859   0x18  Code  Gb  user_mqtt.o [1]
_rREQ_AT_TO_RF           0x800'd875   0x18  Code  Gb  user_mqtt.o [1]
_rRESET_DATA             0x800'd83d   0x1c  Code  Gb  user_mqtt.o [1]
_rUPDATE_FIRMWARE        0x800'd88d   0x34  Code  Gb  user_mqtt.o [1]
_rUPDATE_TIME_SERVER     0x800'd717  0x126  Code  Gb  user_mqtt.o [1]
aALRM_EMERGENCY         0x2000'2f10  0x400  Data  Gb  user_modem.o [1]
aAPN                    0x2000'0a6c   0x20  Data  Gb  user_sim_common.o [1]
aAPN_DIAL_STRING        0x2000'0a8c   0x20  Data  Gb  user_sim_common.o [1]
aAPN_PASSWORD           0x2000'0acc   0x20  Data  Gb  user_sim_common.o [1]
aAPN_USERNAME           0x2000'0aac   0x20  Data  Gb  user_sim_common.o [1]
aAT_CMD                 0x2000'3810  0x100  Data  Gb  user_modem.o [1]
aDATA_CONFIG            0x2000'3a74   0x80  Data  Gb  user_at_serial.o [1]
aDATA_EEPROM_READ       0x2000'3510  0x100  Data  Lc  user_external_eeprom.o [1]
aDATA_FLASH_READ        0x2000'2b10  0x400  Data  Lc  user_external_flash.o [1]
aDATA_FLASH_SIM         0x2000'3310  0x100  Data  Gb  user_app_sim.o [1]
aDATA_GPS               0x2000'3410  0x100  Data  Gb  user_app_sim.o [1]
aDATA_MQTT              0x2000'1850  0x4b0  Data  Gb  user_mqtt.o [1]
aDATA_READ              0x2000'3610  0x100  Data  Lc  user_internal_mem.o [1]
aDCU_ID                 0x2000'07dc   0x14  Data  Gb  user_modem.o [1]
aFIRM_HTTP_URL          0x2000'0c74   0x50  Data  Gb  user_sim_common.o [1]
aFIRM_IP                0x2000'0bf4   0x20  Data  Gb  user_sim_common.o [1]
aFIRM_NAME              0x2000'0c54   0x20  Data  Gb  user_sim_common.o [1]
aFIRM_PATH              0x2000'0c34   0x20  Data  Gb  user_sim_common.o [1]
aFIRM_PORT              0x2000'0c14   0x20  Data  Gb  user_sim_common.o [1]
aFlashCmd               0x2000'0440   0xb4  Data  Gb  user_external_flash.o [1]
aFlash_Erase_Chip_BlockCmd
                        0x2000'051c   0x10  Data  Lc  user_external_flash.o [1]
aFlash_Erase_Sector_BlockCmd
                        0x2000'04f4   0x10  Data  Lc  user_external_flash.o [1]
aFlash_Read_Data_BlockCmd
                        0x2000'0518    0x4  Data  Lc  user_external_flash.o [1]
aFlash_Write_Data_BlockCmd
                        0x2000'0504   0x14  Data  Lc  user_external_flash.o [1]
aIP_SERVER_BACKUP       0x2000'0b70   0x28  Data  Gb  user_sim_common.o [1]
aIP_SERVER_MAIN         0x2000'0aec   0x28  Data  Gb  user_sim_common.o [1]
aPASS_MQTT_BACKUP       0x2000'0bcc   0x28  Data  Gb  user_sim_common.o [1]
aPASS_MQTT_MAIN         0x2000'0b48   0x28  Data  Gb  user_sim_common.o [1]
aPAYLOAD_MQTT           0x2000'1d00  0x4b0  Data  Gb  user_mqtt.o [1]
aPORT_SERVER_BACKUP     0x2000'0b98    0xc  Data  Gb  user_sim_common.o [1]
aPORT_SERVER_MAIN       0x2000'0b14    0xc  Data  Gb  user_sim_common.o [1]
aPublish_Header         0x2000'3e08   0x34  Data  Gb  user_mqtt.o [1]
aQFlashStepControl      0x2000'3b64   0x64  Data  Lc  user_external_flash.o [1]
aQSimStepComtrol        0x2000'3e3c   0x34  Data  Lc  user_sim.o [1]
aRESPONDSE_AT           0x2000'3710  0x100  Data  Gb  user_modem.o [1]
aSERIAL_MODULESIM       0x2000'404c   0x18  Data  Gb  user_sim_common.o [1]
aSIM_ID                 0x2000'0a54   0x18  Data  Gb  user_sim_common.o [1]
aSIM_STEP_PUBLISH       0x2000'0260    0x4  Data  Gb  user_ec200u.o [1]
aSIM_STEP_PUBLISH_FB    0x2000'0264    0x4  Data  Gb  user_ec200u.o [1]
aSimEC200UStep           0x800'f7d8  0x758  Data  Gb  user_ec200u.o [1]
aSimStepBlockConnect    0x2000'0254    0xc  Data  Gb  user_ec200u.o [1]
aSimStepBlockDisConnect
                        0x2000'0268    0x4  Data  Gb  user_ec200u.o [1]
aSimStepBlockHttpInit   0x2000'026c   0x14  Data  Gb  user_ec200u.o [1]
aSimStepBlockHttpRead   0x2000'0dfe    0x2  Data  Gb  user_ec200u.o [1]
aSimStepBlockInit       0x2000'0238   0x10  Data  Gb  user_ec200u.o [1]
aSimStepBlockLocation   0x2000'0dfc    0x2  Data  Gb  user_ec200u.o [1]
aSimStepBlockNework     0x2000'0248    0xc  Data  Gb  user_ec200u.o [1]
aSimStepBlockSMS        0x2000'0280    0x4  Data  Gb  user_ec200u.o [1]
aSimUrc                  0x801'05e0   0xf0  Data  Gb  user_ec200u.o [1]
aSubcribe_Header        0x2000'3dd4   0x34  Data  Gb  user_mqtt.o [1]
aUART_485_DATA          0x2000'3d94   0x40  Data  Gb  user_app_temh.o [1]
aUSER_MQTT_BACKUP       0x2000'0ba4   0x28  Data  Gb  user_sim_common.o [1]
aUSER_MQTT_MAIN         0x2000'0b20   0x28  Data  Gb  user_sim_common.o [1]
at_callback_failure      0x800'871b   0x14  Code  Lc  user_ec200u.o [1]
at_callback_success      0x800'8715    0x6  Code  Lc  user_ec200u.o [1]
eFlash_Check_Data_Init_Pos
                         0x800'a5b1   0x8e  Code  Gb  user_external_flash.o [1]
eFlash_Check_Pos_PartA   0x800'a67d   0x8a  Code  Gb  user_external_flash.o [1]
eFlash_Check_Pos_PartA::MarkDefaultVar
                        0x2000'40f1    0x1  Data  Lc  user_external_flash.o [1]
eFlash_Check_Pos_PartB   0x800'a725   0xa6  Code  Gb  user_external_flash.o [1]
eFlash_Check_Pos_PartB::MarkDefaultVar
                        0x2000'40f2    0x1  Data  Lc  user_external_flash.o [1]
eFlash_Check_Write_To_PartAB
                         0x800'a657    0x6  Code  Gb  user_external_flash.o [1]
eFlash_Default_Struct_Init_Pos
                         0x800'a485   0x16  Code  Gb  user_external_flash.o [1]
eFlash_Get_Step_From_Queue
                         0x800'a449   0x36  Code  Gb  user_external_flash.o [1]
eFlash_Init              0x800'a2f9   0x58  Code  Gb  user_external_flash.o [1]
eFlash_Is_Queue_Read_Empty
                         0x800'a581   0x14  Code  Gb  user_external_flash.o [1]
eFlash_Is_Queue_Write_Empty
                         0x800'a595   0x14  Code  Gb  user_external_flash.o [1]
eFlash_Push_Block_To_Queue
                         0x800'a419   0x30  Code  Gb  user_external_flash.o [1]
eFlash_Push_Step_Erase_Chip
                         0x800'a4a7    0xe  Code  Gb  user_external_flash.o [1]
eFlash_Push_Step_Erase_Sector
                         0x800'a49b    0xc  Code  Gb  user_external_flash.o [1]
eFlash_Push_Step_To_Queue
                         0x800'a3e3   0x36  Code  Gb  user_external_flash.o [1]
eFlash_Send_Address      0x800'a3d7    0xc  Code  Gb  user_external_flash.o [1]
eFlash_Send_To_Queue_Read
                         0x800'a63f   0x18  Code  Gb  user_external_flash.o [1]
eFlash_Send_To_Queue_Write
                         0x800'a65d   0x18  Code  Gb  user_external_flash.o [1]
eFlash_Setup_Init        0x800'a571   0x10  Code  Gb  user_external_flash.o [1]
eFlash_Status            0x800'a569    0x8  Code  Gb  user_external_flash.o [1]
eFlash_Task              0x800'a351   0x86  Code  Gb  user_external_flash.o [1]
eFlash_Test_Write        0x800'a4b5   0xb4  Code  Gb  user_external_flash.o [1]
eFlash_Test_Write::Retry
                        0x2000'40f0    0x1  Data  Lc  user_external_flash.o [1]
exit                     0x801'1273    0x4  Code  Gb  exit.o [2]
fPushBlockSimStepToQueue
                         0x800'28ad   0x30  Code  Gb  user_sim.o [1]
fPushSimStepToQueue      0x800'2865   0x48  Code  Gb  user_sim.o [1]
fevent_active            0x800'3721   0x1e  Code  Gb  event_driven.o [1]
fevent_enable            0x800'373f   0x24  Code  Gb  event_driven.o [1]
fevent_sim_at_send_handler
                         0x800'2399  0x100  Code  Lc  user_sim.o [1]
fevent_sim_at_send_ok_handler
                         0x800'2499   0xec  Code  Lc  user_sim.o [1]
fevent_sim_at_send_timeout_handler
                         0x800'2585   0x8c  Code  Lc  user_sim.o [1]
fevent_sim_dtr_pin_handler
                         0x800'27b1   0x28  Code  Lc  user_sim.o [1]
fevent_sim_dtr_pin_handler::DTR_PIN_Control_u8
                        0x2000'40f6    0x1  Data  Lc  user_sim.o [1]
fevent_sim_hard_reset_handler
                         0x800'2799   0x12  Code  Lc  user_sim.o [1]
fevent_sim_power_off_handler
                         0x800'27d9   0x8c  Code  Lc  user_sim.o [1]
fevent_sim_turn_on_handler
                         0x800'2679  0x120  Code  Lc  user_sim.o [1]
fevent_sim_uart_receive_handler
                         0x800'2611   0x68  Code  Lc  user_sim.o [1]
fevent_sim_uart_receive_handler::LastLengthRecv
                        0x2000'40de    0x2  Data  Lc  user_sim.o [1]
fevent_sim_uart_receive_handler::MarkFirst
                        0x2000'40f5    0x1  Data  Lc  user_sim.o [1]
fevent_sim_wake_up_handler
                         0x800'27ab    0x6  Code  Lc  user_sim.o [1]
hadc                    0x2000'3c20   0x54  Data  Gb  adc.o [1]
hi2c1                   0x2000'3c74   0x54  Data  Gb  i2c.o [1]
hrtc                    0x2000'3e98   0x20  Data  Gb  rtc.o [1]
hspi2                   0x2000'3bc8   0x58  Data  Gb  spi.o [1]
huart1                  0x2000'3cc8   0x44  Data  Gb  usart.o [1]
huart2                  0x2000'3d0c   0x44  Data  Gb  usart.o [1]
huart3                  0x2000'3d50   0x44  Data  Gb  usart.o [1]
mConnect_MQTT            0x800'd9ef   0x46  Code  Gb  user_mqtt.o [1]
mData_MQTT               0x800'ca3d   0x76  Code  Gb  user_mqtt.o [1]
mInit_Header_Subcribe    0x800'd91b   0xd4  Code  Gb  user_mqtt.o [1]
mInit_Index_Record       0x800'230d   0x60  Code  Gb  user_modem_init.o [1]
mPayload_Load_MesErr     0x800'd4bb   0x38  Code  Gb  user_mqtt.o [1]
mPayload_Update_Add      0x800'd4a1   0x1a  Code  Gb  user_mqtt.o [1]
mPublish_MQTT            0x800'da55    0xa  Code  Gb  user_mqtt.o [1]
mSave_Index_Record       0x800'236d   0x2c  Code  Gb  user_modem_init.o [1]
mSend_Packet_MQTT        0x800'ca3b    0x2  Code  Gb  user_mqtt.o [1]
mSet_default_MQTT        0x800'c991   0x18  Code  Gb  user_mqtt.o [1]
mSubcribe_MQTT           0x800'da35   0x20  Code  Gb  user_mqtt.o [1]
mUpdate_Split_FTP        0x800'd8c1   0x58  Code  Gb  user_mqtt.o [1]
main                     0x800'c2a1   0x2c  Code  Gb  main.o [1]
memset                   0x800'370d   0x14  Code  Gb  memset.o [4]
pFlash                  0x2000'3f14   0x18  Data  Gb  stm32l1xx_hal_flash.o [1]
pFunc_Log_To_Mem        0x2000'40d4    0x4  Data  Gb  user_util.o [1]
pModemProcessIRQTimer   0x2000'40c0    0x4  Data  Gb  user_rtc.o [1]
qCopy_Data_From_Queue    0x800'9c09   0x60  Code  Lc  queue_p.o [1]
qCopy_Data_To_Queue      0x800'9b91   0x78  Code  Lc  queue_p.o [1]
qExEEPROMRead           0x2000'3f44   0x18  Data  Gb  user_external_eeprom.o [1]
qExEEPROMWrite          0x2000'3f5c   0x18  Data  Gb  user_external_eeprom.o [1]
qFlashRead              0x2000'3f8c   0x18  Data  Gb  user_external_flash.o [1]
qFlashStep              0x2000'3f74   0x18  Data  Gb  user_external_flash.o [1]
qFlashWrite             0x2000'3fa4   0x18  Data  Gb  user_external_flash.o [1]
qGet_Number_Items        0x800'9c69    0x4  Code  Gb  queue_p.o [1]
qOnFlashRead            0x2000'3fbc   0x18  Data  Gb  user_internal_mem.o [1]
qOnFlashWrite           0x2000'3fd4   0x18  Data  Gb  user_internal_mem.o [1]
qQueue_Back_Item         0x800'9c6d   0x54  Code  Gb  queue_p.o [1]
qQueue_Clear             0x800'9b37    0xe  Code  Gb  queue_p.o [1]
qQueue_Create            0x800'9b09   0x2e  Code  Gb  queue_p.o [1]
qQueue_Receive           0x800'9b6f   0x22  Code  Gb  queue_p.o [1]
qQueue_Send              0x800'9b45   0x2a  Code  Gb  queue_p.o [1]
qSimStep                0x2000'4034   0x18  Data  Gb  user_sim.o [1]
sAppMem                 0x2000'4064   0x10  Data  Gb  user_app_mem.o [1]
sAppSimVar              0x2000'012c   0x14  Data  Gb  user_app_sim.o [1]
sBattery                0x2000'40a4    0x8  Data  Gb  user_app_temh.o [1]
sEventAppComm           0x2000'000c   0x60  Data  Gb  user_app_comm.o [1]
sEventAppMem            0x2000'0074   0x60  Data  Gb  user_app_mem.o [1]
sEventAppSim            0x2000'00d4   0x40  Data  Gb  user_app_sim.o [1]
sEventAppTempH          0x2000'0140   0x80  Data  Gb  user_app_temh.o [1]
sEventExEEPROM          0x2000'0290   0x30  Data  Gb  user_external_eeprom.o [1]
sEventExFlash           0x2000'0400   0x40  Data  Gb  user_external_flash.o [1]
sEventOnChipFlash       0x2000'066c   0x30  Data  Gb  user_internal_mem.o [1]
sEventSim               0x2000'0990   0x90  Data  Gb  user_sim.o [1]
sExEEPROM               0x2000'02c0  0x140  Data  Gb  user_external_eeprom.o [1]
sExFlash                0x2000'052c  0x140  Data  Gb  user_external_flash.o [1]
sExFlashInit            0x2000'4074    0xc  Data  Gb  user_external_flash.o [1]
sFROM_Manager           0x2000'40b4    0x4  Data  Gb  cat24mxx.o [1]
sFileSys                0x2000'0d98   0x44  Data  Gb  user_sim_common.o [1]
sFirmVersion            0x2000'006c    0x8  Data  Gb  user_app_comm.o [1]
sFreqInfor              0x2000'091c    0xc  Data  Gb  user_modem.o [1]
sFuncCBModem            0x2000'40c4    0x4  Data  Gb  user_sim.o [1]
sLPMFeatureHandler      0x2000'40bc    0x4  Data  Gb  user_lpm.o [1]
sMQTT                   0x2000'3910   0xc4  Data  Gb  user_mqtt.o [1]
sMark_DCU_Type           0x801'08e0   0x54  Data  Gb  user_mqtt.o [1]
sMark_MessageRecei_Type
                         0x801'07d8   0x90  Data  Gb  user_mqtt.o [1]
sMark_MessageSend_Type   0x801'0430  0x1b0  Data  Gb  user_mqtt.o [1]
sMeterThreshold         0x2000'01c0   0x10  Data  Gb  user_app_temh.o [1]
sModem                  0x2000'08d0   0x4c  Data  Gb  user_modem.o [1]
sModemCallBackToSimHandler
                        0x2000'0114   0x18  Data  Gb  user_app_sim.o [1]
sModemLPMHandler        0x2000'0928   0x10  Data  Gb  user_modem.o [1]
sOnFlash                0x2000'069c  0x140  Data  Gb  user_internal_mem.o [1]
sQFlashRead             0x2000'39d4   0xa0  Data  Lc  user_external_flash.o [1]
sQFlashWrite            0x2000'0e00  0xa50  Data  Lc  user_external_flash.o [1]
sRTC                    0x2000'4098    0xc  Data  Gb  user_util.o [1]
sRTCSet                 0x2000'4080    0xc  Data  Gb  user_modem.o [1]
sRecEvent               0x2000'0828   0x38  Data  Gb  user_modem.o [1]
sRecGPS                 0x2000'0898   0x38  Data  Gb  user_modem.o [1]
sRecLog                 0x2000'0860   0x38  Data  Gb  user_modem.o [1]
sRecTSVH                0x2000'07f0   0x38  Data  Gb  user_modem.o [1]
sSimCallBackHandler     0x2000'0a44   0x10  Data  Gb  user_sim.o [1]
sSimCommFuncCallBack    0x2000'40c8    0x4  Data  Gb  user_sim_common.o [1]
sSimCommon              0x2000'3af4   0x70  Data  Gb  user_sim_common.o [1]
sSimFwUpdate            0x2000'0d48   0x50  Data  Gb  user_sim_common.o [1]
sSimInfor               0x2000'0cc4   0x84  Data  Gb  user_sim_common.o [1]
sSimVar                 0x2000'0a28   0x1c  Data  Gb  user_sim.o [1]
sTempHumi               0x2000'01d0   0x54  Data  Gb  user_app_temh.o [1]
sUart485                0x2000'0224    0x8  Data  Gb  user_app_temh.o [1]
sUartDebug              0x2000'0df4    0x8  Data  Gb  user_uart.o [1]
sUartSim                0x2000'0a20    0x8  Data  Gb  user_sim.o [1]
sVout                   0x2000'40ac    0x8  Data  Gb  user_app_temh.o [1]
strchr                   0x800'e6f1         Code  Gb  strchr.o [4]
strlen                   0x800'7e8d         Code  Gb  strlen.o [4]
strstr                   0x800'c885   0x2c  Code  Gb  strstr.o [2]
topicString             0x2000'408c    0xc  Data  Gb  user_mqtt.o [1]
uartSimBuffReceive      0x2000'21b0  0x4b0  Data  Gb  user_sim.o [1]
uwTick                  0x2000'40b8    0x4  Data  Gb  stm32l1xx_hal.o [1]
uwTickFreq              0x2000'0004    0x4  Data  Gb  stm32l1xx_hal.o [1]
uwTickPrio              0x2000'0000    0x4  Data  Gb  stm32l1xx_hal.o [1]
writeCString             0x800'f70d   0x34  Code  Gb  MQTTPacket.o [1]
writeChar                0x800'f6d7    0xc  Code  Gb  MQTTPacket.o [1]
writeInt                 0x800'f6e3   0x2a  Code  Gb  MQTTPacket.o [1]
writeMQTTString          0x800'f741   0x46  Code  Gb  MQTTPacket.o [1]


[1] = E:\8.2023\3.GSM_Container\EWARM\GSM_Container\Obj
[2] = dl7M_tlf.a
[3] = m7M_tl.a
[4] = rt7M_tl.a
[5] = shb_l.a

  64'656 bytes of readonly  code memory
  10'990 bytes of readonly  data memory
  17'656 bytes of readwrite data memory

Errors: none
Warnings: none
